

================================================================
== Vivado HLS Report for 'relu_ap_fixed_24_9_5_3_0_ap_ufixed_8_0_4_0_0_relu_config13_s'
================================================================
* Date:           Fri Jul 18 04:27:02 2025

* Version:        2020.1 (Build 2897737 on Wed May 27 20:21:37 MDT 2020)
* Project:        myhls_prj
* Solution:       solution1
* Product family: virtexuplus
* Target device:  xcu250-figd2104-2L-e


================================================================
== Performance Estimates
================================================================
+ Timing: 
    * Summary: 
    +--------+---------+----------+------------+
    |  Clock |  Target | Estimated| Uncertainty|
    +--------+---------+----------+------------+
    |ap_clk  | 5.00 ns | 1.627 ns |   0.62 ns  |
    +--------+---------+----------+------------+

+ Latency: 
    * Summary: 
    +---------+---------+----------+----------+-----+-----+----------+
    |  Latency (cycles) |  Latency (absolute) |  Interval | Pipeline |
    |   min   |   max   |    min   |    max   | min | max |   Type   |
    +---------+---------+----------+----------+-----+-----+----------+
    |        0|        0|   0 ns   |   0 ns   |    1|    1| function |
    +---------+---------+----------+----------+-----+-----+----------+

    + Detail: 
        * Instance: 
        N/A

        * Loop: 
        N/A



================================================================
== Utilization Estimates
================================================================
* Summary: 
+---------------------+---------+-------+---------+---------+------+
|         Name        | BRAM_18K| DSP48E|    FF   |   LUT   | URAM |
+---------------------+---------+-------+---------+---------+------+
|DSP                  |        -|      -|        -|        -|     -|
|Expression           |        -|      -|        0|     4842|     -|
|FIFO                 |        -|      -|        -|        -|     -|
|Instance             |        -|      -|        -|        -|     -|
|Memory               |        -|      -|        -|        -|     -|
|Multiplexer          |        -|      -|        -|      477|     -|
|Register             |        -|      -|      418|        -|     -|
+---------------------+---------+-------+---------+---------+------+
|Total                |        0|      0|      418|     5319|     0|
+---------------------+---------+-------+---------+---------+------+
|Available SLR        |     1344|   3072|   864000|   432000|   320|
+---------------------+---------+-------+---------+---------+------+
|Utilization SLR (%)  |        0|      0|    ~0   |        1|     0|
+---------------------+---------+-------+---------+---------+------+
|Available            |     5376|  12288|  3456000|  1728000|  1280|
+---------------------+---------+-------+---------+---------+------+
|Utilization (%)      |        0|      0|    ~0   |    ~0   |     0|
+---------------------+---------+-------+---------+---------+------+

+ Detail: 
    * Instance: 
    N/A

    * DSP48E: 
    N/A

    * Memory: 
    N/A

    * FIFO: 
    N/A

    * Expression: 
    +-----------------------------+----------+-------+---+----+------------+------------+
    |        Variable Name        | Operation| DSP48E| FF| LUT| Bitwidth P0| Bitwidth P1|
    +-----------------------------+----------+-------+---+----+------------+------------+
    |add_ln415_10_fu_1924_p2      |     +    |      0|  0|  15|           8|           8|
    |add_ln415_11_fu_2062_p2      |     +    |      0|  0|  15|           8|           8|
    |add_ln415_12_fu_2200_p2      |     +    |      0|  0|  15|           8|           8|
    |add_ln415_13_fu_2338_p2      |     +    |      0|  0|  15|           8|           8|
    |add_ln415_14_fu_2476_p2      |     +    |      0|  0|  15|           8|           8|
    |add_ln415_15_fu_2614_p2      |     +    |      0|  0|  15|           8|           8|
    |add_ln415_16_fu_2752_p2      |     +    |      0|  0|  15|           8|           8|
    |add_ln415_17_fu_2890_p2      |     +    |      0|  0|  15|           8|           8|
    |add_ln415_18_fu_3028_p2      |     +    |      0|  0|  15|           8|           8|
    |add_ln415_19_fu_3166_p2      |     +    |      0|  0|  15|           8|           8|
    |add_ln415_1_fu_682_p2        |     +    |      0|  0|  15|           8|           8|
    |add_ln415_20_fu_3304_p2      |     +    |      0|  0|  15|           8|           8|
    |add_ln415_21_fu_3442_p2      |     +    |      0|  0|  15|           8|           8|
    |add_ln415_22_fu_3580_p2      |     +    |      0|  0|  15|           8|           8|
    |add_ln415_23_fu_3718_p2      |     +    |      0|  0|  15|           8|           8|
    |add_ln415_24_fu_3856_p2      |     +    |      0|  0|  15|           8|           8|
    |add_ln415_25_fu_3994_p2      |     +    |      0|  0|  15|           8|           8|
    |add_ln415_26_fu_4132_p2      |     +    |      0|  0|  15|           8|           8|
    |add_ln415_27_fu_4270_p2      |     +    |      0|  0|  15|           8|           8|
    |add_ln415_28_fu_4408_p2      |     +    |      0|  0|  15|           8|           8|
    |add_ln415_29_fu_4546_p2      |     +    |      0|  0|  15|           8|           8|
    |add_ln415_2_fu_820_p2        |     +    |      0|  0|  15|           8|           8|
    |add_ln415_30_fu_4684_p2      |     +    |      0|  0|  15|           8|           8|
    |add_ln415_31_fu_4822_p2      |     +    |      0|  0|  15|           8|           8|
    |add_ln415_32_fu_4960_p2      |     +    |      0|  0|  15|           8|           8|
    |add_ln415_33_fu_5098_p2      |     +    |      0|  0|  15|           8|           8|
    |add_ln415_34_fu_5236_p2      |     +    |      0|  0|  15|           8|           8|
    |add_ln415_35_fu_5374_p2      |     +    |      0|  0|  15|           8|           8|
    |add_ln415_36_fu_5512_p2      |     +    |      0|  0|  15|           8|           8|
    |add_ln415_37_fu_5650_p2      |     +    |      0|  0|  15|           8|           8|
    |add_ln415_38_fu_5788_p2      |     +    |      0|  0|  15|           8|           8|
    |add_ln415_39_fu_5926_p2      |     +    |      0|  0|  15|           8|           8|
    |add_ln415_3_fu_958_p2        |     +    |      0|  0|  15|           8|           8|
    |add_ln415_40_fu_6064_p2      |     +    |      0|  0|  15|           8|           8|
    |add_ln415_41_fu_6202_p2      |     +    |      0|  0|  15|           8|           8|
    |add_ln415_42_fu_6340_p2      |     +    |      0|  0|  15|           8|           8|
    |add_ln415_43_fu_6478_p2      |     +    |      0|  0|  15|           8|           8|
    |add_ln415_44_fu_6616_p2      |     +    |      0|  0|  15|           8|           8|
    |add_ln415_45_fu_6754_p2      |     +    |      0|  0|  15|           8|           8|
    |add_ln415_46_fu_6892_p2      |     +    |      0|  0|  15|           8|           8|
    |add_ln415_47_fu_7030_p2      |     +    |      0|  0|  15|           8|           8|
    |add_ln415_48_fu_7168_p2      |     +    |      0|  0|  15|           8|           8|
    |add_ln415_49_fu_7306_p2      |     +    |      0|  0|  15|           8|           8|
    |add_ln415_4_fu_1096_p2       |     +    |      0|  0|  15|           8|           8|
    |add_ln415_50_fu_7444_p2      |     +    |      0|  0|  15|           8|           8|
    |add_ln415_51_fu_7582_p2      |     +    |      0|  0|  15|           8|           8|
    |add_ln415_5_fu_1234_p2       |     +    |      0|  0|  15|           8|           8|
    |add_ln415_6_fu_1372_p2       |     +    |      0|  0|  15|           8|           8|
    |add_ln415_7_fu_1510_p2       |     +    |      0|  0|  15|           8|           8|
    |add_ln415_8_fu_1648_p2       |     +    |      0|  0|  15|           8|           8|
    |add_ln415_9_fu_1786_p2       |     +    |      0|  0|  15|           8|           8|
    |add_ln415_fu_544_p2          |     +    |      0|  0|  15|           8|           8|
    |and_ln415_10_fu_1914_p2      |    and   |      0|  0|   2|           1|           1|
    |and_ln415_11_fu_2052_p2      |    and   |      0|  0|   2|           1|           1|
    |and_ln415_12_fu_2190_p2      |    and   |      0|  0|   2|           1|           1|
    |and_ln415_13_fu_2328_p2      |    and   |      0|  0|   2|           1|           1|
    |and_ln415_14_fu_2466_p2      |    and   |      0|  0|   2|           1|           1|
    |and_ln415_15_fu_2604_p2      |    and   |      0|  0|   2|           1|           1|
    |and_ln415_16_fu_2742_p2      |    and   |      0|  0|   2|           1|           1|
    |and_ln415_17_fu_2880_p2      |    and   |      0|  0|   2|           1|           1|
    |and_ln415_18_fu_3018_p2      |    and   |      0|  0|   2|           1|           1|
    |and_ln415_19_fu_3156_p2      |    and   |      0|  0|   2|           1|           1|
    |and_ln415_1_fu_672_p2        |    and   |      0|  0|   2|           1|           1|
    |and_ln415_20_fu_3294_p2      |    and   |      0|  0|   2|           1|           1|
    |and_ln415_21_fu_3432_p2      |    and   |      0|  0|   2|           1|           1|
    |and_ln415_22_fu_3570_p2      |    and   |      0|  0|   2|           1|           1|
    |and_ln415_23_fu_3708_p2      |    and   |      0|  0|   2|           1|           1|
    |and_ln415_24_fu_3846_p2      |    and   |      0|  0|   2|           1|           1|
    |and_ln415_25_fu_3984_p2      |    and   |      0|  0|   2|           1|           1|
    |and_ln415_26_fu_4122_p2      |    and   |      0|  0|   2|           1|           1|
    |and_ln415_27_fu_4260_p2      |    and   |      0|  0|   2|           1|           1|
    |and_ln415_28_fu_4398_p2      |    and   |      0|  0|   2|           1|           1|
    |and_ln415_29_fu_4536_p2      |    and   |      0|  0|   2|           1|           1|
    |and_ln415_2_fu_810_p2        |    and   |      0|  0|   2|           1|           1|
    |and_ln415_30_fu_4674_p2      |    and   |      0|  0|   2|           1|           1|
    |and_ln415_31_fu_4812_p2      |    and   |      0|  0|   2|           1|           1|
    |and_ln415_32_fu_4950_p2      |    and   |      0|  0|   2|           1|           1|
    |and_ln415_33_fu_5088_p2      |    and   |      0|  0|   2|           1|           1|
    |and_ln415_34_fu_5226_p2      |    and   |      0|  0|   2|           1|           1|
    |and_ln415_35_fu_5364_p2      |    and   |      0|  0|   2|           1|           1|
    |and_ln415_36_fu_5502_p2      |    and   |      0|  0|   2|           1|           1|
    |and_ln415_37_fu_5640_p2      |    and   |      0|  0|   2|           1|           1|
    |and_ln415_38_fu_5778_p2      |    and   |      0|  0|   2|           1|           1|
    |and_ln415_39_fu_5916_p2      |    and   |      0|  0|   2|           1|           1|
    |and_ln415_3_fu_948_p2        |    and   |      0|  0|   2|           1|           1|
    |and_ln415_40_fu_6054_p2      |    and   |      0|  0|   2|           1|           1|
    |and_ln415_41_fu_6192_p2      |    and   |      0|  0|   2|           1|           1|
    |and_ln415_42_fu_6330_p2      |    and   |      0|  0|   2|           1|           1|
    |and_ln415_43_fu_6468_p2      |    and   |      0|  0|   2|           1|           1|
    |and_ln415_44_fu_6606_p2      |    and   |      0|  0|   2|           1|           1|
    |and_ln415_45_fu_6744_p2      |    and   |      0|  0|   2|           1|           1|
    |and_ln415_46_fu_6882_p2      |    and   |      0|  0|   2|           1|           1|
    |and_ln415_47_fu_7020_p2      |    and   |      0|  0|   2|           1|           1|
    |and_ln415_48_fu_7158_p2      |    and   |      0|  0|   2|           1|           1|
    |and_ln415_49_fu_7296_p2      |    and   |      0|  0|   2|           1|           1|
    |and_ln415_4_fu_1086_p2       |    and   |      0|  0|   2|           1|           1|
    |and_ln415_50_fu_7434_p2      |    and   |      0|  0|   2|           1|           1|
    |and_ln415_51_fu_7572_p2      |    and   |      0|  0|   2|           1|           1|
    |and_ln415_5_fu_1224_p2       |    and   |      0|  0|   2|           1|           1|
    |and_ln415_6_fu_1362_p2       |    and   |      0|  0|   2|           1|           1|
    |and_ln415_7_fu_1500_p2       |    and   |      0|  0|   2|           1|           1|
    |and_ln415_8_fu_1638_p2       |    and   |      0|  0|   2|           1|           1|
    |and_ln415_9_fu_1776_p2       |    and   |      0|  0|   2|           1|           1|
    |and_ln415_fu_534_p2          |    and   |      0|  0|   2|           1|           1|
    |and_ln416_10_fu_1944_p2      |    and   |      0|  0|   2|           1|           1|
    |and_ln416_11_fu_2082_p2      |    and   |      0|  0|   2|           1|           1|
    |and_ln416_12_fu_2220_p2      |    and   |      0|  0|   2|           1|           1|
    |and_ln416_13_fu_2358_p2      |    and   |      0|  0|   2|           1|           1|
    |and_ln416_14_fu_2496_p2      |    and   |      0|  0|   2|           1|           1|
    |and_ln416_15_fu_2634_p2      |    and   |      0|  0|   2|           1|           1|
    |and_ln416_16_fu_2772_p2      |    and   |      0|  0|   2|           1|           1|
    |and_ln416_17_fu_2910_p2      |    and   |      0|  0|   2|           1|           1|
    |and_ln416_18_fu_3048_p2      |    and   |      0|  0|   2|           1|           1|
    |and_ln416_19_fu_3186_p2      |    and   |      0|  0|   2|           1|           1|
    |and_ln416_1_fu_702_p2        |    and   |      0|  0|   2|           1|           1|
    |and_ln416_20_fu_3324_p2      |    and   |      0|  0|   2|           1|           1|
    |and_ln416_21_fu_3462_p2      |    and   |      0|  0|   2|           1|           1|
    |and_ln416_22_fu_3600_p2      |    and   |      0|  0|   2|           1|           1|
    |and_ln416_23_fu_3738_p2      |    and   |      0|  0|   2|           1|           1|
    |and_ln416_24_fu_3876_p2      |    and   |      0|  0|   2|           1|           1|
    |and_ln416_25_fu_4014_p2      |    and   |      0|  0|   2|           1|           1|
    |and_ln416_26_fu_4152_p2      |    and   |      0|  0|   2|           1|           1|
    |and_ln416_27_fu_4290_p2      |    and   |      0|  0|   2|           1|           1|
    |and_ln416_28_fu_4428_p2      |    and   |      0|  0|   2|           1|           1|
    |and_ln416_29_fu_4566_p2      |    and   |      0|  0|   2|           1|           1|
    |and_ln416_2_fu_840_p2        |    and   |      0|  0|   2|           1|           1|
    |and_ln416_30_fu_4704_p2      |    and   |      0|  0|   2|           1|           1|
    |and_ln416_31_fu_4842_p2      |    and   |      0|  0|   2|           1|           1|
    |and_ln416_32_fu_4980_p2      |    and   |      0|  0|   2|           1|           1|
    |and_ln416_33_fu_5118_p2      |    and   |      0|  0|   2|           1|           1|
    |and_ln416_34_fu_5256_p2      |    and   |      0|  0|   2|           1|           1|
    |and_ln416_35_fu_5394_p2      |    and   |      0|  0|   2|           1|           1|
    |and_ln416_36_fu_5532_p2      |    and   |      0|  0|   2|           1|           1|
    |and_ln416_37_fu_5670_p2      |    and   |      0|  0|   2|           1|           1|
    |and_ln416_38_fu_5808_p2      |    and   |      0|  0|   2|           1|           1|
    |and_ln416_39_fu_5946_p2      |    and   |      0|  0|   2|           1|           1|
    |and_ln416_3_fu_978_p2        |    and   |      0|  0|   2|           1|           1|
    |and_ln416_40_fu_6084_p2      |    and   |      0|  0|   2|           1|           1|
    |and_ln416_41_fu_6222_p2      |    and   |      0|  0|   2|           1|           1|
    |and_ln416_42_fu_6360_p2      |    and   |      0|  0|   2|           1|           1|
    |and_ln416_43_fu_6498_p2      |    and   |      0|  0|   2|           1|           1|
    |and_ln416_44_fu_6636_p2      |    and   |      0|  0|   2|           1|           1|
    |and_ln416_45_fu_6774_p2      |    and   |      0|  0|   2|           1|           1|
    |and_ln416_46_fu_6912_p2      |    and   |      0|  0|   2|           1|           1|
    |and_ln416_47_fu_7050_p2      |    and   |      0|  0|   2|           1|           1|
    |and_ln416_48_fu_7188_p2      |    and   |      0|  0|   2|           1|           1|
    |and_ln416_49_fu_7326_p2      |    and   |      0|  0|   2|           1|           1|
    |and_ln416_4_fu_1116_p2       |    and   |      0|  0|   2|           1|           1|
    |and_ln416_50_fu_7464_p2      |    and   |      0|  0|   2|           1|           1|
    |and_ln416_51_fu_7602_p2      |    and   |      0|  0|   2|           1|           1|
    |and_ln416_5_fu_1254_p2       |    and   |      0|  0|   2|           1|           1|
    |and_ln416_6_fu_1392_p2       |    and   |      0|  0|   2|           1|           1|
    |and_ln416_7_fu_1530_p2       |    and   |      0|  0|   2|           1|           1|
    |and_ln416_8_fu_1668_p2       |    and   |      0|  0|   2|           1|           1|
    |and_ln416_9_fu_1806_p2       |    and   |      0|  0|   2|           1|           1|
    |and_ln416_fu_564_p2          |    and   |      0|  0|   2|           1|           1|
    |icmp_ln1494_10_fu_1858_p2    |   icmp   |      0|  0|  20|          20|           1|
    |icmp_ln1494_11_fu_1996_p2    |   icmp   |      0|  0|  20|          20|           1|
    |icmp_ln1494_12_fu_2134_p2    |   icmp   |      0|  0|  20|          20|           1|
    |icmp_ln1494_13_fu_2272_p2    |   icmp   |      0|  0|  20|          19|           1|
    |icmp_ln1494_14_fu_2410_p2    |   icmp   |      0|  0|  20|          20|           1|
    |icmp_ln1494_15_fu_2548_p2    |   icmp   |      0|  0|  20|          20|           1|
    |icmp_ln1494_16_fu_2686_p2    |   icmp   |      0|  0|  20|          19|           1|
    |icmp_ln1494_17_fu_2824_p2    |   icmp   |      0|  0|  20|          19|           1|
    |icmp_ln1494_18_fu_2962_p2    |   icmp   |      0|  0|  20|          20|           1|
    |icmp_ln1494_19_fu_3100_p2    |   icmp   |      0|  0|  20|          20|           1|
    |icmp_ln1494_1_fu_616_p2      |   icmp   |      0|  0|  20|          20|           1|
    |icmp_ln1494_20_fu_3238_p2    |   icmp   |      0|  0|  20|          20|           1|
    |icmp_ln1494_21_fu_3376_p2    |   icmp   |      0|  0|  20|          20|           1|
    |icmp_ln1494_22_fu_3514_p2    |   icmp   |      0|  0|  20|          20|           1|
    |icmp_ln1494_23_fu_3652_p2    |   icmp   |      0|  0|  20|          19|           1|
    |icmp_ln1494_24_fu_3790_p2    |   icmp   |      0|  0|  20|          20|           1|
    |icmp_ln1494_25_fu_3928_p2    |   icmp   |      0|  0|  20|          20|           1|
    |icmp_ln1494_26_fu_4066_p2    |   icmp   |      0|  0|  20|          20|           1|
    |icmp_ln1494_27_fu_4204_p2    |   icmp   |      0|  0|  20|          20|           1|
    |icmp_ln1494_28_fu_4342_p2    |   icmp   |      0|  0|  20|          20|           1|
    |icmp_ln1494_29_fu_4480_p2    |   icmp   |      0|  0|  20|          19|           1|
    |icmp_ln1494_2_fu_754_p2      |   icmp   |      0|  0|  20|          20|           1|
    |icmp_ln1494_30_fu_4618_p2    |   icmp   |      0|  0|  20|          20|           1|
    |icmp_ln1494_31_fu_4756_p2    |   icmp   |      0|  0|  20|          20|           1|
    |icmp_ln1494_32_fu_4894_p2    |   icmp   |      0|  0|  20|          20|           1|
    |icmp_ln1494_33_fu_5032_p2    |   icmp   |      0|  0|  20|          20|           1|
    |icmp_ln1494_34_fu_5170_p2    |   icmp   |      0|  0|  20|          19|           1|
    |icmp_ln1494_35_fu_5308_p2    |   icmp   |      0|  0|  20|          20|           1|
    |icmp_ln1494_36_fu_5446_p2    |   icmp   |      0|  0|  20|          20|           1|
    |icmp_ln1494_37_fu_5584_p2    |   icmp   |      0|  0|  20|          20|           1|
    |icmp_ln1494_38_fu_5722_p2    |   icmp   |      0|  0|  20|          20|           1|
    |icmp_ln1494_39_fu_5860_p2    |   icmp   |      0|  0|  20|          20|           1|
    |icmp_ln1494_3_fu_892_p2      |   icmp   |      0|  0|  20|          19|           1|
    |icmp_ln1494_40_fu_5998_p2    |   icmp   |      0|  0|  20|          19|           1|
    |icmp_ln1494_41_fu_6136_p2    |   icmp   |      0|  0|  20|          20|           1|
    |icmp_ln1494_42_fu_6274_p2    |   icmp   |      0|  0|  20|          20|           1|
    |icmp_ln1494_43_fu_6412_p2    |   icmp   |      0|  0|  20|          20|           1|
    |icmp_ln1494_44_fu_6550_p2    |   icmp   |      0|  0|  20|          19|           1|
    |icmp_ln1494_45_fu_6688_p2    |   icmp   |      0|  0|  20|          20|           1|
    |icmp_ln1494_46_fu_6826_p2    |   icmp   |      0|  0|  20|          20|           1|
    |icmp_ln1494_47_fu_6964_p2    |   icmp   |      0|  0|  20|          20|           1|
    |icmp_ln1494_48_fu_7102_p2    |   icmp   |      0|  0|  20|          20|           1|
    |icmp_ln1494_49_fu_7240_p2    |   icmp   |      0|  0|  20|          19|           1|
    |icmp_ln1494_4_fu_1030_p2     |   icmp   |      0|  0|  20|          19|           1|
    |icmp_ln1494_50_fu_7378_p2    |   icmp   |      0|  0|  20|          19|           1|
    |icmp_ln1494_51_fu_7516_p2    |   icmp   |      0|  0|  20|          20|           1|
    |icmp_ln1494_5_fu_1168_p2     |   icmp   |      0|  0|  20|          20|           1|
    |icmp_ln1494_6_fu_1306_p2     |   icmp   |      0|  0|  20|          20|           1|
    |icmp_ln1494_7_fu_1444_p2     |   icmp   |      0|  0|  20|          20|           1|
    |icmp_ln1494_8_fu_1582_p2     |   icmp   |      0|  0|  20|          20|           1|
    |icmp_ln1494_9_fu_1720_p2     |   icmp   |      0|  0|  20|          20|           1|
    |icmp_ln1494_fu_478_p2        |   icmp   |      0|  0|  20|          20|           1|
    |icmp_ln718_10_fu_1886_p2     |   icmp   |      0|  0|  11|           6|           1|
    |icmp_ln718_11_fu_2024_p2     |   icmp   |      0|  0|  11|           6|           1|
    |icmp_ln718_12_fu_2162_p2     |   icmp   |      0|  0|  11|           6|           1|
    |icmp_ln718_13_fu_2300_p2     |   icmp   |      0|  0|  11|           6|           1|
    |icmp_ln718_14_fu_2438_p2     |   icmp   |      0|  0|  11|           6|           1|
    |icmp_ln718_15_fu_2576_p2     |   icmp   |      0|  0|  11|           6|           1|
    |icmp_ln718_16_fu_2714_p2     |   icmp   |      0|  0|  11|           6|           1|
    |icmp_ln718_17_fu_2852_p2     |   icmp   |      0|  0|  11|           6|           1|
    |icmp_ln718_18_fu_2990_p2     |   icmp   |      0|  0|  11|           6|           1|
    |icmp_ln718_19_fu_3128_p2     |   icmp   |      0|  0|  11|           6|           1|
    |icmp_ln718_1_fu_644_p2       |   icmp   |      0|  0|  11|           6|           1|
    |icmp_ln718_20_fu_3266_p2     |   icmp   |      0|  0|  11|           6|           1|
    |icmp_ln718_21_fu_3404_p2     |   icmp   |      0|  0|  11|           6|           1|
    |icmp_ln718_22_fu_3542_p2     |   icmp   |      0|  0|  11|           6|           1|
    |icmp_ln718_23_fu_3680_p2     |   icmp   |      0|  0|  11|           6|           1|
    |icmp_ln718_24_fu_3818_p2     |   icmp   |      0|  0|  11|           6|           1|
    |icmp_ln718_25_fu_3956_p2     |   icmp   |      0|  0|  11|           6|           1|
    |icmp_ln718_26_fu_4094_p2     |   icmp   |      0|  0|  11|           6|           1|
    |icmp_ln718_27_fu_4232_p2     |   icmp   |      0|  0|  11|           6|           1|
    |icmp_ln718_28_fu_4370_p2     |   icmp   |      0|  0|  11|           6|           1|
    |icmp_ln718_29_fu_4508_p2     |   icmp   |      0|  0|  11|           6|           1|
    |icmp_ln718_2_fu_782_p2       |   icmp   |      0|  0|  11|           6|           1|
    |icmp_ln718_30_fu_4646_p2     |   icmp   |      0|  0|  11|           6|           1|
    |icmp_ln718_31_fu_4784_p2     |   icmp   |      0|  0|  11|           6|           1|
    |icmp_ln718_32_fu_4922_p2     |   icmp   |      0|  0|  11|           6|           1|
    |icmp_ln718_33_fu_5060_p2     |   icmp   |      0|  0|  11|           6|           1|
    |icmp_ln718_34_fu_5198_p2     |   icmp   |      0|  0|  11|           6|           1|
    |icmp_ln718_35_fu_5336_p2     |   icmp   |      0|  0|  11|           6|           1|
    |icmp_ln718_36_fu_5474_p2     |   icmp   |      0|  0|  11|           6|           1|
    |icmp_ln718_37_fu_5612_p2     |   icmp   |      0|  0|  11|           6|           1|
    |icmp_ln718_38_fu_5750_p2     |   icmp   |      0|  0|  11|           6|           1|
    |icmp_ln718_39_fu_5888_p2     |   icmp   |      0|  0|  11|           6|           1|
    |icmp_ln718_3_fu_920_p2       |   icmp   |      0|  0|  11|           6|           1|
    |icmp_ln718_40_fu_6026_p2     |   icmp   |      0|  0|  11|           6|           1|
    |icmp_ln718_41_fu_6164_p2     |   icmp   |      0|  0|  11|           6|           1|
    |icmp_ln718_42_fu_6302_p2     |   icmp   |      0|  0|  11|           6|           1|
    |icmp_ln718_43_fu_6440_p2     |   icmp   |      0|  0|  11|           6|           1|
    |icmp_ln718_44_fu_6578_p2     |   icmp   |      0|  0|  11|           6|           1|
    |icmp_ln718_45_fu_6716_p2     |   icmp   |      0|  0|  11|           6|           1|
    |icmp_ln718_46_fu_6854_p2     |   icmp   |      0|  0|  11|           6|           1|
    |icmp_ln718_47_fu_6992_p2     |   icmp   |      0|  0|  11|           6|           1|
    |icmp_ln718_48_fu_7130_p2     |   icmp   |      0|  0|  11|           6|           1|
    |icmp_ln718_49_fu_7268_p2     |   icmp   |      0|  0|  11|           6|           1|
    |icmp_ln718_4_fu_1058_p2      |   icmp   |      0|  0|  11|           6|           1|
    |icmp_ln718_50_fu_7406_p2     |   icmp   |      0|  0|  11|           6|           1|
    |icmp_ln718_51_fu_7544_p2     |   icmp   |      0|  0|  11|           6|           1|
    |icmp_ln718_5_fu_1196_p2      |   icmp   |      0|  0|  11|           6|           1|
    |icmp_ln718_6_fu_1334_p2      |   icmp   |      0|  0|  11|           6|           1|
    |icmp_ln718_7_fu_1472_p2      |   icmp   |      0|  0|  11|           6|           1|
    |icmp_ln718_8_fu_1610_p2      |   icmp   |      0|  0|  11|           6|           1|
    |icmp_ln718_9_fu_1748_p2      |   icmp   |      0|  0|  11|           6|           1|
    |icmp_ln718_fu_506_p2         |   icmp   |      0|  0|  11|           6|           1|
    |icmp_ln768_10_fu_1966_p2     |   icmp   |      0|  0|  11|           5|           1|
    |icmp_ln768_11_fu_2104_p2     |   icmp   |      0|  0|  11|           5|           1|
    |icmp_ln768_12_fu_2242_p2     |   icmp   |      0|  0|  11|           5|           1|
    |icmp_ln768_13_fu_2380_p2     |   icmp   |      0|  0|   9|           4|           1|
    |icmp_ln768_14_fu_2518_p2     |   icmp   |      0|  0|  11|           5|           1|
    |icmp_ln768_15_fu_2656_p2     |   icmp   |      0|  0|  11|           5|           1|
    |icmp_ln768_16_fu_2794_p2     |   icmp   |      0|  0|   9|           4|           1|
    |icmp_ln768_17_fu_2932_p2     |   icmp   |      0|  0|   9|           4|           1|
    |icmp_ln768_18_fu_3070_p2     |   icmp   |      0|  0|  11|           5|           1|
    |icmp_ln768_19_fu_3208_p2     |   icmp   |      0|  0|  11|           5|           1|
    |icmp_ln768_1_fu_724_p2       |   icmp   |      0|  0|  11|           5|           1|
    |icmp_ln768_20_fu_3346_p2     |   icmp   |      0|  0|  11|           5|           1|
    |icmp_ln768_21_fu_3484_p2     |   icmp   |      0|  0|  11|           5|           1|
    |icmp_ln768_22_fu_3622_p2     |   icmp   |      0|  0|  11|           5|           1|
    |icmp_ln768_23_fu_3760_p2     |   icmp   |      0|  0|   9|           4|           1|
    |icmp_ln768_24_fu_3898_p2     |   icmp   |      0|  0|  11|           5|           1|
    |icmp_ln768_25_fu_4036_p2     |   icmp   |      0|  0|  11|           5|           1|
    |icmp_ln768_26_fu_4174_p2     |   icmp   |      0|  0|  11|           5|           1|
    |icmp_ln768_27_fu_4312_p2     |   icmp   |      0|  0|  11|           5|           1|
    |icmp_ln768_28_fu_4450_p2     |   icmp   |      0|  0|  11|           5|           1|
    |icmp_ln768_29_fu_4588_p2     |   icmp   |      0|  0|   9|           4|           1|
    |icmp_ln768_2_fu_862_p2       |   icmp   |      0|  0|  11|           5|           1|
    |icmp_ln768_30_fu_4726_p2     |   icmp   |      0|  0|  11|           5|           1|
    |icmp_ln768_31_fu_4864_p2     |   icmp   |      0|  0|  11|           5|           1|
    |icmp_ln768_32_fu_5002_p2     |   icmp   |      0|  0|  11|           5|           1|
    |icmp_ln768_33_fu_5140_p2     |   icmp   |      0|  0|  11|           5|           1|
    |icmp_ln768_34_fu_5278_p2     |   icmp   |      0|  0|   9|           4|           1|
    |icmp_ln768_35_fu_5416_p2     |   icmp   |      0|  0|  11|           5|           1|
    |icmp_ln768_36_fu_5554_p2     |   icmp   |      0|  0|  11|           5|           1|
    |icmp_ln768_37_fu_5692_p2     |   icmp   |      0|  0|  11|           5|           1|
    |icmp_ln768_38_fu_5830_p2     |   icmp   |      0|  0|  11|           5|           1|
    |icmp_ln768_39_fu_5968_p2     |   icmp   |      0|  0|  11|           5|           1|
    |icmp_ln768_3_fu_1000_p2      |   icmp   |      0|  0|   9|           4|           1|
    |icmp_ln768_40_fu_6106_p2     |   icmp   |      0|  0|   9|           4|           1|
    |icmp_ln768_41_fu_6244_p2     |   icmp   |      0|  0|  11|           5|           1|
    |icmp_ln768_42_fu_6382_p2     |   icmp   |      0|  0|  11|           5|           1|
    |icmp_ln768_43_fu_6520_p2     |   icmp   |      0|  0|  11|           5|           1|
    |icmp_ln768_44_fu_6658_p2     |   icmp   |      0|  0|   9|           4|           1|
    |icmp_ln768_45_fu_6796_p2     |   icmp   |      0|  0|  11|           5|           1|
    |icmp_ln768_46_fu_6934_p2     |   icmp   |      0|  0|  11|           5|           1|
    |icmp_ln768_47_fu_7072_p2     |   icmp   |      0|  0|  11|           5|           1|
    |icmp_ln768_48_fu_7210_p2     |   icmp   |      0|  0|  11|           5|           1|
    |icmp_ln768_49_fu_7348_p2     |   icmp   |      0|  0|   9|           4|           1|
    |icmp_ln768_4_fu_1138_p2      |   icmp   |      0|  0|   9|           4|           1|
    |icmp_ln768_50_fu_7486_p2     |   icmp   |      0|  0|   9|           4|           1|
    |icmp_ln768_51_fu_7624_p2     |   icmp   |      0|  0|  11|           5|           1|
    |icmp_ln768_5_fu_1276_p2      |   icmp   |      0|  0|  11|           5|           1|
    |icmp_ln768_6_fu_1414_p2      |   icmp   |      0|  0|  11|           5|           1|
    |icmp_ln768_7_fu_1552_p2      |   icmp   |      0|  0|  11|           5|           1|
    |icmp_ln768_8_fu_1690_p2      |   icmp   |      0|  0|  11|           5|           1|
    |icmp_ln768_9_fu_1828_p2      |   icmp   |      0|  0|  11|           5|           1|
    |icmp_ln768_fu_586_p2         |   icmp   |      0|  0|  11|           5|           1|
    |icmp_ln879_10_fu_1960_p2     |   icmp   |      0|  0|  11|           5|           2|
    |icmp_ln879_11_fu_2098_p2     |   icmp   |      0|  0|  11|           5|           2|
    |icmp_ln879_12_fu_2236_p2     |   icmp   |      0|  0|  11|           5|           2|
    |icmp_ln879_13_fu_2374_p2     |   icmp   |      0|  0|   9|           4|           2|
    |icmp_ln879_14_fu_2512_p2     |   icmp   |      0|  0|  11|           5|           2|
    |icmp_ln879_15_fu_2650_p2     |   icmp   |      0|  0|  11|           5|           2|
    |icmp_ln879_16_fu_2788_p2     |   icmp   |      0|  0|   9|           4|           2|
    |icmp_ln879_17_fu_2926_p2     |   icmp   |      0|  0|   9|           4|           2|
    |icmp_ln879_18_fu_3064_p2     |   icmp   |      0|  0|  11|           5|           2|
    |icmp_ln879_19_fu_3202_p2     |   icmp   |      0|  0|  11|           5|           2|
    |icmp_ln879_1_fu_718_p2       |   icmp   |      0|  0|  11|           5|           2|
    |icmp_ln879_20_fu_3340_p2     |   icmp   |      0|  0|  11|           5|           2|
    |icmp_ln879_21_fu_3478_p2     |   icmp   |      0|  0|  11|           5|           2|
    |icmp_ln879_22_fu_3616_p2     |   icmp   |      0|  0|  11|           5|           2|
    |icmp_ln879_23_fu_3754_p2     |   icmp   |      0|  0|   9|           4|           2|
    |icmp_ln879_24_fu_3892_p2     |   icmp   |      0|  0|  11|           5|           2|
    |icmp_ln879_25_fu_4030_p2     |   icmp   |      0|  0|  11|           5|           2|
    |icmp_ln879_26_fu_4168_p2     |   icmp   |      0|  0|  11|           5|           2|
    |icmp_ln879_27_fu_4306_p2     |   icmp   |      0|  0|  11|           5|           2|
    |icmp_ln879_28_fu_4444_p2     |   icmp   |      0|  0|  11|           5|           2|
    |icmp_ln879_29_fu_4582_p2     |   icmp   |      0|  0|   9|           4|           2|
    |icmp_ln879_2_fu_856_p2       |   icmp   |      0|  0|  11|           5|           2|
    |icmp_ln879_30_fu_4720_p2     |   icmp   |      0|  0|  11|           5|           2|
    |icmp_ln879_31_fu_4858_p2     |   icmp   |      0|  0|  11|           5|           2|
    |icmp_ln879_32_fu_4996_p2     |   icmp   |      0|  0|  11|           5|           2|
    |icmp_ln879_33_fu_5134_p2     |   icmp   |      0|  0|  11|           5|           2|
    |icmp_ln879_34_fu_5272_p2     |   icmp   |      0|  0|   9|           4|           2|
    |icmp_ln879_35_fu_5410_p2     |   icmp   |      0|  0|  11|           5|           2|
    |icmp_ln879_36_fu_5548_p2     |   icmp   |      0|  0|  11|           5|           2|
    |icmp_ln879_37_fu_5686_p2     |   icmp   |      0|  0|  11|           5|           2|
    |icmp_ln879_38_fu_5824_p2     |   icmp   |      0|  0|  11|           5|           2|
    |icmp_ln879_39_fu_5962_p2     |   icmp   |      0|  0|  11|           5|           2|
    |icmp_ln879_3_fu_994_p2       |   icmp   |      0|  0|   9|           4|           2|
    |icmp_ln879_40_fu_6100_p2     |   icmp   |      0|  0|   9|           4|           2|
    |icmp_ln879_41_fu_6238_p2     |   icmp   |      0|  0|  11|           5|           2|
    |icmp_ln879_42_fu_6376_p2     |   icmp   |      0|  0|  11|           5|           2|
    |icmp_ln879_43_fu_6514_p2     |   icmp   |      0|  0|  11|           5|           2|
    |icmp_ln879_44_fu_6652_p2     |   icmp   |      0|  0|   9|           4|           2|
    |icmp_ln879_45_fu_6790_p2     |   icmp   |      0|  0|  11|           5|           2|
    |icmp_ln879_46_fu_6928_p2     |   icmp   |      0|  0|  11|           5|           2|
    |icmp_ln879_47_fu_7066_p2     |   icmp   |      0|  0|  11|           5|           2|
    |icmp_ln879_48_fu_7204_p2     |   icmp   |      0|  0|  11|           5|           2|
    |icmp_ln879_49_fu_7342_p2     |   icmp   |      0|  0|   9|           4|           2|
    |icmp_ln879_4_fu_1132_p2      |   icmp   |      0|  0|   9|           4|           2|
    |icmp_ln879_50_fu_7480_p2     |   icmp   |      0|  0|   9|           4|           2|
    |icmp_ln879_51_fu_7618_p2     |   icmp   |      0|  0|  11|           5|           2|
    |icmp_ln879_5_fu_1270_p2      |   icmp   |      0|  0|  11|           5|           2|
    |icmp_ln879_6_fu_1408_p2      |   icmp   |      0|  0|  11|           5|           2|
    |icmp_ln879_7_fu_1546_p2      |   icmp   |      0|  0|  11|           5|           2|
    |icmp_ln879_8_fu_1684_p2      |   icmp   |      0|  0|  11|           5|           2|
    |icmp_ln879_9_fu_1822_p2      |   icmp   |      0|  0|  11|           5|           2|
    |icmp_ln879_fu_580_p2         |   icmp   |      0|  0|  11|           5|           2|
    |ap_block_state1              |    or    |      0|  0|   2|           1|           1|
    |or_ln412_10_fu_1900_p2       |    or    |      0|  0|   2|           1|           1|
    |or_ln412_11_fu_2038_p2       |    or    |      0|  0|   2|           1|           1|
    |or_ln412_12_fu_2176_p2       |    or    |      0|  0|   2|           1|           1|
    |or_ln412_13_fu_2314_p2       |    or    |      0|  0|   2|           1|           1|
    |or_ln412_14_fu_2452_p2       |    or    |      0|  0|   2|           1|           1|
    |or_ln412_15_fu_2590_p2       |    or    |      0|  0|   2|           1|           1|
    |or_ln412_16_fu_2728_p2       |    or    |      0|  0|   2|           1|           1|
    |or_ln412_17_fu_2866_p2       |    or    |      0|  0|   2|           1|           1|
    |or_ln412_18_fu_3004_p2       |    or    |      0|  0|   2|           1|           1|
    |or_ln412_19_fu_3142_p2       |    or    |      0|  0|   2|           1|           1|
    |or_ln412_1_fu_658_p2         |    or    |      0|  0|   2|           1|           1|
    |or_ln412_20_fu_3280_p2       |    or    |      0|  0|   2|           1|           1|
    |or_ln412_21_fu_3418_p2       |    or    |      0|  0|   2|           1|           1|
    |or_ln412_22_fu_3556_p2       |    or    |      0|  0|   2|           1|           1|
    |or_ln412_23_fu_3694_p2       |    or    |      0|  0|   2|           1|           1|
    |or_ln412_24_fu_3832_p2       |    or    |      0|  0|   2|           1|           1|
    |or_ln412_25_fu_3970_p2       |    or    |      0|  0|   2|           1|           1|
    |or_ln412_26_fu_4108_p2       |    or    |      0|  0|   2|           1|           1|
    |or_ln412_27_fu_4246_p2       |    or    |      0|  0|   2|           1|           1|
    |or_ln412_28_fu_4384_p2       |    or    |      0|  0|   2|           1|           1|
    |or_ln412_29_fu_4522_p2       |    or    |      0|  0|   2|           1|           1|
    |or_ln412_2_fu_796_p2         |    or    |      0|  0|   2|           1|           1|
    |or_ln412_30_fu_4660_p2       |    or    |      0|  0|   2|           1|           1|
    |or_ln412_31_fu_4798_p2       |    or    |      0|  0|   2|           1|           1|
    |or_ln412_32_fu_4936_p2       |    or    |      0|  0|   2|           1|           1|
    |or_ln412_33_fu_5074_p2       |    or    |      0|  0|   2|           1|           1|
    |or_ln412_34_fu_5212_p2       |    or    |      0|  0|   2|           1|           1|
    |or_ln412_35_fu_5350_p2       |    or    |      0|  0|   2|           1|           1|
    |or_ln412_36_fu_5488_p2       |    or    |      0|  0|   2|           1|           1|
    |or_ln412_37_fu_5626_p2       |    or    |      0|  0|   2|           1|           1|
    |or_ln412_38_fu_5764_p2       |    or    |      0|  0|   2|           1|           1|
    |or_ln412_39_fu_5902_p2       |    or    |      0|  0|   2|           1|           1|
    |or_ln412_3_fu_934_p2         |    or    |      0|  0|   2|           1|           1|
    |or_ln412_40_fu_6040_p2       |    or    |      0|  0|   2|           1|           1|
    |or_ln412_41_fu_6178_p2       |    or    |      0|  0|   2|           1|           1|
    |or_ln412_42_fu_6316_p2       |    or    |      0|  0|   2|           1|           1|
    |or_ln412_43_fu_6454_p2       |    or    |      0|  0|   2|           1|           1|
    |or_ln412_44_fu_6592_p2       |    or    |      0|  0|   2|           1|           1|
    |or_ln412_45_fu_6730_p2       |    or    |      0|  0|   2|           1|           1|
    |or_ln412_46_fu_6868_p2       |    or    |      0|  0|   2|           1|           1|
    |or_ln412_47_fu_7006_p2       |    or    |      0|  0|   2|           1|           1|
    |or_ln412_48_fu_7144_p2       |    or    |      0|  0|   2|           1|           1|
    |or_ln412_49_fu_7282_p2       |    or    |      0|  0|   2|           1|           1|
    |or_ln412_4_fu_1072_p2        |    or    |      0|  0|   2|           1|           1|
    |or_ln412_50_fu_7420_p2       |    or    |      0|  0|   2|           1|           1|
    |or_ln412_51_fu_7558_p2       |    or    |      0|  0|   2|           1|           1|
    |or_ln412_5_fu_1210_p2        |    or    |      0|  0|   2|           1|           1|
    |or_ln412_6_fu_1348_p2        |    or    |      0|  0|   2|           1|           1|
    |or_ln412_7_fu_1486_p2        |    or    |      0|  0|   2|           1|           1|
    |or_ln412_8_fu_1624_p2        |    or    |      0|  0|   2|           1|           1|
    |or_ln412_9_fu_1762_p2        |    or    |      0|  0|   2|           1|           1|
    |or_ln412_fu_520_p2           |    or    |      0|  0|   2|           1|           1|
    |select_ln1494_10_fu_1988_p3  |  select  |      0|  0|   8|           1|           8|
    |select_ln1494_11_fu_2126_p3  |  select  |      0|  0|   8|           1|           8|
    |select_ln1494_12_fu_2264_p3  |  select  |      0|  0|   8|           1|           8|
    |select_ln1494_13_fu_2402_p3  |  select  |      0|  0|   8|           1|           8|
    |select_ln1494_14_fu_2540_p3  |  select  |      0|  0|   8|           1|           8|
    |select_ln1494_15_fu_2678_p3  |  select  |      0|  0|   8|           1|           8|
    |select_ln1494_16_fu_2816_p3  |  select  |      0|  0|   8|           1|           8|
    |select_ln1494_17_fu_2954_p3  |  select  |      0|  0|   8|           1|           8|
    |select_ln1494_18_fu_3092_p3  |  select  |      0|  0|   8|           1|           8|
    |select_ln1494_19_fu_3230_p3  |  select  |      0|  0|   8|           1|           8|
    |select_ln1494_1_fu_746_p3    |  select  |      0|  0|   8|           1|           8|
    |select_ln1494_20_fu_3368_p3  |  select  |      0|  0|   8|           1|           8|
    |select_ln1494_21_fu_3506_p3  |  select  |      0|  0|   8|           1|           8|
    |select_ln1494_22_fu_3644_p3  |  select  |      0|  0|   8|           1|           8|
    |select_ln1494_23_fu_3782_p3  |  select  |      0|  0|   8|           1|           8|
    |select_ln1494_24_fu_3920_p3  |  select  |      0|  0|   8|           1|           8|
    |select_ln1494_25_fu_4058_p3  |  select  |      0|  0|   8|           1|           8|
    |select_ln1494_26_fu_4196_p3  |  select  |      0|  0|   8|           1|           8|
    |select_ln1494_27_fu_4334_p3  |  select  |      0|  0|   8|           1|           8|
    |select_ln1494_28_fu_4472_p3  |  select  |      0|  0|   8|           1|           8|
    |select_ln1494_29_fu_4610_p3  |  select  |      0|  0|   8|           1|           8|
    |select_ln1494_2_fu_884_p3    |  select  |      0|  0|   8|           1|           8|
    |select_ln1494_30_fu_4748_p3  |  select  |      0|  0|   8|           1|           8|
    |select_ln1494_31_fu_4886_p3  |  select  |      0|  0|   8|           1|           8|
    |select_ln1494_32_fu_5024_p3  |  select  |      0|  0|   8|           1|           8|
    |select_ln1494_33_fu_5162_p3  |  select  |      0|  0|   8|           1|           8|
    |select_ln1494_34_fu_5300_p3  |  select  |      0|  0|   8|           1|           8|
    |select_ln1494_35_fu_5438_p3  |  select  |      0|  0|   8|           1|           8|
    |select_ln1494_36_fu_5576_p3  |  select  |      0|  0|   8|           1|           8|
    |select_ln1494_37_fu_5714_p3  |  select  |      0|  0|   8|           1|           8|
    |select_ln1494_38_fu_5852_p3  |  select  |      0|  0|   8|           1|           8|
    |select_ln1494_39_fu_5990_p3  |  select  |      0|  0|   8|           1|           8|
    |select_ln1494_3_fu_1022_p3   |  select  |      0|  0|   8|           1|           8|
    |select_ln1494_40_fu_6128_p3  |  select  |      0|  0|   8|           1|           8|
    |select_ln1494_41_fu_6266_p3  |  select  |      0|  0|   8|           1|           8|
    |select_ln1494_42_fu_6404_p3  |  select  |      0|  0|   8|           1|           8|
    |select_ln1494_43_fu_6542_p3  |  select  |      0|  0|   8|           1|           8|
    |select_ln1494_44_fu_6680_p3  |  select  |      0|  0|   8|           1|           8|
    |select_ln1494_45_fu_6818_p3  |  select  |      0|  0|   8|           1|           8|
    |select_ln1494_46_fu_6956_p3  |  select  |      0|  0|   8|           1|           8|
    |select_ln1494_47_fu_7094_p3  |  select  |      0|  0|   8|           1|           8|
    |select_ln1494_48_fu_7232_p3  |  select  |      0|  0|   8|           1|           8|
    |select_ln1494_49_fu_7370_p3  |  select  |      0|  0|   8|           1|           8|
    |select_ln1494_4_fu_1160_p3   |  select  |      0|  0|   8|           1|           8|
    |select_ln1494_50_fu_7508_p3  |  select  |      0|  0|   8|           1|           8|
    |select_ln1494_51_fu_7646_p3  |  select  |      0|  0|   8|           1|           8|
    |select_ln1494_5_fu_1298_p3   |  select  |      0|  0|   8|           1|           8|
    |select_ln1494_6_fu_1436_p3   |  select  |      0|  0|   8|           1|           8|
    |select_ln1494_7_fu_1574_p3   |  select  |      0|  0|   8|           1|           8|
    |select_ln1494_8_fu_1712_p3   |  select  |      0|  0|   8|           1|           8|
    |select_ln1494_9_fu_1850_p3   |  select  |      0|  0|   8|           1|           8|
    |select_ln1494_fu_608_p3      |  select  |      0|  0|   8|           1|           8|
    |select_ln340_10_fu_1980_p3   |  select  |      0|  0|   8|           1|           8|
    |select_ln340_11_fu_2118_p3   |  select  |      0|  0|   8|           1|           8|
    |select_ln340_12_fu_2256_p3   |  select  |      0|  0|   8|           1|           8|
    |select_ln340_13_fu_2394_p3   |  select  |      0|  0|   8|           1|           8|
    |select_ln340_14_fu_2532_p3   |  select  |      0|  0|   8|           1|           8|
    |select_ln340_15_fu_2670_p3   |  select  |      0|  0|   8|           1|           8|
    |select_ln340_16_fu_2808_p3   |  select  |      0|  0|   8|           1|           8|
    |select_ln340_17_fu_2946_p3   |  select  |      0|  0|   8|           1|           8|
    |select_ln340_18_fu_3084_p3   |  select  |      0|  0|   8|           1|           8|
    |select_ln340_19_fu_3222_p3   |  select  |      0|  0|   8|           1|           8|
    |select_ln340_1_fu_738_p3     |  select  |      0|  0|   8|           1|           8|
    |select_ln340_20_fu_3360_p3   |  select  |      0|  0|   8|           1|           8|
    |select_ln340_21_fu_3498_p3   |  select  |      0|  0|   8|           1|           8|
    |select_ln340_22_fu_3636_p3   |  select  |      0|  0|   8|           1|           8|
    |select_ln340_23_fu_3774_p3   |  select  |      0|  0|   8|           1|           8|
    |select_ln340_24_fu_3912_p3   |  select  |      0|  0|   8|           1|           8|
    |select_ln340_25_fu_4050_p3   |  select  |      0|  0|   8|           1|           8|
    |select_ln340_26_fu_4188_p3   |  select  |      0|  0|   8|           1|           8|
    |select_ln340_27_fu_4326_p3   |  select  |      0|  0|   8|           1|           8|
    |select_ln340_28_fu_4464_p3   |  select  |      0|  0|   8|           1|           8|
    |select_ln340_29_fu_4602_p3   |  select  |      0|  0|   8|           1|           8|
    |select_ln340_2_fu_876_p3     |  select  |      0|  0|   8|           1|           8|
    |select_ln340_30_fu_4740_p3   |  select  |      0|  0|   8|           1|           8|
    |select_ln340_31_fu_4878_p3   |  select  |      0|  0|   8|           1|           8|
    |select_ln340_32_fu_5016_p3   |  select  |      0|  0|   8|           1|           8|
    |select_ln340_33_fu_5154_p3   |  select  |      0|  0|   8|           1|           8|
    |select_ln340_34_fu_5292_p3   |  select  |      0|  0|   8|           1|           8|
    |select_ln340_35_fu_5430_p3   |  select  |      0|  0|   8|           1|           8|
    |select_ln340_36_fu_5568_p3   |  select  |      0|  0|   8|           1|           8|
    |select_ln340_37_fu_5706_p3   |  select  |      0|  0|   8|           1|           8|
    |select_ln340_38_fu_5844_p3   |  select  |      0|  0|   8|           1|           8|
    |select_ln340_39_fu_5982_p3   |  select  |      0|  0|   8|           1|           8|
    |select_ln340_3_fu_1014_p3    |  select  |      0|  0|   8|           1|           8|
    |select_ln340_40_fu_6120_p3   |  select  |      0|  0|   8|           1|           8|
    |select_ln340_41_fu_6258_p3   |  select  |      0|  0|   8|           1|           8|
    |select_ln340_42_fu_6396_p3   |  select  |      0|  0|   8|           1|           8|
    |select_ln340_43_fu_6534_p3   |  select  |      0|  0|   8|           1|           8|
    |select_ln340_44_fu_6672_p3   |  select  |      0|  0|   8|           1|           8|
    |select_ln340_45_fu_6810_p3   |  select  |      0|  0|   8|           1|           8|
    |select_ln340_46_fu_6948_p3   |  select  |      0|  0|   8|           1|           8|
    |select_ln340_47_fu_7086_p3   |  select  |      0|  0|   8|           1|           8|
    |select_ln340_48_fu_7224_p3   |  select  |      0|  0|   8|           1|           8|
    |select_ln340_49_fu_7362_p3   |  select  |      0|  0|   8|           1|           8|
    |select_ln340_4_fu_1152_p3    |  select  |      0|  0|   8|           1|           8|
    |select_ln340_50_fu_7500_p3   |  select  |      0|  0|   8|           1|           8|
    |select_ln340_51_fu_7638_p3   |  select  |      0|  0|   8|           1|           8|
    |select_ln340_5_fu_1290_p3    |  select  |      0|  0|   8|           1|           8|
    |select_ln340_6_fu_1428_p3    |  select  |      0|  0|   8|           1|           8|
    |select_ln340_7_fu_1566_p3    |  select  |      0|  0|   8|           1|           8|
    |select_ln340_8_fu_1704_p3    |  select  |      0|  0|   8|           1|           8|
    |select_ln340_9_fu_1842_p3    |  select  |      0|  0|   8|           1|           8|
    |select_ln340_fu_600_p3       |  select  |      0|  0|   8|           1|           8|
    |select_ln777_10_fu_1972_p3   |  select  |      0|  0|   2|           1|           1|
    |select_ln777_11_fu_2110_p3   |  select  |      0|  0|   2|           1|           1|
    |select_ln777_12_fu_2248_p3   |  select  |      0|  0|   2|           1|           1|
    |select_ln777_13_fu_2386_p3   |  select  |      0|  0|   2|           1|           1|
    |select_ln777_14_fu_2524_p3   |  select  |      0|  0|   2|           1|           1|
    |select_ln777_15_fu_2662_p3   |  select  |      0|  0|   2|           1|           1|
    |select_ln777_16_fu_2800_p3   |  select  |      0|  0|   2|           1|           1|
    |select_ln777_17_fu_2938_p3   |  select  |      0|  0|   2|           1|           1|
    |select_ln777_18_fu_3076_p3   |  select  |      0|  0|   2|           1|           1|
    |select_ln777_19_fu_3214_p3   |  select  |      0|  0|   2|           1|           1|
    |select_ln777_1_fu_730_p3     |  select  |      0|  0|   2|           1|           1|
    |select_ln777_20_fu_3352_p3   |  select  |      0|  0|   2|           1|           1|
    |select_ln777_21_fu_3490_p3   |  select  |      0|  0|   2|           1|           1|
    |select_ln777_22_fu_3628_p3   |  select  |      0|  0|   2|           1|           1|
    |select_ln777_23_fu_3766_p3   |  select  |      0|  0|   2|           1|           1|
    |select_ln777_24_fu_3904_p3   |  select  |      0|  0|   2|           1|           1|
    |select_ln777_25_fu_4042_p3   |  select  |      0|  0|   2|           1|           1|
    |select_ln777_26_fu_4180_p3   |  select  |      0|  0|   2|           1|           1|
    |select_ln777_27_fu_4318_p3   |  select  |      0|  0|   2|           1|           1|
    |select_ln777_28_fu_4456_p3   |  select  |      0|  0|   2|           1|           1|
    |select_ln777_29_fu_4594_p3   |  select  |      0|  0|   2|           1|           1|
    |select_ln777_2_fu_868_p3     |  select  |      0|  0|   2|           1|           1|
    |select_ln777_30_fu_4732_p3   |  select  |      0|  0|   2|           1|           1|
    |select_ln777_31_fu_4870_p3   |  select  |      0|  0|   2|           1|           1|
    |select_ln777_32_fu_5008_p3   |  select  |      0|  0|   2|           1|           1|
    |select_ln777_33_fu_5146_p3   |  select  |      0|  0|   2|           1|           1|
    |select_ln777_34_fu_5284_p3   |  select  |      0|  0|   2|           1|           1|
    |select_ln777_35_fu_5422_p3   |  select  |      0|  0|   2|           1|           1|
    |select_ln777_36_fu_5560_p3   |  select  |      0|  0|   2|           1|           1|
    |select_ln777_37_fu_5698_p3   |  select  |      0|  0|   2|           1|           1|
    |select_ln777_38_fu_5836_p3   |  select  |      0|  0|   2|           1|           1|
    |select_ln777_39_fu_5974_p3   |  select  |      0|  0|   2|           1|           1|
    |select_ln777_3_fu_1006_p3    |  select  |      0|  0|   2|           1|           1|
    |select_ln777_40_fu_6112_p3   |  select  |      0|  0|   2|           1|           1|
    |select_ln777_41_fu_6250_p3   |  select  |      0|  0|   2|           1|           1|
    |select_ln777_42_fu_6388_p3   |  select  |      0|  0|   2|           1|           1|
    |select_ln777_43_fu_6526_p3   |  select  |      0|  0|   2|           1|           1|
    |select_ln777_44_fu_6664_p3   |  select  |      0|  0|   2|           1|           1|
    |select_ln777_45_fu_6802_p3   |  select  |      0|  0|   2|           1|           1|
    |select_ln777_46_fu_6940_p3   |  select  |      0|  0|   2|           1|           1|
    |select_ln777_47_fu_7078_p3   |  select  |      0|  0|   2|           1|           1|
    |select_ln777_48_fu_7216_p3   |  select  |      0|  0|   2|           1|           1|
    |select_ln777_49_fu_7354_p3   |  select  |      0|  0|   2|           1|           1|
    |select_ln777_4_fu_1144_p3    |  select  |      0|  0|   2|           1|           1|
    |select_ln777_50_fu_7492_p3   |  select  |      0|  0|   2|           1|           1|
    |select_ln777_51_fu_7630_p3   |  select  |      0|  0|   2|           1|           1|
    |select_ln777_5_fu_1282_p3    |  select  |      0|  0|   2|           1|           1|
    |select_ln777_6_fu_1420_p3    |  select  |      0|  0|   2|           1|           1|
    |select_ln777_7_fu_1558_p3    |  select  |      0|  0|   2|           1|           1|
    |select_ln777_8_fu_1696_p3    |  select  |      0|  0|   2|           1|           1|
    |select_ln777_9_fu_1834_p3    |  select  |      0|  0|   2|           1|           1|
    |select_ln777_fu_592_p3       |  select  |      0|  0|   2|           1|           1|
    |xor_ln416_10_fu_1938_p2      |    xor   |      0|  0|   2|           1|           2|
    |xor_ln416_11_fu_2076_p2      |    xor   |      0|  0|   2|           1|           2|
    |xor_ln416_12_fu_2214_p2      |    xor   |      0|  0|   2|           1|           2|
    |xor_ln416_13_fu_2352_p2      |    xor   |      0|  0|   2|           1|           2|
    |xor_ln416_14_fu_2490_p2      |    xor   |      0|  0|   2|           1|           2|
    |xor_ln416_15_fu_2628_p2      |    xor   |      0|  0|   2|           1|           2|
    |xor_ln416_16_fu_2766_p2      |    xor   |      0|  0|   2|           1|           2|
    |xor_ln416_17_fu_2904_p2      |    xor   |      0|  0|   2|           1|           2|
    |xor_ln416_18_fu_3042_p2      |    xor   |      0|  0|   2|           1|           2|
    |xor_ln416_19_fu_3180_p2      |    xor   |      0|  0|   2|           1|           2|
    |xor_ln416_1_fu_696_p2        |    xor   |      0|  0|   2|           1|           2|
    |xor_ln416_20_fu_3318_p2      |    xor   |      0|  0|   2|           1|           2|
    |xor_ln416_21_fu_3456_p2      |    xor   |      0|  0|   2|           1|           2|
    |xor_ln416_22_fu_3594_p2      |    xor   |      0|  0|   2|           1|           2|
    |xor_ln416_23_fu_3732_p2      |    xor   |      0|  0|   2|           1|           2|
    |xor_ln416_24_fu_3870_p2      |    xor   |      0|  0|   2|           1|           2|
    |xor_ln416_25_fu_4008_p2      |    xor   |      0|  0|   2|           1|           2|
    |xor_ln416_26_fu_4146_p2      |    xor   |      0|  0|   2|           1|           2|
    |xor_ln416_27_fu_4284_p2      |    xor   |      0|  0|   2|           1|           2|
    |xor_ln416_28_fu_4422_p2      |    xor   |      0|  0|   2|           1|           2|
    |xor_ln416_29_fu_4560_p2      |    xor   |      0|  0|   2|           1|           2|
    |xor_ln416_2_fu_834_p2        |    xor   |      0|  0|   2|           1|           2|
    |xor_ln416_30_fu_4698_p2      |    xor   |      0|  0|   2|           1|           2|
    |xor_ln416_31_fu_4836_p2      |    xor   |      0|  0|   2|           1|           2|
    |xor_ln416_32_fu_4974_p2      |    xor   |      0|  0|   2|           1|           2|
    |xor_ln416_33_fu_5112_p2      |    xor   |      0|  0|   2|           1|           2|
    |xor_ln416_34_fu_5250_p2      |    xor   |      0|  0|   2|           1|           2|
    |xor_ln416_35_fu_5388_p2      |    xor   |      0|  0|   2|           1|           2|
    |xor_ln416_36_fu_5526_p2      |    xor   |      0|  0|   2|           1|           2|
    |xor_ln416_37_fu_5664_p2      |    xor   |      0|  0|   2|           1|           2|
    |xor_ln416_38_fu_5802_p2      |    xor   |      0|  0|   2|           1|           2|
    |xor_ln416_39_fu_5940_p2      |    xor   |      0|  0|   2|           1|           2|
    |xor_ln416_3_fu_972_p2        |    xor   |      0|  0|   2|           1|           2|
    |xor_ln416_40_fu_6078_p2      |    xor   |      0|  0|   2|           1|           2|
    |xor_ln416_41_fu_6216_p2      |    xor   |      0|  0|   2|           1|           2|
    |xor_ln416_42_fu_6354_p2      |    xor   |      0|  0|   2|           1|           2|
    |xor_ln416_43_fu_6492_p2      |    xor   |      0|  0|   2|           1|           2|
    |xor_ln416_44_fu_6630_p2      |    xor   |      0|  0|   2|           1|           2|
    |xor_ln416_45_fu_6768_p2      |    xor   |      0|  0|   2|           1|           2|
    |xor_ln416_46_fu_6906_p2      |    xor   |      0|  0|   2|           1|           2|
    |xor_ln416_47_fu_7044_p2      |    xor   |      0|  0|   2|           1|           2|
    |xor_ln416_48_fu_7182_p2      |    xor   |      0|  0|   2|           1|           2|
    |xor_ln416_49_fu_7320_p2      |    xor   |      0|  0|   2|           1|           2|
    |xor_ln416_4_fu_1110_p2       |    xor   |      0|  0|   2|           1|           2|
    |xor_ln416_50_fu_7458_p2      |    xor   |      0|  0|   2|           1|           2|
    |xor_ln416_51_fu_7596_p2      |    xor   |      0|  0|   2|           1|           2|
    |xor_ln416_5_fu_1248_p2       |    xor   |      0|  0|   2|           1|           2|
    |xor_ln416_6_fu_1386_p2       |    xor   |      0|  0|   2|           1|           2|
    |xor_ln416_7_fu_1524_p2       |    xor   |      0|  0|   2|           1|           2|
    |xor_ln416_8_fu_1662_p2       |    xor   |      0|  0|   2|           1|           2|
    |xor_ln416_9_fu_1800_p2       |    xor   |      0|  0|   2|           1|           2|
    |xor_ln416_fu_558_p2          |    xor   |      0|  0|   2|           1|           2|
    +-----------------------------+----------+-------+---+----+------------+------------+
    |Total                        |          |      0|  0|4842|        2617|        1821|
    +-----------------------------+----------+-------+---+----+------------+------------+

    * Multiplexer: 
    +--------------+----+-----------+-----+-----------+
    |     Name     | LUT| Input Size| Bits| Total Bits|
    +--------------+----+-----------+-----+-----------+
    |ap_done       |   9|          2|    1|          2|
    |ap_return_0   |   9|          2|    8|         16|
    |ap_return_1   |   9|          2|    8|         16|
    |ap_return_10  |   9|          2|    8|         16|
    |ap_return_11  |   9|          2|    8|         16|
    |ap_return_12  |   9|          2|    8|         16|
    |ap_return_13  |   9|          2|    8|         16|
    |ap_return_14  |   9|          2|    8|         16|
    |ap_return_15  |   9|          2|    8|         16|
    |ap_return_16  |   9|          2|    8|         16|
    |ap_return_17  |   9|          2|    8|         16|
    |ap_return_18  |   9|          2|    8|         16|
    |ap_return_19  |   9|          2|    8|         16|
    |ap_return_2   |   9|          2|    8|         16|
    |ap_return_20  |   9|          2|    8|         16|
    |ap_return_21  |   9|          2|    8|         16|
    |ap_return_22  |   9|          2|    8|         16|
    |ap_return_23  |   9|          2|    8|         16|
    |ap_return_24  |   9|          2|    8|         16|
    |ap_return_25  |   9|          2|    8|         16|
    |ap_return_26  |   9|          2|    8|         16|
    |ap_return_27  |   9|          2|    8|         16|
    |ap_return_28  |   9|          2|    8|         16|
    |ap_return_29  |   9|          2|    8|         16|
    |ap_return_3   |   9|          2|    8|         16|
    |ap_return_30  |   9|          2|    8|         16|
    |ap_return_31  |   9|          2|    8|         16|
    |ap_return_32  |   9|          2|    8|         16|
    |ap_return_33  |   9|          2|    8|         16|
    |ap_return_34  |   9|          2|    8|         16|
    |ap_return_35  |   9|          2|    8|         16|
    |ap_return_36  |   9|          2|    8|         16|
    |ap_return_37  |   9|          2|    8|         16|
    |ap_return_38  |   9|          2|    8|         16|
    |ap_return_39  |   9|          2|    8|         16|
    |ap_return_4   |   9|          2|    8|         16|
    |ap_return_40  |   9|          2|    8|         16|
    |ap_return_41  |   9|          2|    8|         16|
    |ap_return_42  |   9|          2|    8|         16|
    |ap_return_43  |   9|          2|    8|         16|
    |ap_return_44  |   9|          2|    8|         16|
    |ap_return_45  |   9|          2|    8|         16|
    |ap_return_46  |   9|          2|    8|         16|
    |ap_return_47  |   9|          2|    8|         16|
    |ap_return_48  |   9|          2|    8|         16|
    |ap_return_49  |   9|          2|    8|         16|
    |ap_return_5   |   9|          2|    8|         16|
    |ap_return_50  |   9|          2|    8|         16|
    |ap_return_51  |   9|          2|    8|         16|
    |ap_return_6   |   9|          2|    8|         16|
    |ap_return_7   |   9|          2|    8|         16|
    |ap_return_8   |   9|          2|    8|         16|
    |ap_return_9   |   9|          2|    8|         16|
    +--------------+----+-----------+-----+-----------+
    |Total         | 477|        106|  417|        834|
    +--------------+----+-----------+-----+-----------+

    * Register: 
    +-------------------+---+----+-----+-----------+
    |        Name       | FF| LUT| Bits| Const Bits|
    +-------------------+---+----+-----+-----------+
    |ap_CS_fsm          |  1|   0|    1|          0|
    |ap_done_reg        |  1|   0|    1|          0|
    |ap_return_0_preg   |  8|   0|    8|          0|
    |ap_return_10_preg  |  8|   0|    8|          0|
    |ap_return_11_preg  |  8|   0|    8|          0|
    |ap_return_12_preg  |  8|   0|    8|          0|
    |ap_return_13_preg  |  8|   0|    8|          0|
    |ap_return_14_preg  |  8|   0|    8|          0|
    |ap_return_15_preg  |  8|   0|    8|          0|
    |ap_return_16_preg  |  8|   0|    8|          0|
    |ap_return_17_preg  |  8|   0|    8|          0|
    |ap_return_18_preg  |  8|   0|    8|          0|
    |ap_return_19_preg  |  8|   0|    8|          0|
    |ap_return_1_preg   |  8|   0|    8|          0|
    |ap_return_20_preg  |  8|   0|    8|          0|
    |ap_return_21_preg  |  8|   0|    8|          0|
    |ap_return_22_preg  |  8|   0|    8|          0|
    |ap_return_23_preg  |  8|   0|    8|          0|
    |ap_return_24_preg  |  8|   0|    8|          0|
    |ap_return_25_preg  |  8|   0|    8|          0|
    |ap_return_26_preg  |  8|   0|    8|          0|
    |ap_return_27_preg  |  8|   0|    8|          0|
    |ap_return_28_preg  |  8|   0|    8|          0|
    |ap_return_29_preg  |  8|   0|    8|          0|
    |ap_return_2_preg   |  8|   0|    8|          0|
    |ap_return_30_preg  |  8|   0|    8|          0|
    |ap_return_31_preg  |  8|   0|    8|          0|
    |ap_return_32_preg  |  8|   0|    8|          0|
    |ap_return_33_preg  |  8|   0|    8|          0|
    |ap_return_34_preg  |  8|   0|    8|          0|
    |ap_return_35_preg  |  8|   0|    8|          0|
    |ap_return_36_preg  |  8|   0|    8|          0|
    |ap_return_37_preg  |  8|   0|    8|          0|
    |ap_return_38_preg  |  8|   0|    8|          0|
    |ap_return_39_preg  |  8|   0|    8|          0|
    |ap_return_3_preg   |  8|   0|    8|          0|
    |ap_return_40_preg  |  8|   0|    8|          0|
    |ap_return_41_preg  |  8|   0|    8|          0|
    |ap_return_42_preg  |  8|   0|    8|          0|
    |ap_return_43_preg  |  8|   0|    8|          0|
    |ap_return_44_preg  |  8|   0|    8|          0|
    |ap_return_45_preg  |  8|   0|    8|          0|
    |ap_return_46_preg  |  8|   0|    8|          0|
    |ap_return_47_preg  |  8|   0|    8|          0|
    |ap_return_48_preg  |  8|   0|    8|          0|
    |ap_return_49_preg  |  8|   0|    8|          0|
    |ap_return_4_preg   |  8|   0|    8|          0|
    |ap_return_50_preg  |  8|   0|    8|          0|
    |ap_return_51_preg  |  8|   0|    8|          0|
    |ap_return_5_preg   |  8|   0|    8|          0|
    |ap_return_6_preg   |  8|   0|    8|          0|
    |ap_return_7_preg   |  8|   0|    8|          0|
    |ap_return_8_preg   |  8|   0|    8|          0|
    |ap_return_9_preg   |  8|   0|    8|          0|
    +-------------------+---+----+-----+-----------+
    |Total              |418|   0|  418|          0|
    +-------------------+---+----+-----+-----------+



================================================================
== Interface
================================================================
* Summary: 
+----------------+-----+-----+------------+-------------------------------------------------------------------------+--------------+
|    RTL Ports   | Dir | Bits|  Protocol  |                              Source Object                              |    C Type    |
+----------------+-----+-----+------------+-------------------------------------------------------------------------+--------------+
|ap_clk          |  in |    1| ap_ctrl_hs | relu<ap_fixed<24, 9, 5, 3, 0>, ap_ufixed<8, 0, 4, 0, 0>, relu_config13> | return value |
|ap_rst          |  in |    1| ap_ctrl_hs | relu<ap_fixed<24, 9, 5, 3, 0>, ap_ufixed<8, 0, 4, 0, 0>, relu_config13> | return value |
|ap_start        |  in |    1| ap_ctrl_hs | relu<ap_fixed<24, 9, 5, 3, 0>, ap_ufixed<8, 0, 4, 0, 0>, relu_config13> | return value |
|ap_done         | out |    1| ap_ctrl_hs | relu<ap_fixed<24, 9, 5, 3, 0>, ap_ufixed<8, 0, 4, 0, 0>, relu_config13> | return value |
|ap_continue     |  in |    1| ap_ctrl_hs | relu<ap_fixed<24, 9, 5, 3, 0>, ap_ufixed<8, 0, 4, 0, 0>, relu_config13> | return value |
|ap_idle         | out |    1| ap_ctrl_hs | relu<ap_fixed<24, 9, 5, 3, 0>, ap_ufixed<8, 0, 4, 0, 0>, relu_config13> | return value |
|ap_ready        | out |    1| ap_ctrl_hs | relu<ap_fixed<24, 9, 5, 3, 0>, ap_ufixed<8, 0, 4, 0, 0>, relu_config13> | return value |
|ap_return_0     | out |    8| ap_ctrl_hs | relu<ap_fixed<24, 9, 5, 3, 0>, ap_ufixed<8, 0, 4, 0, 0>, relu_config13> | return value |
|ap_return_1     | out |    8| ap_ctrl_hs | relu<ap_fixed<24, 9, 5, 3, 0>, ap_ufixed<8, 0, 4, 0, 0>, relu_config13> | return value |
|ap_return_2     | out |    8| ap_ctrl_hs | relu<ap_fixed<24, 9, 5, 3, 0>, ap_ufixed<8, 0, 4, 0, 0>, relu_config13> | return value |
|ap_return_3     | out |    8| ap_ctrl_hs | relu<ap_fixed<24, 9, 5, 3, 0>, ap_ufixed<8, 0, 4, 0, 0>, relu_config13> | return value |
|ap_return_4     | out |    8| ap_ctrl_hs | relu<ap_fixed<24, 9, 5, 3, 0>, ap_ufixed<8, 0, 4, 0, 0>, relu_config13> | return value |
|ap_return_5     | out |    8| ap_ctrl_hs | relu<ap_fixed<24, 9, 5, 3, 0>, ap_ufixed<8, 0, 4, 0, 0>, relu_config13> | return value |
|ap_return_6     | out |    8| ap_ctrl_hs | relu<ap_fixed<24, 9, 5, 3, 0>, ap_ufixed<8, 0, 4, 0, 0>, relu_config13> | return value |
|ap_return_7     | out |    8| ap_ctrl_hs | relu<ap_fixed<24, 9, 5, 3, 0>, ap_ufixed<8, 0, 4, 0, 0>, relu_config13> | return value |
|ap_return_8     | out |    8| ap_ctrl_hs | relu<ap_fixed<24, 9, 5, 3, 0>, ap_ufixed<8, 0, 4, 0, 0>, relu_config13> | return value |
|ap_return_9     | out |    8| ap_ctrl_hs | relu<ap_fixed<24, 9, 5, 3, 0>, ap_ufixed<8, 0, 4, 0, 0>, relu_config13> | return value |
|ap_return_10    | out |    8| ap_ctrl_hs | relu<ap_fixed<24, 9, 5, 3, 0>, ap_ufixed<8, 0, 4, 0, 0>, relu_config13> | return value |
|ap_return_11    | out |    8| ap_ctrl_hs | relu<ap_fixed<24, 9, 5, 3, 0>, ap_ufixed<8, 0, 4, 0, 0>, relu_config13> | return value |
|ap_return_12    | out |    8| ap_ctrl_hs | relu<ap_fixed<24, 9, 5, 3, 0>, ap_ufixed<8, 0, 4, 0, 0>, relu_config13> | return value |
|ap_return_13    | out |    8| ap_ctrl_hs | relu<ap_fixed<24, 9, 5, 3, 0>, ap_ufixed<8, 0, 4, 0, 0>, relu_config13> | return value |
|ap_return_14    | out |    8| ap_ctrl_hs | relu<ap_fixed<24, 9, 5, 3, 0>, ap_ufixed<8, 0, 4, 0, 0>, relu_config13> | return value |
|ap_return_15    | out |    8| ap_ctrl_hs | relu<ap_fixed<24, 9, 5, 3, 0>, ap_ufixed<8, 0, 4, 0, 0>, relu_config13> | return value |
|ap_return_16    | out |    8| ap_ctrl_hs | relu<ap_fixed<24, 9, 5, 3, 0>, ap_ufixed<8, 0, 4, 0, 0>, relu_config13> | return value |
|ap_return_17    | out |    8| ap_ctrl_hs | relu<ap_fixed<24, 9, 5, 3, 0>, ap_ufixed<8, 0, 4, 0, 0>, relu_config13> | return value |
|ap_return_18    | out |    8| ap_ctrl_hs | relu<ap_fixed<24, 9, 5, 3, 0>, ap_ufixed<8, 0, 4, 0, 0>, relu_config13> | return value |
|ap_return_19    | out |    8| ap_ctrl_hs | relu<ap_fixed<24, 9, 5, 3, 0>, ap_ufixed<8, 0, 4, 0, 0>, relu_config13> | return value |
|ap_return_20    | out |    8| ap_ctrl_hs | relu<ap_fixed<24, 9, 5, 3, 0>, ap_ufixed<8, 0, 4, 0, 0>, relu_config13> | return value |
|ap_return_21    | out |    8| ap_ctrl_hs | relu<ap_fixed<24, 9, 5, 3, 0>, ap_ufixed<8, 0, 4, 0, 0>, relu_config13> | return value |
|ap_return_22    | out |    8| ap_ctrl_hs | relu<ap_fixed<24, 9, 5, 3, 0>, ap_ufixed<8, 0, 4, 0, 0>, relu_config13> | return value |
|ap_return_23    | out |    8| ap_ctrl_hs | relu<ap_fixed<24, 9, 5, 3, 0>, ap_ufixed<8, 0, 4, 0, 0>, relu_config13> | return value |
|ap_return_24    | out |    8| ap_ctrl_hs | relu<ap_fixed<24, 9, 5, 3, 0>, ap_ufixed<8, 0, 4, 0, 0>, relu_config13> | return value |
|ap_return_25    | out |    8| ap_ctrl_hs | relu<ap_fixed<24, 9, 5, 3, 0>, ap_ufixed<8, 0, 4, 0, 0>, relu_config13> | return value |
|ap_return_26    | out |    8| ap_ctrl_hs | relu<ap_fixed<24, 9, 5, 3, 0>, ap_ufixed<8, 0, 4, 0, 0>, relu_config13> | return value |
|ap_return_27    | out |    8| ap_ctrl_hs | relu<ap_fixed<24, 9, 5, 3, 0>, ap_ufixed<8, 0, 4, 0, 0>, relu_config13> | return value |
|ap_return_28    | out |    8| ap_ctrl_hs | relu<ap_fixed<24, 9, 5, 3, 0>, ap_ufixed<8, 0, 4, 0, 0>, relu_config13> | return value |
|ap_return_29    | out |    8| ap_ctrl_hs | relu<ap_fixed<24, 9, 5, 3, 0>, ap_ufixed<8, 0, 4, 0, 0>, relu_config13> | return value |
|ap_return_30    | out |    8| ap_ctrl_hs | relu<ap_fixed<24, 9, 5, 3, 0>, ap_ufixed<8, 0, 4, 0, 0>, relu_config13> | return value |
|ap_return_31    | out |    8| ap_ctrl_hs | relu<ap_fixed<24, 9, 5, 3, 0>, ap_ufixed<8, 0, 4, 0, 0>, relu_config13> | return value |
|ap_return_32    | out |    8| ap_ctrl_hs | relu<ap_fixed<24, 9, 5, 3, 0>, ap_ufixed<8, 0, 4, 0, 0>, relu_config13> | return value |
|ap_return_33    | out |    8| ap_ctrl_hs | relu<ap_fixed<24, 9, 5, 3, 0>, ap_ufixed<8, 0, 4, 0, 0>, relu_config13> | return value |
|ap_return_34    | out |    8| ap_ctrl_hs | relu<ap_fixed<24, 9, 5, 3, 0>, ap_ufixed<8, 0, 4, 0, 0>, relu_config13> | return value |
|ap_return_35    | out |    8| ap_ctrl_hs | relu<ap_fixed<24, 9, 5, 3, 0>, ap_ufixed<8, 0, 4, 0, 0>, relu_config13> | return value |
|ap_return_36    | out |    8| ap_ctrl_hs | relu<ap_fixed<24, 9, 5, 3, 0>, ap_ufixed<8, 0, 4, 0, 0>, relu_config13> | return value |
|ap_return_37    | out |    8| ap_ctrl_hs | relu<ap_fixed<24, 9, 5, 3, 0>, ap_ufixed<8, 0, 4, 0, 0>, relu_config13> | return value |
|ap_return_38    | out |    8| ap_ctrl_hs | relu<ap_fixed<24, 9, 5, 3, 0>, ap_ufixed<8, 0, 4, 0, 0>, relu_config13> | return value |
|ap_return_39    | out |    8| ap_ctrl_hs | relu<ap_fixed<24, 9, 5, 3, 0>, ap_ufixed<8, 0, 4, 0, 0>, relu_config13> | return value |
|ap_return_40    | out |    8| ap_ctrl_hs | relu<ap_fixed<24, 9, 5, 3, 0>, ap_ufixed<8, 0, 4, 0, 0>, relu_config13> | return value |
|ap_return_41    | out |    8| ap_ctrl_hs | relu<ap_fixed<24, 9, 5, 3, 0>, ap_ufixed<8, 0, 4, 0, 0>, relu_config13> | return value |
|ap_return_42    | out |    8| ap_ctrl_hs | relu<ap_fixed<24, 9, 5, 3, 0>, ap_ufixed<8, 0, 4, 0, 0>, relu_config13> | return value |
|ap_return_43    | out |    8| ap_ctrl_hs | relu<ap_fixed<24, 9, 5, 3, 0>, ap_ufixed<8, 0, 4, 0, 0>, relu_config13> | return value |
|ap_return_44    | out |    8| ap_ctrl_hs | relu<ap_fixed<24, 9, 5, 3, 0>, ap_ufixed<8, 0, 4, 0, 0>, relu_config13> | return value |
|ap_return_45    | out |    8| ap_ctrl_hs | relu<ap_fixed<24, 9, 5, 3, 0>, ap_ufixed<8, 0, 4, 0, 0>, relu_config13> | return value |
|ap_return_46    | out |    8| ap_ctrl_hs | relu<ap_fixed<24, 9, 5, 3, 0>, ap_ufixed<8, 0, 4, 0, 0>, relu_config13> | return value |
|ap_return_47    | out |    8| ap_ctrl_hs | relu<ap_fixed<24, 9, 5, 3, 0>, ap_ufixed<8, 0, 4, 0, 0>, relu_config13> | return value |
|ap_return_48    | out |    8| ap_ctrl_hs | relu<ap_fixed<24, 9, 5, 3, 0>, ap_ufixed<8, 0, 4, 0, 0>, relu_config13> | return value |
|ap_return_49    | out |    8| ap_ctrl_hs | relu<ap_fixed<24, 9, 5, 3, 0>, ap_ufixed<8, 0, 4, 0, 0>, relu_config13> | return value |
|ap_return_50    | out |    8| ap_ctrl_hs | relu<ap_fixed<24, 9, 5, 3, 0>, ap_ufixed<8, 0, 4, 0, 0>, relu_config13> | return value |
|ap_return_51    | out |    8| ap_ctrl_hs | relu<ap_fixed<24, 9, 5, 3, 0>, ap_ufixed<8, 0, 4, 0, 0>, relu_config13> | return value |
|data_0_V_read   |  in |   20|   ap_none  |                              data_0_V_read                              |    scalar    |
|data_1_V_read   |  in |   20|   ap_none  |                              data_1_V_read                              |    scalar    |
|data_2_V_read   |  in |   20|   ap_none  |                              data_2_V_read                              |    scalar    |
|data_3_V_read   |  in |   19|   ap_none  |                              data_3_V_read                              |    scalar    |
|data_4_V_read   |  in |   19|   ap_none  |                              data_4_V_read                              |    scalar    |
|data_5_V_read   |  in |   20|   ap_none  |                              data_5_V_read                              |    scalar    |
|data_6_V_read   |  in |   20|   ap_none  |                              data_6_V_read                              |    scalar    |
|data_7_V_read   |  in |   20|   ap_none  |                              data_7_V_read                              |    scalar    |
|data_8_V_read   |  in |   20|   ap_none  |                              data_8_V_read                              |    scalar    |
|data_9_V_read   |  in |   20|   ap_none  |                              data_9_V_read                              |    scalar    |
|data_10_V_read  |  in |   20|   ap_none  |                              data_10_V_read                             |    scalar    |
|data_11_V_read  |  in |   20|   ap_none  |                              data_11_V_read                             |    scalar    |
|data_12_V_read  |  in |   20|   ap_none  |                              data_12_V_read                             |    scalar    |
|data_13_V_read  |  in |   19|   ap_none  |                              data_13_V_read                             |    scalar    |
|data_14_V_read  |  in |   20|   ap_none  |                              data_14_V_read                             |    scalar    |
|data_15_V_read  |  in |   20|   ap_none  |                              data_15_V_read                             |    scalar    |
|data_16_V_read  |  in |   19|   ap_none  |                              data_16_V_read                             |    scalar    |
|data_17_V_read  |  in |   19|   ap_none  |                              data_17_V_read                             |    scalar    |
|data_18_V_read  |  in |   20|   ap_none  |                              data_18_V_read                             |    scalar    |
|data_19_V_read  |  in |   20|   ap_none  |                              data_19_V_read                             |    scalar    |
|data_20_V_read  |  in |   20|   ap_none  |                              data_20_V_read                             |    scalar    |
|data_21_V_read  |  in |   20|   ap_none  |                              data_21_V_read                             |    scalar    |
|data_22_V_read  |  in |   20|   ap_none  |                              data_22_V_read                             |    scalar    |
|data_23_V_read  |  in |   19|   ap_none  |                              data_23_V_read                             |    scalar    |
|data_24_V_read  |  in |   20|   ap_none  |                              data_24_V_read                             |    scalar    |
|data_25_V_read  |  in |   20|   ap_none  |                              data_25_V_read                             |    scalar    |
|data_26_V_read  |  in |   20|   ap_none  |                              data_26_V_read                             |    scalar    |
|data_27_V_read  |  in |   20|   ap_none  |                              data_27_V_read                             |    scalar    |
|data_28_V_read  |  in |   20|   ap_none  |                              data_28_V_read                             |    scalar    |
|data_29_V_read  |  in |   19|   ap_none  |                              data_29_V_read                             |    scalar    |
|data_30_V_read  |  in |   20|   ap_none  |                              data_30_V_read                             |    scalar    |
|data_31_V_read  |  in |   20|   ap_none  |                              data_31_V_read                             |    scalar    |
|data_32_V_read  |  in |   20|   ap_none  |                              data_32_V_read                             |    scalar    |
|data_33_V_read  |  in |   20|   ap_none  |                              data_33_V_read                             |    scalar    |
|data_34_V_read  |  in |   19|   ap_none  |                              data_34_V_read                             |    scalar    |
|data_35_V_read  |  in |   20|   ap_none  |                              data_35_V_read                             |    scalar    |
|data_36_V_read  |  in |   20|   ap_none  |                              data_36_V_read                             |    scalar    |
|data_37_V_read  |  in |   20|   ap_none  |                              data_37_V_read                             |    scalar    |
|data_38_V_read  |  in |   20|   ap_none  |                              data_38_V_read                             |    scalar    |
|data_39_V_read  |  in |   20|   ap_none  |                              data_39_V_read                             |    scalar    |
|data_40_V_read  |  in |   19|   ap_none  |                              data_40_V_read                             |    scalar    |
|data_41_V_read  |  in |   20|   ap_none  |                              data_41_V_read                             |    scalar    |
|data_42_V_read  |  in |   20|   ap_none  |                              data_42_V_read                             |    scalar    |
|data_43_V_read  |  in |   20|   ap_none  |                              data_43_V_read                             |    scalar    |
|data_44_V_read  |  in |   19|   ap_none  |                              data_44_V_read                             |    scalar    |
|data_45_V_read  |  in |   20|   ap_none  |                              data_45_V_read                             |    scalar    |
|data_46_V_read  |  in |   20|   ap_none  |                              data_46_V_read                             |    scalar    |
|data_47_V_read  |  in |   20|   ap_none  |                              data_47_V_read                             |    scalar    |
|data_48_V_read  |  in |   20|   ap_none  |                              data_48_V_read                             |    scalar    |
|data_49_V_read  |  in |   19|   ap_none  |                              data_49_V_read                             |    scalar    |
|data_50_V_read  |  in |   19|   ap_none  |                              data_50_V_read                             |    scalar    |
|data_51_V_read  |  in |   20|   ap_none  |                              data_51_V_read                             |    scalar    |
+----------------+-----+-----+------------+-------------------------------------------------------------------------+--------------+

