Copyright 1986-2022 Xilinx, Inc. All Rights Reserved. Copyright 2022-2023 Advanced Micro Devices, Inc. All Rights Reserved.
---------------------------------------------------------------------------------------------------------------------------------------------
| Tool Version : Vivado v.2023.1 (lin64) Build 3865809 Sun May  7 15:04:56 MDT 2023
| Date         : Wed Jul 23 18:22:20 2025
| Host         : coder-hftsoi-hls2 running 64-bit Ubuntu 20.04.6 LTS
| Command      : report_utilization -file vivado_synth.rpt -hierarchical -hierarchical_depth 1
| Design       : hls_dummy
| Device       : xcu250-figd2104-2L-e
| Speed File   : -2L
| Design State : Optimized
---------------------------------------------------------------------------------------------------------------------------------------------

Utilization Design Information

Table of Contents
-----------------
1. Utilization by Hierarchy

1. Utilization by Hierarchy
---------------------------

+-----------------------------------------------------------------------+------------------------------------------------------------------------------+------------+------------+---------+------+-------+--------+--------+------+------------+
|                                Instance                               |                                    Module                                    | Total LUTs | Logic LUTs | LUTRAMs | SRLs |  FFs  | RAMB36 | RAMB18 | URAM | DSP Blocks |
+-----------------------------------------------------------------------+------------------------------------------------------------------------------+------------+------------+---------+------+-------+--------+--------+------+------------+
| hls_dummy                                                             |                                                                        (top) |      42132 |      42132 |       0 |    0 | 11658 |      0 |      0 |    0 |          0 |
|   (hls_dummy)                                                         |                                                                        (top) |          0 |          0 |       0 |    0 |   120 |      0 |      0 |    0 |          0 |
|   Block_entry28_proc_U0                                               |                                                 hls_dummy_Block_entry28_proc |          0 |          0 |       0 |    0 |   320 |      0 |      0 |    0 |          0 |
|   flatten_out_10_U                                                    |                                                       hls_dummy_fifo_w8_d2_S |         23 |         23 |       0 |    0 |    20 |      0 |      0 |    0 |          0 |
|   flatten_out_11_U                                                    |                                                     hls_dummy_fifo_w8_d2_S_0 |         21 |         21 |       0 |    0 |    20 |      0 |      0 |    0 |          0 |
|   flatten_out_12_U                                                    |                                                     hls_dummy_fifo_w8_d2_S_1 |         20 |         20 |       0 |    0 |    20 |      0 |      0 |    0 |          0 |
|   flatten_out_13_U                                                    |                                                     hls_dummy_fifo_w8_d2_S_2 |         20 |         20 |       0 |    0 |    20 |      0 |      0 |    0 |          0 |
|   flatten_out_14_U                                                    |                                                     hls_dummy_fifo_w8_d2_S_3 |         20 |         20 |       0 |    0 |    20 |      0 |      0 |    0 |          0 |
|   flatten_out_15_U                                                    |                                                     hls_dummy_fifo_w8_d2_S_4 |         20 |         20 |       0 |    0 |    20 |      0 |      0 |    0 |          0 |
|   flatten_out_16_U                                                    |                                                     hls_dummy_fifo_w8_d2_S_5 |         20 |         20 |       0 |    0 |    20 |      0 |      0 |    0 |          0 |
|   flatten_out_17_U                                                    |                                                     hls_dummy_fifo_w8_d2_S_6 |         21 |         21 |       0 |    0 |    20 |      0 |      0 |    0 |          0 |
|   flatten_out_18_U                                                    |                                                     hls_dummy_fifo_w8_d2_S_7 |         21 |         21 |       0 |    0 |    20 |      0 |      0 |    0 |          0 |
|   flatten_out_19_U                                                    |                                                     hls_dummy_fifo_w8_d2_S_8 |         20 |         20 |       0 |    0 |    20 |      0 |      0 |    0 |          0 |
|   flatten_out_1_U                                                     |                                                     hls_dummy_fifo_w8_d2_S_9 |         20 |         20 |       0 |    0 |    20 |      0 |      0 |    0 |          0 |
|   flatten_out_20_U                                                    |                                                    hls_dummy_fifo_w8_d2_S_10 |         21 |         21 |       0 |    0 |    20 |      0 |      0 |    0 |          0 |
|   flatten_out_21_U                                                    |                                                    hls_dummy_fifo_w8_d2_S_11 |         20 |         20 |       0 |    0 |    20 |      0 |      0 |    0 |          0 |
|   flatten_out_22_U                                                    |                                                    hls_dummy_fifo_w8_d2_S_12 |         20 |         20 |       0 |    0 |    20 |      0 |      0 |    0 |          0 |
|   flatten_out_23_U                                                    |                                                    hls_dummy_fifo_w8_d2_S_13 |         21 |         21 |       0 |    0 |    20 |      0 |      0 |    0 |          0 |
|   flatten_out_24_U                                                    |                                                    hls_dummy_fifo_w8_d2_S_14 |         20 |         20 |       0 |    0 |    20 |      0 |      0 |    0 |          0 |
|   flatten_out_25_U                                                    |                                                    hls_dummy_fifo_w8_d2_S_15 |         20 |         20 |       0 |    0 |    20 |      0 |      0 |    0 |          0 |
|   flatten_out_26_U                                                    |                                                    hls_dummy_fifo_w8_d2_S_16 |         22 |         22 |       0 |    0 |    20 |      0 |      0 |    0 |          0 |
|   flatten_out_27_U                                                    |                                                    hls_dummy_fifo_w8_d2_S_17 |         20 |         20 |       0 |    0 |    20 |      0 |      0 |    0 |          0 |
|   flatten_out_28_U                                                    |                                                    hls_dummy_fifo_w8_d2_S_18 |         21 |         21 |       0 |    0 |    20 |      0 |      0 |    0 |          0 |
|   flatten_out_29_U                                                    |                                                    hls_dummy_fifo_w8_d2_S_19 |         20 |         20 |       0 |    0 |    20 |      0 |      0 |    0 |          0 |
|   flatten_out_2_U                                                     |                                                    hls_dummy_fifo_w8_d2_S_20 |         20 |         20 |       0 |    0 |    20 |      0 |      0 |    0 |          0 |
|   flatten_out_30_U                                                    |                                                    hls_dummy_fifo_w8_d2_S_21 |         20 |         20 |       0 |    0 |    20 |      0 |      0 |    0 |          0 |
|   flatten_out_31_U                                                    |                                                    hls_dummy_fifo_w8_d2_S_22 |         21 |         21 |       0 |    0 |    20 |      0 |      0 |    0 |          0 |
|   flatten_out_32_U                                                    |                                                    hls_dummy_fifo_w8_d2_S_23 |         22 |         22 |       0 |    0 |    20 |      0 |      0 |    0 |          0 |
|   flatten_out_33_U                                                    |                                                    hls_dummy_fifo_w8_d2_S_24 |         20 |         20 |       0 |    0 |    20 |      0 |      0 |    0 |          0 |
|   flatten_out_34_U                                                    |                                                    hls_dummy_fifo_w8_d2_S_25 |         21 |         21 |       0 |    0 |    20 |      0 |      0 |    0 |          0 |
|   flatten_out_35_U                                                    |                                                    hls_dummy_fifo_w8_d2_S_26 |         23 |         23 |       0 |    0 |    20 |      0 |      0 |    0 |          0 |
|   flatten_out_36_U                                                    |                                                    hls_dummy_fifo_w8_d2_S_27 |         20 |         20 |       0 |    0 |    20 |      0 |      0 |    0 |          0 |
|   flatten_out_37_U                                                    |                                                    hls_dummy_fifo_w8_d2_S_28 |         21 |         21 |       0 |    0 |    20 |      0 |      0 |    0 |          0 |
|   flatten_out_38_U                                                    |                                                    hls_dummy_fifo_w8_d2_S_29 |         22 |         22 |       0 |    0 |    20 |      0 |      0 |    0 |          0 |
|   flatten_out_39_U                                                    |                                                    hls_dummy_fifo_w8_d2_S_30 |         20 |         20 |       0 |    0 |    20 |      0 |      0 |    0 |          0 |
|   flatten_out_3_U                                                     |                                                    hls_dummy_fifo_w8_d2_S_31 |         20 |         20 |       0 |    0 |    20 |      0 |      0 |    0 |          0 |
|   flatten_out_4_U                                                     |                                                    hls_dummy_fifo_w8_d2_S_32 |         22 |         22 |       0 |    0 |    20 |      0 |      0 |    0 |          0 |
|   flatten_out_5_U                                                     |                                                    hls_dummy_fifo_w8_d2_S_33 |         20 |         20 |       0 |    0 |    20 |      0 |      0 |    0 |          0 |
|   flatten_out_6_U                                                     |                                                    hls_dummy_fifo_w8_d2_S_34 |         21 |         21 |       0 |    0 |    20 |      0 |      0 |    0 |          0 |
|   flatten_out_7_U                                                     |                                                    hls_dummy_fifo_w8_d2_S_35 |         21 |         21 |       0 |    0 |    20 |      0 |      0 |    0 |          0 |
|   flatten_out_8_U                                                     |                                                    hls_dummy_fifo_w8_d2_S_36 |         20 |         20 |       0 |    0 |    20 |      0 |      0 |    0 |          0 |
|   flatten_out_9_U                                                     |                                                    hls_dummy_fifo_w8_d2_S_37 |         21 |         21 |       0 |    0 |    20 |      0 |      0 |    0 |          0 |
|   flatten_out_U                                                       |                                                    hls_dummy_fifo_w8_d2_S_38 |         20 |         20 |       0 |    0 |    20 |      0 |      0 |    0 |          0 |
|   sparse_arr_feat_conv1_out_10_U                                      |                                                    hls_dummy_fifo_w8_d2_S_39 |        325 |        325 |       0 |    0 |    24 |      0 |      0 |    0 |          0 |
|   sparse_arr_feat_conv1_out_11_U                                      |                                                    hls_dummy_fifo_w8_d2_S_40 |         36 |         36 |       0 |    0 |    20 |      0 |      0 |    0 |          0 |
|   sparse_arr_feat_conv1_out_12_U                                      |                                                    hls_dummy_fifo_w8_d2_S_41 |         16 |         16 |       0 |    0 |    20 |      0 |      0 |    0 |          0 |
|   sparse_arr_feat_conv1_out_13_U                                      |                                                    hls_dummy_fifo_w8_d2_S_42 |        322 |        322 |       0 |    0 |    24 |      0 |      0 |    0 |          0 |
|   sparse_arr_feat_conv1_out_14_U                                      |                                                    hls_dummy_fifo_w8_d2_S_43 |         32 |         32 |       0 |    0 |    20 |      0 |      0 |    0 |          0 |
|   sparse_arr_feat_conv1_out_15_U                                      |                                                    hls_dummy_fifo_w8_d2_S_44 |         17 |         17 |       0 |    0 |    20 |      0 |      0 |    0 |          0 |
|   sparse_arr_feat_conv1_out_16_U                                      |                                                    hls_dummy_fifo_w8_d2_S_45 |        329 |        329 |       0 |    0 |    24 |      0 |      0 |    0 |          0 |
|   sparse_arr_feat_conv1_out_17_U                                      |                                                    hls_dummy_fifo_w8_d2_S_46 |        102 |        102 |       0 |    0 |    20 |      0 |      0 |    0 |          0 |
|   sparse_arr_feat_conv1_out_18_U                                      |                                                    hls_dummy_fifo_w8_d2_S_47 |         15 |         15 |       0 |    0 |    20 |      0 |      0 |    0 |          0 |
|   sparse_arr_feat_conv1_out_19_U                                      |                                                    hls_dummy_fifo_w8_d2_S_48 |        248 |        248 |       0 |    0 |    23 |      0 |      0 |    0 |          0 |
|   sparse_arr_feat_conv1_out_1_U                                       |                                                    hls_dummy_fifo_w8_d2_S_49 |         16 |         16 |       0 |    0 |    20 |      0 |      0 |    0 |          0 |
|   sparse_arr_feat_conv1_out_2_U                                       |                                                    hls_dummy_fifo_w8_d2_S_50 |         32 |         32 |       0 |    0 |    20 |      0 |      0 |    0 |          0 |
|   sparse_arr_feat_conv1_out_3_U                                       |                                                    hls_dummy_fifo_w8_d2_S_51 |         16 |         16 |       0 |    0 |    20 |      0 |      0 |    0 |          0 |
|   sparse_arr_feat_conv1_out_4_U                                       |                                                    hls_dummy_fifo_w8_d2_S_52 |        325 |        325 |       0 |    0 |    24 |      0 |      0 |    0 |          0 |
|   sparse_arr_feat_conv1_out_5_U                                       |                                                    hls_dummy_fifo_w8_d2_S_53 |         33 |         33 |       0 |    0 |    20 |      0 |      0 |    0 |          0 |
|   sparse_arr_feat_conv1_out_6_U                                       |                                                    hls_dummy_fifo_w8_d2_S_54 |         17 |         17 |       0 |    0 |    20 |      0 |      0 |    0 |          0 |
|   sparse_arr_feat_conv1_out_7_U                                       |                                                    hls_dummy_fifo_w8_d2_S_55 |        321 |        321 |       0 |    0 |    20 |      0 |      0 |    0 |          0 |
|   sparse_arr_feat_conv1_out_8_U                                       |                                                    hls_dummy_fifo_w8_d2_S_56 |         32 |         32 |       0 |    0 |    20 |      0 |      0 |    0 |          0 |
|   sparse_arr_feat_conv1_out_9_U                                       |                                                    hls_dummy_fifo_w8_d2_S_57 |         16 |         16 |       0 |    0 |    20 |      0 |      0 |    0 |          0 |
|   sparse_arr_feat_conv1_out_U                                         |                                                    hls_dummy_fifo_w8_d2_S_58 |        316 |        316 |       0 |    0 |    25 |      0 |      0 |    0 |          0 |
|   sparse_arr_feat_reduce_out_10_U                                     |                                                    hls_dummy_fifo_w8_d2_S_59 |        513 |        513 |       0 |    0 |    18 |      0 |      0 |    0 |          0 |
|   sparse_arr_feat_reduce_out_11_U                                     |                                                    hls_dummy_fifo_w8_d2_S_60 |        488 |        488 |       0 |    0 |    18 |      0 |      0 |    0 |          0 |
|   sparse_arr_feat_reduce_out_12_U                                     |                                                    hls_dummy_fifo_w8_d2_S_61 |        485 |        485 |       0 |    0 |    18 |      0 |      0 |    0 |          0 |
|   sparse_arr_feat_reduce_out_13_U                                     |                                                    hls_dummy_fifo_w8_d2_S_62 |        463 |        463 |       0 |    0 |    18 |      0 |      0 |    0 |          0 |
|   sparse_arr_feat_reduce_out_14_U                                     |                                                    hls_dummy_fifo_w8_d2_S_63 |        477 |        477 |       0 |    0 |    18 |      0 |      0 |    0 |          0 |
|   sparse_arr_feat_reduce_out_15_U                                     |                                                    hls_dummy_fifo_w8_d2_S_64 |        466 |        466 |       0 |    0 |    18 |      0 |      0 |    0 |          0 |
|   sparse_arr_feat_reduce_out_16_U                                     |                                                    hls_dummy_fifo_w8_d2_S_65 |        466 |        466 |       0 |    0 |    18 |      0 |      0 |    0 |          0 |
|   sparse_arr_feat_reduce_out_17_U                                     |                                                    hls_dummy_fifo_w8_d2_S_66 |        424 |        424 |       0 |    0 |    18 |      0 |      0 |    0 |          0 |
|   sparse_arr_feat_reduce_out_18_U                                     |                                                    hls_dummy_fifo_w8_d2_S_67 |        433 |        433 |       0 |    0 |    18 |      0 |      0 |    0 |          0 |
|   sparse_arr_feat_reduce_out_19_U                                     |                                                    hls_dummy_fifo_w8_d2_S_68 |        471 |        471 |       0 |    0 |    18 |      0 |      0 |    0 |          0 |
|   sparse_arr_feat_reduce_out_1_U                                      |                                                    hls_dummy_fifo_w8_d2_S_69 |        625 |        625 |       0 |    0 |    18 |      0 |      0 |    0 |          0 |
|   sparse_arr_feat_reduce_out_2_U                                      |                                                    hls_dummy_fifo_w8_d2_S_70 |        638 |        638 |       0 |    0 |    18 |      0 |      0 |    0 |          0 |
|   sparse_arr_feat_reduce_out_3_U                                      |                                                    hls_dummy_fifo_w8_d2_S_71 |        530 |        530 |       0 |    0 |    18 |      0 |      0 |    0 |          0 |
|   sparse_arr_feat_reduce_out_4_U                                      |                                                    hls_dummy_fifo_w8_d2_S_72 |        608 |        608 |       0 |    0 |    18 |      0 |      0 |    0 |          0 |
|   sparse_arr_feat_reduce_out_5_U                                      |                                                    hls_dummy_fifo_w8_d2_S_73 |        567 |        567 |       0 |    0 |    18 |      0 |      0 |    0 |          0 |
|   sparse_arr_feat_reduce_out_6_U                                      |                                                    hls_dummy_fifo_w8_d2_S_74 |        475 |        475 |       0 |    0 |    18 |      0 |      0 |    0 |          0 |
|   sparse_arr_feat_reduce_out_7_U                                      |                                                    hls_dummy_fifo_w8_d2_S_75 |        473 |        473 |       0 |    0 |    18 |      0 |      0 |    0 |          0 |
|   sparse_arr_feat_reduce_out_8_U                                      |                                                    hls_dummy_fifo_w8_d2_S_76 |        483 |        483 |       0 |    0 |    18 |      0 |      0 |    0 |          0 |
|   sparse_arr_feat_reduce_out_9_U                                      |                                                    hls_dummy_fifo_w8_d2_S_77 |        511 |        511 |       0 |    0 |    18 |      0 |      0 |    0 |          0 |
|   sparse_arr_feat_reduce_out_U                                        |                                                    hls_dummy_fifo_w8_d2_S_78 |        498 |        498 |       0 |    0 |    18 |      0 |      0 |    0 |          0 |
|   sparse_arr_hash_reduce_out_10_c22_channel_U                         |                                                       hls_dummy_fifo_w3_d2_S |        227 |        227 |       0 |    0 |    10 |      0 |      0 |    0 |          0 |
|   sparse_arr_hash_reduce_out_10_c_U                                   |                                                    hls_dummy_fifo_w3_d2_S_79 |          9 |          9 |       0 |    0 |    10 |      0 |      0 |    0 |          0 |
|   sparse_arr_hash_reduce_out_11_c23_channel_U                         |                                                    hls_dummy_fifo_w3_d2_S_80 |        157 |        157 |       0 |    0 |    10 |      0 |      0 |    0 |          0 |
|   sparse_arr_hash_reduce_out_11_c_U                                   |                                                    hls_dummy_fifo_w3_d2_S_81 |          9 |          9 |       0 |    0 |    10 |      0 |      0 |    0 |          0 |
|   sparse_arr_hash_reduce_out_12_c24_channel_U                         |                                                    hls_dummy_fifo_w3_d2_S_82 |        264 |        264 |       0 |    0 |    10 |      0 |      0 |    0 |          0 |
|   sparse_arr_hash_reduce_out_12_c_U                                   |                                                    hls_dummy_fifo_w3_d2_S_83 |          9 |          9 |       0 |    0 |    10 |      0 |      0 |    0 |          0 |
|   sparse_arr_hash_reduce_out_13_c25_channel_U                         |                                                    hls_dummy_fifo_w3_d2_S_84 |        103 |        103 |       0 |    0 |    10 |      0 |      0 |    0 |          0 |
|   sparse_arr_hash_reduce_out_13_c_U                                   |                                                    hls_dummy_fifo_w3_d2_S_85 |         10 |         10 |       0 |    0 |    10 |      0 |      0 |    0 |          0 |
|   sparse_arr_hash_reduce_out_14_c26_channel_U                         |                                                    hls_dummy_fifo_w3_d2_S_86 |        198 |        198 |       0 |    0 |    10 |      0 |      0 |    0 |          0 |
|   sparse_arr_hash_reduce_out_14_c_U                                   |                                                    hls_dummy_fifo_w3_d2_S_87 |         10 |         10 |       0 |    0 |    10 |      0 |      0 |    0 |          0 |
|   sparse_arr_hash_reduce_out_15_c27_channel_U                         |                                                    hls_dummy_fifo_w3_d2_S_88 |        130 |        130 |       0 |    0 |    10 |      0 |      0 |    0 |          0 |
|   sparse_arr_hash_reduce_out_15_c_U                                   |                                                    hls_dummy_fifo_w3_d2_S_89 |          9 |          9 |       0 |    0 |    10 |      0 |      0 |    0 |          0 |
|   sparse_arr_hash_reduce_out_16_c28_channel_U                         |                                                    hls_dummy_fifo_w3_d2_S_90 |        160 |        160 |       0 |    0 |    10 |      0 |      0 |    0 |          0 |
|   sparse_arr_hash_reduce_out_16_c_U                                   |                                                    hls_dummy_fifo_w3_d2_S_91 |          9 |          9 |       0 |    0 |    10 |      0 |      0 |    0 |          0 |
|   sparse_arr_hash_reduce_out_17_c29_channel_U                         |                                                    hls_dummy_fifo_w3_d2_S_92 |        151 |        151 |       0 |    0 |    10 |      0 |      0 |    0 |          0 |
|   sparse_arr_hash_reduce_out_17_c_U                                   |                                                    hls_dummy_fifo_w3_d2_S_93 |          9 |          9 |       0 |    0 |    10 |      0 |      0 |    0 |          0 |
|   sparse_arr_hash_reduce_out_18_c30_channel_U                         |                                                    hls_dummy_fifo_w3_d2_S_94 |        223 |        223 |       0 |    0 |    10 |      0 |      0 |    0 |          0 |
|   sparse_arr_hash_reduce_out_18_c_U                                   |                                                    hls_dummy_fifo_w3_d2_S_95 |          9 |          9 |       0 |    0 |    10 |      0 |      0 |    0 |          0 |
|   sparse_arr_hash_reduce_out_19_c31_channel_U                         |                                                    hls_dummy_fifo_w3_d2_S_96 |        163 |        163 |       0 |    0 |    10 |      0 |      0 |    0 |          0 |
|   sparse_arr_hash_reduce_out_19_c_U                                   |                                                    hls_dummy_fifo_w3_d2_S_97 |         10 |         10 |       0 |    0 |    10 |      0 |      0 |    0 |          0 |
|   sparse_arr_hash_reduce_out_1_c13_channel_U                          |                                                    hls_dummy_fifo_w3_d2_S_98 |        159 |        159 |       0 |    0 |    10 |      0 |      0 |    0 |          0 |
|   sparse_arr_hash_reduce_out_1_c_U                                    |                                                    hls_dummy_fifo_w3_d2_S_99 |         12 |         12 |       0 |    0 |    10 |      0 |      0 |    0 |          0 |
|   sparse_arr_hash_reduce_out_20_c32_channel_U                         |                                                   hls_dummy_fifo_w3_d2_S_100 |        217 |        217 |       0 |    0 |    10 |      0 |      0 |    0 |          0 |
|   sparse_arr_hash_reduce_out_20_c_U                                   |                                                   hls_dummy_fifo_w3_d2_S_101 |         10 |         10 |       0 |    0 |    10 |      0 |      0 |    0 |          0 |
|   sparse_arr_hash_reduce_out_21_c33_channel_U                         |                                                   hls_dummy_fifo_w3_d2_S_102 |        132 |        132 |       0 |    0 |    10 |      0 |      0 |    0 |          0 |
|   sparse_arr_hash_reduce_out_21_c_U                                   |                                                   hls_dummy_fifo_w3_d2_S_103 |          9 |          9 |       0 |    0 |    10 |      0 |      0 |    0 |          0 |
|   sparse_arr_hash_reduce_out_22_c34_channel_U                         |                                                   hls_dummy_fifo_w3_d2_S_104 |        232 |        232 |       0 |    0 |    10 |      0 |      0 |    0 |          0 |
|   sparse_arr_hash_reduce_out_22_c_U                                   |                                                   hls_dummy_fifo_w3_d2_S_105 |         10 |         10 |       0 |    0 |    10 |      0 |      0 |    0 |          0 |
|   sparse_arr_hash_reduce_out_23_c35_channel_U                         |                                                   hls_dummy_fifo_w3_d2_S_106 |        137 |        137 |       0 |    0 |    10 |      0 |      0 |    0 |          0 |
|   sparse_arr_hash_reduce_out_23_c_U                                   |                                                   hls_dummy_fifo_w3_d2_S_107 |          9 |          9 |       0 |    0 |    10 |      0 |      0 |    0 |          0 |
|   sparse_arr_hash_reduce_out_24_c36_channel_U                         |                                                   hls_dummy_fifo_w3_d2_S_108 |        235 |        235 |       0 |    0 |    10 |      0 |      0 |    0 |          0 |
|   sparse_arr_hash_reduce_out_24_c_U                                   |                                                   hls_dummy_fifo_w3_d2_S_109 |          9 |          9 |       0 |    0 |    10 |      0 |      0 |    0 |          0 |
|   sparse_arr_hash_reduce_out_25_c37_channel_U                         |                                                   hls_dummy_fifo_w3_d2_S_110 |        128 |        128 |       0 |    0 |    10 |      0 |      0 |    0 |          0 |
|   sparse_arr_hash_reduce_out_25_c_U                                   |                                                   hls_dummy_fifo_w3_d2_S_111 |          9 |          9 |       0 |    0 |    10 |      0 |      0 |    0 |          0 |
|   sparse_arr_hash_reduce_out_26_c38_channel_U                         |                                                   hls_dummy_fifo_w3_d2_S_112 |        244 |        244 |       0 |    0 |    10 |      0 |      0 |    0 |          0 |
|   sparse_arr_hash_reduce_out_26_c_U                                   |                                                   hls_dummy_fifo_w3_d2_S_113 |         11 |         11 |       0 |    0 |    10 |      0 |      0 |    0 |          0 |
|   sparse_arr_hash_reduce_out_27_c39_channel_U                         |                                                   hls_dummy_fifo_w3_d2_S_114 |        155 |        155 |       0 |    0 |    10 |      0 |      0 |    0 |          0 |
|   sparse_arr_hash_reduce_out_27_c_U                                   |                                                   hls_dummy_fifo_w3_d2_S_115 |          9 |          9 |       0 |    0 |    10 |      0 |      0 |    0 |          0 |
|   sparse_arr_hash_reduce_out_28_c40_channel_U                         |                                                   hls_dummy_fifo_w3_d2_S_116 |        207 |        207 |       0 |    0 |    10 |      0 |      0 |    0 |          0 |
|   sparse_arr_hash_reduce_out_28_c_U                                   |                                                   hls_dummy_fifo_w3_d2_S_117 |          9 |          9 |       0 |    0 |    10 |      0 |      0 |    0 |          0 |
|   sparse_arr_hash_reduce_out_29_c41_channel_U                         |                                                   hls_dummy_fifo_w3_d2_S_118 |        127 |        127 |       0 |    0 |    10 |      0 |      0 |    0 |          0 |
|   sparse_arr_hash_reduce_out_29_c_U                                   |                                                   hls_dummy_fifo_w3_d2_S_119 |          9 |          9 |       0 |    0 |    10 |      0 |      0 |    0 |          0 |
|   sparse_arr_hash_reduce_out_2_c14_channel_U                          |                                                   hls_dummy_fifo_w3_d2_S_120 |        240 |        240 |       0 |    0 |    10 |      0 |      0 |    0 |          0 |
|   sparse_arr_hash_reduce_out_2_c_U                                    |                                                   hls_dummy_fifo_w3_d2_S_121 |          9 |          9 |       0 |    0 |    10 |      0 |      0 |    0 |          0 |
|   sparse_arr_hash_reduce_out_30_c42_channel_U                         |                                                   hls_dummy_fifo_w3_d2_S_122 |        247 |        247 |       0 |    0 |    10 |      0 |      0 |    0 |          0 |
|   sparse_arr_hash_reduce_out_30_c_U                                   |                                                   hls_dummy_fifo_w3_d2_S_123 |          9 |          9 |       0 |    0 |    10 |      0 |      0 |    0 |          0 |
|   sparse_arr_hash_reduce_out_31_c43_channel_U                         |                                                   hls_dummy_fifo_w3_d2_S_124 |        162 |        162 |       0 |    0 |    10 |      0 |      0 |    0 |          0 |
|   sparse_arr_hash_reduce_out_31_c_U                                   |                                                   hls_dummy_fifo_w3_d2_S_125 |          9 |          9 |       0 |    0 |    10 |      0 |      0 |    0 |          0 |
|   sparse_arr_hash_reduce_out_32_c44_channel_U                         |                                                   hls_dummy_fifo_w3_d2_S_126 |        210 |        210 |       0 |    0 |    10 |      0 |      0 |    0 |          0 |
|   sparse_arr_hash_reduce_out_32_c_U                                   |                                                   hls_dummy_fifo_w3_d2_S_127 |         10 |         10 |       0 |    0 |    10 |      0 |      0 |    0 |          0 |
|   sparse_arr_hash_reduce_out_33_c45_channel_U                         |                                                   hls_dummy_fifo_w3_d2_S_128 |        163 |        163 |       0 |    0 |    10 |      0 |      0 |    0 |          0 |
|   sparse_arr_hash_reduce_out_33_c_U                                   |                                                   hls_dummy_fifo_w3_d2_S_129 |          9 |          9 |       0 |    0 |    10 |      0 |      0 |    0 |          0 |
|   sparse_arr_hash_reduce_out_34_c46_channel_U                         |                                                   hls_dummy_fifo_w3_d2_S_130 |        227 |        227 |       0 |    0 |    10 |      0 |      0 |    0 |          0 |
|   sparse_arr_hash_reduce_out_34_c_U                                   |                                                   hls_dummy_fifo_w3_d2_S_131 |          9 |          9 |       0 |    0 |    10 |      0 |      0 |    0 |          0 |
|   sparse_arr_hash_reduce_out_35_c47_channel_U                         |                                                   hls_dummy_fifo_w3_d2_S_132 |        140 |        140 |       0 |    0 |    10 |      0 |      0 |    0 |          0 |
|   sparse_arr_hash_reduce_out_35_c_U                                   |                                                   hls_dummy_fifo_w3_d2_S_133 |          9 |          9 |       0 |    0 |    10 |      0 |      0 |    0 |          0 |
|   sparse_arr_hash_reduce_out_36_c48_channel_U                         |                                                   hls_dummy_fifo_w3_d2_S_134 |        182 |        182 |       0 |    0 |    10 |      0 |      0 |    0 |          0 |
|   sparse_arr_hash_reduce_out_36_c_U                                   |                                                   hls_dummy_fifo_w3_d2_S_135 |          9 |          9 |       0 |    0 |    10 |      0 |      0 |    0 |          0 |
|   sparse_arr_hash_reduce_out_37_c49_channel_U                         |                                                   hls_dummy_fifo_w3_d2_S_136 |        138 |        138 |       0 |    0 |    10 |      0 |      0 |    0 |          0 |
|   sparse_arr_hash_reduce_out_37_c_U                                   |                                                   hls_dummy_fifo_w3_d2_S_137 |          9 |          9 |       0 |    0 |    10 |      0 |      0 |    0 |          0 |
|   sparse_arr_hash_reduce_out_38_c50_channel_U                         |                                                   hls_dummy_fifo_w3_d2_S_138 |        291 |        291 |       0 |    0 |    10 |      0 |      0 |    0 |          0 |
|   sparse_arr_hash_reduce_out_38_c_U                                   |                                                   hls_dummy_fifo_w3_d2_S_139 |         10 |         10 |       0 |    0 |    10 |      0 |      0 |    0 |          0 |
|   sparse_arr_hash_reduce_out_39_c51_channel_U                         |                                                   hls_dummy_fifo_w3_d2_S_140 |         93 |         93 |       0 |    0 |    10 |      0 |      0 |    0 |          0 |
|   sparse_arr_hash_reduce_out_39_c_U                                   |                                                   hls_dummy_fifo_w3_d2_S_141 |          9 |          9 |       0 |    0 |    10 |      0 |      0 |    0 |          0 |
|   sparse_arr_hash_reduce_out_3_c15_channel_U                          |                                                   hls_dummy_fifo_w3_d2_S_142 |        120 |        120 |       0 |    0 |    10 |      0 |      0 |    0 |          0 |
|   sparse_arr_hash_reduce_out_3_c_U                                    |                                                   hls_dummy_fifo_w3_d2_S_143 |          9 |          9 |       0 |    0 |    10 |      0 |      0 |    0 |          0 |
|   sparse_arr_hash_reduce_out_4_c16_channel_U                          |                                                   hls_dummy_fifo_w3_d2_S_144 |        199 |        199 |       0 |    0 |    10 |      0 |      0 |    0 |          0 |
|   sparse_arr_hash_reduce_out_4_c_U                                    |                                                   hls_dummy_fifo_w3_d2_S_145 |         11 |         11 |       0 |    0 |    10 |      0 |      0 |    0 |          0 |
|   sparse_arr_hash_reduce_out_5_c17_channel_U                          |                                                   hls_dummy_fifo_w3_d2_S_146 |        160 |        160 |       0 |    0 |    10 |      0 |      0 |    0 |          0 |
|   sparse_arr_hash_reduce_out_5_c_U                                    |                                                   hls_dummy_fifo_w3_d2_S_147 |         10 |         10 |       0 |    0 |    10 |      0 |      0 |    0 |          0 |
|   sparse_arr_hash_reduce_out_6_c18_channel_U                          |                                                   hls_dummy_fifo_w3_d2_S_148 |        269 |        269 |       0 |    0 |    10 |      0 |      0 |    0 |          0 |
|   sparse_arr_hash_reduce_out_6_c_U                                    |                                                   hls_dummy_fifo_w3_d2_S_149 |          9 |          9 |       0 |    0 |    10 |      0 |      0 |    0 |          0 |
|   sparse_arr_hash_reduce_out_7_c19_channel_U                          |                                                   hls_dummy_fifo_w3_d2_S_150 |        147 |        147 |       0 |    0 |    10 |      0 |      0 |    0 |          0 |
|   sparse_arr_hash_reduce_out_7_c_U                                    |                                                   hls_dummy_fifo_w3_d2_S_151 |          9 |          9 |       0 |    0 |    10 |      0 |      0 |    0 |          0 |
|   sparse_arr_hash_reduce_out_8_c20_channel_U                          |                                                   hls_dummy_fifo_w3_d2_S_152 |        189 |        189 |       0 |    0 |    10 |      0 |      0 |    0 |          0 |
|   sparse_arr_hash_reduce_out_8_c_U                                    |                                                   hls_dummy_fifo_w3_d2_S_153 |         11 |         11 |       0 |    0 |    10 |      0 |      0 |    0 |          0 |
|   sparse_arr_hash_reduce_out_9_c21_channel_U                          |                                                   hls_dummy_fifo_w3_d2_S_154 |        161 |        161 |       0 |    0 |    10 |      0 |      0 |    0 |          0 |
|   sparse_arr_hash_reduce_out_9_c_U                                    |                                                   hls_dummy_fifo_w3_d2_S_155 |          9 |          9 |       0 |    0 |    10 |      0 |      0 |    0 |          0 |
|   sparse_arr_hash_reduce_out_c12_channel_U                            |                                                   hls_dummy_fifo_w3_d2_S_156 |        204 |        204 |       0 |    0 |    10 |      0 |      0 |    0 |          0 |
|   sparse_arr_hash_reduce_out_c_U                                      |                                                   hls_dummy_fifo_w3_d2_S_157 |         19 |         19 |       0 |    0 |    10 |      0 |      0 |    0 |          0 |
|   sparse_conv_ap_fixed_ap_fixed_ap_uint_ap_fixed_ap_fixed_20_1_1_3_U0 | hls_dummy_sparse_conv_ap_fixed_ap_fixed_ap_uint_ap_fixed_ap_fixed_20_1_1_3_s |      19734 |      19734 |       0 |    0 |  5403 |      0 |      0 |    0 |          0 |
|   sparse_flatten_ap_fixed_8_2_5_3_0_ap_uint_10_8_5_1_20_U0            |            hls_dummy_sparse_flatten_ap_fixed_8_2_5_3_0_ap_uint_10_8_5_1_20_s |       3440 |       3440 |       0 |    0 |  2726 |      0 |      0 |    0 |          0 |
|   sparse_input_reduce_ap_fixed_8_2_5_3_0_ap_uint_10_8_5_1_20_4_U0     |       hls_dummy_sparse_input_reduce_ap_fixed_8_2_5_3_0_ap_uint_10_8_5_1_20_4 |        928 |        928 |       0 |    0 |   705 |      0 |      0 |    0 |          0 |
+-----------------------------------------------------------------------+------------------------------------------------------------------------------+------------+------------+---------+------+-------+--------+--------+------+------------+


