

================================================================
== Vitis HLS Report for 'Block_entry309324_proc'
================================================================
* Date:           Thu May 14 15:56:28 2026

* Version:        2023.1 (Build 3854077 on May  4 2023)
* Project:        myproject_prj
* Solution:       solution1 (Vivado IP Flow Target)
* Product family: virtexuplus
* Target device:  xcvu13p-flga2577-2-e


================================================================
== Performance Estimates
================================================================
+ Timing: 
    * Summary: 
    +--------+---------+----------+------------+
    |  Clock |  Target | Estimated| Uncertainty|
    +--------+---------+----------+------------+
    |ap_clk  |  5.00 ns|  2.137 ns|     1.35 ns|
    +--------+---------+----------+------------+

+ Latency: 
    * Summary: 
    +---------+---------+----------+----------+-----+-----+---------+
    |  Latency (cycles) |  Latency (absolute) |  Interval | Pipeline|
    |   min   |   max   |    min   |    max   | min | max |   Type  |
    +---------+---------+----------+----------+-----+-----+---------+
    |        0|        0|      0 ns|      0 ns|    0|    0|       no|
    +---------+---------+----------+----------+-----+-----+---------+

    + Detail: 
        * Instance: 
        N/A

        * Loop: 
        N/A



================================================================
== Utilization Estimates
================================================================
* Summary: 
+---------------------+---------+-------+---------+---------+------+
|         Name        | BRAM_18K|  DSP  |    FF   |   LUT   | URAM |
+---------------------+---------+-------+---------+---------+------+
|DSP                  |        -|      -|        -|        -|     -|
|Expression           |        -|      -|        0|      550|     -|
|FIFO                 |        -|      -|        -|        -|     -|
|Instance             |        -|      -|        -|        -|     -|
|Memory               |        -|      -|        -|        -|     -|
|Multiplexer          |        -|      -|        -|      441|     -|
|Register             |        -|      -|      200|        -|     -|
+---------------------+---------+-------+---------+---------+------+
|Total                |        0|      0|      200|      991|     0|
+---------------------+---------+-------+---------+---------+------+
|Available SLR        |     1344|   3072|   864000|   432000|   320|
+---------------------+---------+-------+---------+---------+------+
|Utilization SLR (%)  |        0|      0|       ~0|       ~0|     0|
+---------------------+---------+-------+---------+---------+------+
|Available            |     5376|  12288|  3456000|  1728000|  1280|
+---------------------+---------+-------+---------+---------+------+
|Utilization (%)      |        0|      0|       ~0|       ~0|     0|
+---------------------+---------+-------+---------+---------+------+

+ Detail: 
    * Instance: 
    N/A

    * DSP: 
    N/A

    * Memory: 
    N/A

    * FIFO: 
    N/A

    * Expression: 
    +----------------------+----------+----+---+----+------------+------------+
    |     Variable Name    | Operation| DSP| FF| LUT| Bitwidth P0| Bitwidth P1|
    +----------------------+----------+----+---+----+------------+------------+
    |add_ln103_fu_492_p2   |         +|   0|  0|   9|           2|           2|
    |add_ln104_fu_528_p2   |         +|   0|  0|  10|           3|           3|
    |add_ln105_fu_564_p2   |         +|   0|  0|  10|           3|           3|
    |add_ln106_fu_600_p2   |         +|   0|  0|  12|           5|           5|
    |add_ln107_fu_636_p2   |         +|   0|  0|  13|           6|           6|
    |add_ln108_fu_672_p2   |         +|   0|  0|  12|           5|           5|
    |add_ln109_fu_708_p2   |         +|   0|  0|  12|           5|           5|
    |add_ln110_fu_744_p2   |         +|   0|  0|  13|           6|           6|
    |add_ln111_fu_780_p2   |         +|   0|  0|  12|           5|           5|
    |add_ln112_fu_816_p2   |         +|   0|  0|  10|           3|           3|
    |add_ln113_fu_852_p2   |         +|   0|  0|  12|           4|           4|
    |add_ln114_fu_888_p2   |         +|   0|  0|  10|           3|           3|
    |add_ln121_fu_924_p2   |         +|   0|  0|  12|           4|           4|
    |add_ln122_fu_960_p2   |         +|   0|  0|  12|           4|           4|
    |add_ln123_fu_996_p2   |         +|   0|  0|  12|           5|           5|
    |add_ln124_fu_1032_p2  |         +|   0|  0|  12|           4|           4|
    |add_ln125_fu_1068_p2  |         +|   0|  0|  12|           5|           5|
    |add_ln126_fu_1104_p2  |         +|   0|  0|  13|           6|           6|
    |add_ln127_fu_1140_p2  |         +|   0|  0|  12|           5|           5|
    |add_ln128_fu_1176_p2  |         +|   0|  0|  12|           5|           5|
    |add_ln129_fu_1212_p2  |         +|   0|  0|  12|           5|           5|
    |add_ln130_fu_1248_p2  |         +|   0|  0|  10|           3|           3|
    |add_ln131_fu_1284_p2  |         +|   0|  0|  12|           4|           4|
    |add_ln132_fu_1320_p2  |         +|   0|  0|  12|           4|           4|
    |add_ln139_fu_1356_p2  |         +|   0|  0|  12|           5|           5|
    |add_ln140_fu_1392_p2  |         +|   0|  0|  12|           4|           4|
    |add_ln141_fu_1428_p2  |         +|   0|  0|  12|           4|           4|
    |add_ln142_fu_1464_p2  |         +|   0|  0|  13|           6|           6|
    |add_ln143_fu_1500_p2  |         +|   0|  0|  12|           5|           5|
    |add_ln144_fu_1536_p2  |         +|   0|  0|  12|           5|           5|
    |add_ln145_fu_1572_p2  |         +|   0|  0|  12|           4|           4|
    |add_ln146_fu_1608_p2  |         +|   0|  0|  12|           5|           5|
    |add_ln147_fu_1644_p2  |         +|   0|  0|  12|           4|           4|
    |add_ln148_fu_1680_p2  |         +|   0|  0|  10|           3|           3|
    |add_ln149_fu_1716_p2  |         +|   0|  0|  12|           4|           4|
    |add_ln150_fu_1752_p2  |         +|   0|  0|  10|           3|           3|
    |add_ln157_fu_1788_p2  |         +|   0|  0|  10|           3|           3|
    |add_ln158_fu_1824_p2  |         +|   0|  0|  10|           3|           3|
    |add_ln159_fu_1860_p2  |         +|   0|  0|   9|           2|           2|
    |add_ln160_fu_1896_p2  |         +|   0|  0|  12|           5|           5|
    |add_ln161_fu_1932_p2  |         +|   0|  0|  12|           5|           5|
    |add_ln162_fu_1968_p2  |         +|   0|  0|  12|           4|           4|
    |add_ln163_fu_2004_p2  |         +|   0|  0|  12|           4|           4|
    |add_ln164_fu_2040_p2  |         +|   0|  0|  12|           5|           5|
    |add_ln165_fu_2076_p2  |         +|   0|  0|  12|           4|           4|
    |add_ln166_fu_2112_p2  |         +|   0|  0|   9|           2|           2|
    |add_ln167_fu_2148_p2  |         +|   0|  0|  10|           3|           3|
    |add_ln168_fu_2184_p2  |         +|   0|  0|   9|           2|           2|
    |ap_block_state1       |        or|   0|  0|   2|           1|           1|
    +----------------------+----------+----+---+----+------------+------------+
    |Total                 |          |   0|  0| 550|         199|         199|
    +----------------------+----------+----+---+----+------------+------------+

    * Multiplexer: 
    +--------------+----+-----------+-----+-----------+
    |     Name     | LUT| Input Size| Bits| Total Bits|
    +--------------+----+-----------+-----+-----------+
    |ap_done       |   9|          2|    1|          2|
    |ap_return_0   |   9|          2|    2|          4|
    |ap_return_1   |   9|          2|    3|          6|
    |ap_return_10  |   9|          2|    4|          8|
    |ap_return_11  |   9|          2|    3|          6|
    |ap_return_12  |   9|          2|    4|          8|
    |ap_return_13  |   9|          2|    4|          8|
    |ap_return_14  |   9|          2|    5|         10|
    |ap_return_15  |   9|          2|    4|          8|
    |ap_return_16  |   9|          2|    5|         10|
    |ap_return_17  |   9|          2|    6|         12|
    |ap_return_18  |   9|          2|    5|         10|
    |ap_return_19  |   9|          2|    5|         10|
    |ap_return_2   |   9|          2|    3|          6|
    |ap_return_20  |   9|          2|    5|         10|
    |ap_return_21  |   9|          2|    3|          6|
    |ap_return_22  |   9|          2|    4|          8|
    |ap_return_23  |   9|          2|    4|          8|
    |ap_return_24  |   9|          2|    5|         10|
    |ap_return_25  |   9|          2|    4|          8|
    |ap_return_26  |   9|          2|    4|          8|
    |ap_return_27  |   9|          2|    6|         12|
    |ap_return_28  |   9|          2|    5|         10|
    |ap_return_29  |   9|          2|    5|         10|
    |ap_return_3   |   9|          2|    5|         10|
    |ap_return_30  |   9|          2|    4|          8|
    |ap_return_31  |   9|          2|    5|         10|
    |ap_return_32  |   9|          2|    4|          8|
    |ap_return_33  |   9|          2|    3|          6|
    |ap_return_34  |   9|          2|    4|          8|
    |ap_return_35  |   9|          2|    3|          6|
    |ap_return_36  |   9|          2|    3|          6|
    |ap_return_37  |   9|          2|    3|          6|
    |ap_return_38  |   9|          2|    2|          4|
    |ap_return_39  |   9|          2|    5|         10|
    |ap_return_4   |   9|          2|    6|         12|
    |ap_return_40  |   9|          2|    5|         10|
    |ap_return_41  |   9|          2|    4|          8|
    |ap_return_42  |   9|          2|    4|          8|
    |ap_return_43  |   9|          2|    5|         10|
    |ap_return_44  |   9|          2|    4|          8|
    |ap_return_45  |   9|          2|    2|          4|
    |ap_return_46  |   9|          2|    3|          6|
    |ap_return_47  |   9|          2|    2|          4|
    |ap_return_5   |   9|          2|    5|         10|
    |ap_return_6   |   9|          2|    5|         10|
    |ap_return_7   |   9|          2|    6|         12|
    |ap_return_8   |   9|          2|    5|         10|
    |ap_return_9   |   9|          2|    3|          6|
    +--------------+----+-----------+-----+-----------+
    |Total         | 441|         98|  199|        398|
    +--------------+----+-----------+-----+-----------+

    * Register: 
    +-------------------+---+----+-----+-----------+
    |        Name       | FF| LUT| Bits| Const Bits|
    +-------------------+---+----+-----+-----------+
    |ap_CS_fsm          |  1|   0|    1|          0|
    |ap_done_reg        |  1|   0|    1|          0|
    |ap_return_0_preg   |  2|   0|    8|          6|
    |ap_return_10_preg  |  4|   0|    9|          5|
    |ap_return_11_preg  |  3|   0|    9|          6|
    |ap_return_12_preg  |  4|   0|   10|          6|
    |ap_return_13_preg  |  4|   0|   10|          6|
    |ap_return_14_preg  |  5|   0|   10|          5|
    |ap_return_15_preg  |  4|   0|   10|          6|
    |ap_return_16_preg  |  5|   0|   11|          6|
    |ap_return_17_preg  |  6|   0|   11|          5|
    |ap_return_18_preg  |  5|   0|   10|          5|
    |ap_return_19_preg  |  5|   0|   11|          6|
    |ap_return_1_preg   |  3|   0|    9|          6|
    |ap_return_20_preg  |  5|   0|   10|          5|
    |ap_return_21_preg  |  3|   0|    9|          6|
    |ap_return_22_preg  |  4|   0|   10|          6|
    |ap_return_23_preg  |  4|   0|   10|          6|
    |ap_return_24_preg  |  5|   0|   10|          5|
    |ap_return_25_preg  |  4|   0|   10|          6|
    |ap_return_26_preg  |  4|   0|   10|          6|
    |ap_return_27_preg  |  6|   0|   11|          5|
    |ap_return_28_preg  |  5|   0|   11|          6|
    |ap_return_29_preg  |  5|   0|   11|          6|
    |ap_return_2_preg   |  3|   0|    9|          6|
    |ap_return_30_preg  |  4|   0|   10|          6|
    |ap_return_31_preg  |  5|   0|   11|          6|
    |ap_return_32_preg  |  4|   0|   10|          6|
    |ap_return_33_preg  |  3|   0|    9|          6|
    |ap_return_34_preg  |  4|   0|   10|          6|
    |ap_return_35_preg  |  3|   0|    9|          6|
    |ap_return_36_preg  |  3|   0|    9|          6|
    |ap_return_37_preg  |  3|   0|    9|          6|
    |ap_return_38_preg  |  2|   0|    9|          7|
    |ap_return_39_preg  |  5|   0|   10|          5|
    |ap_return_3_preg   |  5|   0|   10|          5|
    |ap_return_40_preg  |  5|   0|   10|          5|
    |ap_return_41_preg  |  4|   0|    9|          5|
    |ap_return_42_preg  |  4|   0|    9|          5|
    |ap_return_43_preg  |  5|   0|   10|          5|
    |ap_return_44_preg  |  4|   0|    9|          5|
    |ap_return_45_preg  |  2|   0|    7|          5|
    |ap_return_46_preg  |  3|   0|    9|          6|
    |ap_return_47_preg  |  2|   0|    8|          6|
    |ap_return_4_preg   |  6|   0|   10|          4|
    |ap_return_5_preg   |  5|   0|   10|          5|
    |ap_return_6_preg   |  5|   0|   10|          5|
    |ap_return_7_preg   |  6|   0|   10|          4|
    |ap_return_8_preg   |  5|   0|   10|          5|
    |ap_return_9_preg   |  3|   0|    9|          6|
    +-------------------+---+----+-----+-----------+
    |Total              |200|   0|  467|        267|
    +-------------------+---+----+-----+-----------+



================================================================
== Interface
================================================================
* Summary: 
+--------------+-----+-----+------------+------------------------+--------------+
|   RTL Ports  | Dir | Bits|  Protocol  |      Source Object     |    C Type    |
+--------------+-----+-----+------------+------------------------+--------------+
|ap_clk        |   in|    1|  ap_ctrl_hs|  Block_entry309324_proc|  return value|
|ap_rst        |   in|    1|  ap_ctrl_hs|  Block_entry309324_proc|  return value|
|ap_start      |   in|    1|  ap_ctrl_hs|  Block_entry309324_proc|  return value|
|ap_done       |  out|    1|  ap_ctrl_hs|  Block_entry309324_proc|  return value|
|ap_continue   |   in|    1|  ap_ctrl_hs|  Block_entry309324_proc|  return value|
|ap_idle       |  out|    1|  ap_ctrl_hs|  Block_entry309324_proc|  return value|
|ap_ready      |  out|    1|  ap_ctrl_hs|  Block_entry309324_proc|  return value|
|ap_return_0   |  out|    8|  ap_ctrl_hs|  Block_entry309324_proc|  return value|
|ap_return_1   |  out|    9|  ap_ctrl_hs|  Block_entry309324_proc|  return value|
|ap_return_2   |  out|    9|  ap_ctrl_hs|  Block_entry309324_proc|  return value|
|ap_return_3   |  out|   10|  ap_ctrl_hs|  Block_entry309324_proc|  return value|
|ap_return_4   |  out|   10|  ap_ctrl_hs|  Block_entry309324_proc|  return value|
|ap_return_5   |  out|   10|  ap_ctrl_hs|  Block_entry309324_proc|  return value|
|ap_return_6   |  out|   10|  ap_ctrl_hs|  Block_entry309324_proc|  return value|
|ap_return_7   |  out|   10|  ap_ctrl_hs|  Block_entry309324_proc|  return value|
|ap_return_8   |  out|   10|  ap_ctrl_hs|  Block_entry309324_proc|  return value|
|ap_return_9   |  out|    9|  ap_ctrl_hs|  Block_entry309324_proc|  return value|
|ap_return_10  |  out|    9|  ap_ctrl_hs|  Block_entry309324_proc|  return value|
|ap_return_11  |  out|    9|  ap_ctrl_hs|  Block_entry309324_proc|  return value|
|ap_return_12  |  out|   10|  ap_ctrl_hs|  Block_entry309324_proc|  return value|
|ap_return_13  |  out|   10|  ap_ctrl_hs|  Block_entry309324_proc|  return value|
|ap_return_14  |  out|   10|  ap_ctrl_hs|  Block_entry309324_proc|  return value|
|ap_return_15  |  out|   10|  ap_ctrl_hs|  Block_entry309324_proc|  return value|
|ap_return_16  |  out|   11|  ap_ctrl_hs|  Block_entry309324_proc|  return value|
|ap_return_17  |  out|   11|  ap_ctrl_hs|  Block_entry309324_proc|  return value|
|ap_return_18  |  out|   10|  ap_ctrl_hs|  Block_entry309324_proc|  return value|
|ap_return_19  |  out|   11|  ap_ctrl_hs|  Block_entry309324_proc|  return value|
|ap_return_20  |  out|   10|  ap_ctrl_hs|  Block_entry309324_proc|  return value|
|ap_return_21  |  out|    9|  ap_ctrl_hs|  Block_entry309324_proc|  return value|
|ap_return_22  |  out|   10|  ap_ctrl_hs|  Block_entry309324_proc|  return value|
|ap_return_23  |  out|   10|  ap_ctrl_hs|  Block_entry309324_proc|  return value|
|ap_return_24  |  out|   10|  ap_ctrl_hs|  Block_entry309324_proc|  return value|
|ap_return_25  |  out|   10|  ap_ctrl_hs|  Block_entry309324_proc|  return value|
|ap_return_26  |  out|   10|  ap_ctrl_hs|  Block_entry309324_proc|  return value|
|ap_return_27  |  out|   11|  ap_ctrl_hs|  Block_entry309324_proc|  return value|
|ap_return_28  |  out|   11|  ap_ctrl_hs|  Block_entry309324_proc|  return value|
|ap_return_29  |  out|   11|  ap_ctrl_hs|  Block_entry309324_proc|  return value|
|ap_return_30  |  out|   10|  ap_ctrl_hs|  Block_entry309324_proc|  return value|
|ap_return_31  |  out|   11|  ap_ctrl_hs|  Block_entry309324_proc|  return value|
|ap_return_32  |  out|   10|  ap_ctrl_hs|  Block_entry309324_proc|  return value|
|ap_return_33  |  out|    9|  ap_ctrl_hs|  Block_entry309324_proc|  return value|
|ap_return_34  |  out|   10|  ap_ctrl_hs|  Block_entry309324_proc|  return value|
|ap_return_35  |  out|    9|  ap_ctrl_hs|  Block_entry309324_proc|  return value|
|ap_return_36  |  out|    9|  ap_ctrl_hs|  Block_entry309324_proc|  return value|
|ap_return_37  |  out|    9|  ap_ctrl_hs|  Block_entry309324_proc|  return value|
|ap_return_38  |  out|    9|  ap_ctrl_hs|  Block_entry309324_proc|  return value|
|ap_return_39  |  out|   10|  ap_ctrl_hs|  Block_entry309324_proc|  return value|
|ap_return_40  |  out|   10|  ap_ctrl_hs|  Block_entry309324_proc|  return value|
|ap_return_41  |  out|    9|  ap_ctrl_hs|  Block_entry309324_proc|  return value|
|ap_return_42  |  out|    9|  ap_ctrl_hs|  Block_entry309324_proc|  return value|
|ap_return_43  |  out|   10|  ap_ctrl_hs|  Block_entry309324_proc|  return value|
|ap_return_44  |  out|    9|  ap_ctrl_hs|  Block_entry309324_proc|  return value|
|ap_return_45  |  out|    7|  ap_ctrl_hs|  Block_entry309324_proc|  return value|
|ap_return_46  |  out|    9|  ap_ctrl_hs|  Block_entry309324_proc|  return value|
|ap_return_47  |  out|    8|  ap_ctrl_hs|  Block_entry309324_proc|  return value|
|p_read        |   in|    9|     ap_none|                  p_read|        scalar|
|p_read2       |   in|   10|     ap_none|                 p_read2|        scalar|
|p_read6       |   in|   10|     ap_none|                 p_read6|        scalar|
|p_read10      |   in|   11|     ap_none|                p_read10|        scalar|
|p_read14      |   in|   11|     ap_none|                p_read14|        scalar|
|p_read18      |   in|   11|     ap_none|                p_read18|        scalar|
|p_read22      |   in|   11|     ap_none|                p_read22|        scalar|
|p_read26      |   in|   11|     ap_none|                p_read26|        scalar|
|p_read30      |   in|   11|     ap_none|                p_read30|        scalar|
|p_read34      |   in|   10|     ap_none|                p_read34|        scalar|
|p_read38      |   in|   10|     ap_none|                p_read38|        scalar|
|p_read42      |   in|   10|     ap_none|                p_read42|        scalar|
|p_read46      |   in|   11|     ap_none|                p_read46|        scalar|
|p_read50      |   in|   11|     ap_none|                p_read50|        scalar|
|p_read54      |   in|   11|     ap_none|                p_read54|        scalar|
|p_read58      |   in|   11|     ap_none|                p_read58|        scalar|
|p_read64      |   in|   12|     ap_none|                p_read64|        scalar|
|p_read68      |   in|   12|     ap_none|                p_read68|        scalar|
|p_read72      |   in|   11|     ap_none|                p_read72|        scalar|
|p_read76      |   in|   12|     ap_none|                p_read76|        scalar|
|p_read80      |   in|   11|     ap_none|                p_read80|        scalar|
|p_read84      |   in|   10|     ap_none|                p_read84|        scalar|
|p_read88      |   in|   11|     ap_none|                p_read88|        scalar|
|p_read92      |   in|   11|     ap_none|                p_read92|        scalar|
|p_read96      |   in|   11|     ap_none|                p_read96|        scalar|
|p_read100     |   in|   11|     ap_none|               p_read100|        scalar|
|p_read104     |   in|   11|     ap_none|               p_read104|        scalar|
|p_read108     |   in|   12|     ap_none|               p_read108|        scalar|
|p_read112     |   in|   12|     ap_none|               p_read112|        scalar|
|p_read116     |   in|   12|     ap_none|               p_read116|        scalar|
|p_read122     |   in|   11|     ap_none|               p_read122|        scalar|
|p_read126     |   in|   12|     ap_none|               p_read126|        scalar|
|p_read130     |   in|   11|     ap_none|               p_read130|        scalar|
|p_read134     |   in|   10|     ap_none|               p_read134|        scalar|
|p_read138     |   in|   11|     ap_none|               p_read138|        scalar|
|p_read142     |   in|   10|     ap_none|               p_read142|        scalar|
|p_read146     |   in|   10|     ap_none|               p_read146|        scalar|
|p_read150     |   in|   10|     ap_none|               p_read150|        scalar|
|p_read154     |   in|   10|     ap_none|               p_read154|        scalar|
|p_read158     |   in|   11|     ap_none|               p_read158|        scalar|
|p_read162     |   in|   11|     ap_none|               p_read162|        scalar|
|p_read166     |   in|   10|     ap_none|               p_read166|        scalar|
|p_read170     |   in|   10|     ap_none|               p_read170|        scalar|
|p_read174     |   in|   11|     ap_none|               p_read174|        scalar|
|p_read178     |   in|   10|     ap_none|               p_read178|        scalar|
|p_read182     |   in|    8|     ap_none|               p_read182|        scalar|
|p_read186     |   in|   10|     ap_none|               p_read186|        scalar|
|p_read190     |   in|    9|     ap_none|               p_read190|        scalar|
+--------------+-----+-----+------------+------------------------+--------------+

