

================================================================
== Vitis HLS Report for 'relu_ap_fixed_40_21_5_3_0_ap_ufixed_16_6_4_0_0_relu_config13_s'
================================================================
* Date:           Fri Jul 25 09:42:38 2025

* Version:        2023.1 (Build 3854077 on May  4 2023)
* Project:        myhls_prj
* Solution:       solution1 (Vivado IP Flow Target)
* Product family: virtexuplus
* Target device:  xcu250-figd2104-2L-e


================================================================
== Performance Estimates
================================================================
+ Timing: 
    * Summary: 
    +--------+---------+----------+------------+
    |  Clock |  Target | Estimated| Uncertainty|
    +--------+---------+----------+------------+
    |ap_clk  |  5.00 ns|  3.162 ns|     1.35 ns|
    +--------+---------+----------+------------+

+ Latency: 
    * Summary: 
    +---------+---------+----------+----------+-----+-----+---------+
    |  Latency (cycles) |  Latency (absolute) |  Interval | Pipeline|
    |   min   |   max   |    min   |    max   | min | max |   Type  |
    +---------+---------+----------+----------+-----+-----+---------+
    |        0|        0|      0 ns|      0 ns|    1|    1|      yes|
    +---------+---------+----------+----------+-----+-----+---------+

    + Detail: 
        * Instance: 
        N/A

        * Loop: 
        N/A



================================================================
== Utilization Estimates
================================================================
* Summary: 
+---------------------+---------+-------+---------+---------+------+
|         Name        | BRAM_18K|  DSP  |    FF   |   LUT   | URAM |
+---------------------+---------+-------+---------+---------+------+
|DSP                  |        -|      -|        -|        -|     -|
|Expression           |        -|      -|        0|     5108|     -|
|FIFO                 |        -|      -|        -|        -|     -|
|Instance             |        -|      -|        -|        -|     -|
|Memory               |        -|      -|        -|        -|     -|
|Multiplexer          |        -|      -|        -|      333|     -|
|Register             |        -|      -|      578|        -|     -|
+---------------------+---------+-------+---------+---------+------+
|Total                |        0|      0|      578|     5441|     0|
+---------------------+---------+-------+---------+---------+------+
|Available SLR        |     1344|   3072|   864000|   432000|   320|
+---------------------+---------+-------+---------+---------+------+
|Utilization SLR (%)  |        0|      0|       ~0|        1|     0|
+---------------------+---------+-------+---------+---------+------+
|Available            |     5376|  12288|  3456000|  1728000|  1280|
+---------------------+---------+-------+---------+---------+------+
|Utilization (%)      |        0|      0|       ~0|       ~0|     0|
+---------------------+---------+-------+---------+---------+------+

+ Detail: 
    * Instance: 
    N/A

    * DSP: 
    N/A

    * Memory: 
    N/A

    * FIFO: 
    N/A

    * Expression: 
    +---------------------------+----------+----+---+----+------------+------------+
    |       Variable Name       | Operation| DSP| FF| LUT| Bitwidth P0| Bitwidth P1|
    +---------------------------+----------+----+---+----+------------+------------+
    |add_ln46_10_fu_1718_p2     |         +|   0|  0|  23|          16|          16|
    |add_ln46_11_fu_1848_p2     |         +|   0|  0|  23|          16|          16|
    |add_ln46_12_fu_1978_p2     |         +|   0|  0|  23|          16|          16|
    |add_ln46_13_fu_2108_p2     |         +|   0|  0|  23|          16|          16|
    |add_ln46_14_fu_2238_p2     |         +|   0|  0|  23|          16|          16|
    |add_ln46_15_fu_2368_p2     |         +|   0|  0|  23|          16|          16|
    |add_ln46_16_fu_2498_p2     |         +|   0|  0|  23|          16|          16|
    |add_ln46_17_fu_2628_p2     |         +|   0|  0|  23|          16|          16|
    |add_ln46_18_fu_2758_p2     |         +|   0|  0|  23|          16|          16|
    |add_ln46_19_fu_2888_p2     |         +|   0|  0|  23|          16|          16|
    |add_ln46_1_fu_548_p2       |         +|   0|  0|  23|          16|          16|
    |add_ln46_20_fu_3018_p2     |         +|   0|  0|  23|          16|          16|
    |add_ln46_21_fu_3148_p2     |         +|   0|  0|  23|          16|          16|
    |add_ln46_22_fu_3278_p2     |         +|   0|  0|  23|          16|          16|
    |add_ln46_23_fu_3408_p2     |         +|   0|  0|  23|          16|          16|
    |add_ln46_24_fu_3538_p2     |         +|   0|  0|  23|          16|          16|
    |add_ln46_25_fu_3668_p2     |         +|   0|  0|  23|          16|          16|
    |add_ln46_26_fu_3798_p2     |         +|   0|  0|  23|          16|          16|
    |add_ln46_27_fu_3928_p2     |         +|   0|  0|  23|          16|          16|
    |add_ln46_28_fu_4058_p2     |         +|   0|  0|  23|          16|          16|
    |add_ln46_29_fu_4188_p2     |         +|   0|  0|  23|          16|          16|
    |add_ln46_2_fu_678_p2       |         +|   0|  0|  23|          16|          16|
    |add_ln46_30_fu_4318_p2     |         +|   0|  0|  23|          16|          16|
    |add_ln46_31_fu_4448_p2     |         +|   0|  0|  23|          16|          16|
    |add_ln46_32_fu_4578_p2     |         +|   0|  0|  23|          16|          16|
    |add_ln46_33_fu_4708_p2     |         +|   0|  0|  23|          16|          16|
    |add_ln46_34_fu_4838_p2     |         +|   0|  0|  23|          16|          16|
    |add_ln46_35_fu_4968_p2     |         +|   0|  0|  23|          16|          16|
    |add_ln46_3_fu_808_p2       |         +|   0|  0|  23|          16|          16|
    |add_ln46_4_fu_938_p2       |         +|   0|  0|  23|          16|          16|
    |add_ln46_5_fu_1068_p2      |         +|   0|  0|  23|          16|          16|
    |add_ln46_6_fu_1198_p2      |         +|   0|  0|  23|          16|          16|
    |add_ln46_7_fu_1328_p2      |         +|   0|  0|  23|          16|          16|
    |add_ln46_8_fu_1458_p2      |         +|   0|  0|  23|          16|          16|
    |add_ln46_9_fu_1588_p2      |         +|   0|  0|  23|          16|          16|
    |add_ln46_fu_418_p2         |         +|   0|  0|  23|          16|          16|
    |and_ln46_10_fu_1058_p2     |       and|   0|  0|   2|           1|           1|
    |and_ln46_11_fu_1118_p2     |       and|   0|  0|   2|           1|           1|
    |and_ln46_12_fu_1188_p2     |       and|   0|  0|   2|           1|           1|
    |and_ln46_13_fu_1248_p2     |       and|   0|  0|   2|           1|           1|
    |and_ln46_14_fu_1318_p2     |       and|   0|  0|   2|           1|           1|
    |and_ln46_15_fu_1378_p2     |       and|   0|  0|   2|           1|           1|
    |and_ln46_16_fu_1448_p2     |       and|   0|  0|   2|           1|           1|
    |and_ln46_17_fu_1508_p2     |       and|   0|  0|   2|           1|           1|
    |and_ln46_18_fu_1578_p2     |       and|   0|  0|   2|           1|           1|
    |and_ln46_19_fu_1638_p2     |       and|   0|  0|   2|           1|           1|
    |and_ln46_1_fu_468_p2       |       and|   0|  0|   2|           1|           1|
    |and_ln46_20_fu_1708_p2     |       and|   0|  0|   2|           1|           1|
    |and_ln46_21_fu_1768_p2     |       and|   0|  0|   2|           1|           1|
    |and_ln46_22_fu_1838_p2     |       and|   0|  0|   2|           1|           1|
    |and_ln46_23_fu_1898_p2     |       and|   0|  0|   2|           1|           1|
    |and_ln46_24_fu_1968_p2     |       and|   0|  0|   2|           1|           1|
    |and_ln46_25_fu_2028_p2     |       and|   0|  0|   2|           1|           1|
    |and_ln46_26_fu_2098_p2     |       and|   0|  0|   2|           1|           1|
    |and_ln46_27_fu_2158_p2     |       and|   0|  0|   2|           1|           1|
    |and_ln46_28_fu_2228_p2     |       and|   0|  0|   2|           1|           1|
    |and_ln46_29_fu_2288_p2     |       and|   0|  0|   2|           1|           1|
    |and_ln46_2_fu_538_p2       |       and|   0|  0|   2|           1|           1|
    |and_ln46_30_fu_2358_p2     |       and|   0|  0|   2|           1|           1|
    |and_ln46_31_fu_2418_p2     |       and|   0|  0|   2|           1|           1|
    |and_ln46_32_fu_2488_p2     |       and|   0|  0|   2|           1|           1|
    |and_ln46_33_fu_2548_p2     |       and|   0|  0|   2|           1|           1|
    |and_ln46_34_fu_2618_p2     |       and|   0|  0|   2|           1|           1|
    |and_ln46_35_fu_2678_p2     |       and|   0|  0|   2|           1|           1|
    |and_ln46_36_fu_2748_p2     |       and|   0|  0|   2|           1|           1|
    |and_ln46_37_fu_2808_p2     |       and|   0|  0|   2|           1|           1|
    |and_ln46_38_fu_2878_p2     |       and|   0|  0|   2|           1|           1|
    |and_ln46_39_fu_2938_p2     |       and|   0|  0|   2|           1|           1|
    |and_ln46_3_fu_598_p2       |       and|   0|  0|   2|           1|           1|
    |and_ln46_40_fu_3008_p2     |       and|   0|  0|   2|           1|           1|
    |and_ln46_41_fu_3068_p2     |       and|   0|  0|   2|           1|           1|
    |and_ln46_42_fu_3138_p2     |       and|   0|  0|   2|           1|           1|
    |and_ln46_43_fu_3198_p2     |       and|   0|  0|   2|           1|           1|
    |and_ln46_44_fu_3268_p2     |       and|   0|  0|   2|           1|           1|
    |and_ln46_45_fu_3328_p2     |       and|   0|  0|   2|           1|           1|
    |and_ln46_46_fu_3398_p2     |       and|   0|  0|   2|           1|           1|
    |and_ln46_47_fu_3458_p2     |       and|   0|  0|   2|           1|           1|
    |and_ln46_48_fu_3528_p2     |       and|   0|  0|   2|           1|           1|
    |and_ln46_49_fu_3588_p2     |       and|   0|  0|   2|           1|           1|
    |and_ln46_4_fu_668_p2       |       and|   0|  0|   2|           1|           1|
    |and_ln46_50_fu_3658_p2     |       and|   0|  0|   2|           1|           1|
    |and_ln46_51_fu_3718_p2     |       and|   0|  0|   2|           1|           1|
    |and_ln46_52_fu_3788_p2     |       and|   0|  0|   2|           1|           1|
    |and_ln46_53_fu_3848_p2     |       and|   0|  0|   2|           1|           1|
    |and_ln46_54_fu_3918_p2     |       and|   0|  0|   2|           1|           1|
    |and_ln46_55_fu_3978_p2     |       and|   0|  0|   2|           1|           1|
    |and_ln46_56_fu_4048_p2     |       and|   0|  0|   2|           1|           1|
    |and_ln46_57_fu_4108_p2     |       and|   0|  0|   2|           1|           1|
    |and_ln46_58_fu_4178_p2     |       and|   0|  0|   2|           1|           1|
    |and_ln46_59_fu_4238_p2     |       and|   0|  0|   2|           1|           1|
    |and_ln46_5_fu_728_p2       |       and|   0|  0|   2|           1|           1|
    |and_ln46_60_fu_4308_p2     |       and|   0|  0|   2|           1|           1|
    |and_ln46_61_fu_4368_p2     |       and|   0|  0|   2|           1|           1|
    |and_ln46_62_fu_4438_p2     |       and|   0|  0|   2|           1|           1|
    |and_ln46_63_fu_4498_p2     |       and|   0|  0|   2|           1|           1|
    |and_ln46_64_fu_4568_p2     |       and|   0|  0|   2|           1|           1|
    |and_ln46_65_fu_4628_p2     |       and|   0|  0|   2|           1|           1|
    |and_ln46_66_fu_4698_p2     |       and|   0|  0|   2|           1|           1|
    |and_ln46_67_fu_4758_p2     |       and|   0|  0|   2|           1|           1|
    |and_ln46_68_fu_4828_p2     |       and|   0|  0|   2|           1|           1|
    |and_ln46_69_fu_4888_p2     |       and|   0|  0|   2|           1|           1|
    |and_ln46_6_fu_798_p2       |       and|   0|  0|   2|           1|           1|
    |and_ln46_70_fu_4958_p2     |       and|   0|  0|   2|           1|           1|
    |and_ln46_71_fu_5018_p2     |       and|   0|  0|   2|           1|           1|
    |and_ln46_7_fu_858_p2       |       and|   0|  0|   2|           1|           1|
    |and_ln46_8_fu_928_p2       |       and|   0|  0|   2|           1|           1|
    |and_ln46_9_fu_988_p2       |       and|   0|  0|   2|           1|           1|
    |and_ln46_fu_408_p2         |       and|   0|  0|   2|           1|           1|
    |icmp_ln45_10_fu_1660_p2    |      icmp|   0|  0|  44|          37|           1|
    |icmp_ln45_11_fu_1790_p2    |      icmp|   0|  0|  43|          36|           1|
    |icmp_ln45_12_fu_1920_p2    |      icmp|   0|  0|  43|          36|           1|
    |icmp_ln45_13_fu_2050_p2    |      icmp|   0|  0|  44|          37|           1|
    |icmp_ln45_14_fu_2180_p2    |      icmp|   0|  0|  42|          35|           1|
    |icmp_ln45_15_fu_2310_p2    |      icmp|   0|  0|  43|          36|           1|
    |icmp_ln45_16_fu_2440_p2    |      icmp|   0|  0|  44|          37|           1|
    |icmp_ln45_17_fu_2570_p2    |      icmp|   0|  0|  44|          37|           1|
    |icmp_ln45_18_fu_2700_p2    |      icmp|   0|  0|  44|          37|           1|
    |icmp_ln45_19_fu_2830_p2    |      icmp|   0|  0|  43|          36|           1|
    |icmp_ln45_1_fu_490_p2      |      icmp|   0|  0|  43|          36|           1|
    |icmp_ln45_20_fu_2960_p2    |      icmp|   0|  0|  43|          36|           1|
    |icmp_ln45_21_fu_3090_p2    |      icmp|   0|  0|  44|          37|           1|
    |icmp_ln45_22_fu_3220_p2    |      icmp|   0|  0|  43|          36|           1|
    |icmp_ln45_23_fu_3350_p2    |      icmp|   0|  0|  43|          36|           1|
    |icmp_ln45_24_fu_3480_p2    |      icmp|   0|  0|  44|          37|           1|
    |icmp_ln45_25_fu_3610_p2    |      icmp|   0|  0|  44|          37|           1|
    |icmp_ln45_26_fu_3740_p2    |      icmp|   0|  0|  43|          36|           1|
    |icmp_ln45_27_fu_3870_p2    |      icmp|   0|  0|  43|          36|           1|
    |icmp_ln45_28_fu_4000_p2    |      icmp|   0|  0|  43|          36|           1|
    |icmp_ln45_29_fu_4130_p2    |      icmp|   0|  0|  43|          36|           1|
    |icmp_ln45_2_fu_620_p2      |      icmp|   0|  0|  42|          35|           1|
    |icmp_ln45_30_fu_4260_p2    |      icmp|   0|  0|  44|          37|           1|
    |icmp_ln45_31_fu_4390_p2    |      icmp|   0|  0|  44|          37|           1|
    |icmp_ln45_32_fu_4520_p2    |      icmp|   0|  0|  43|          36|           1|
    |icmp_ln45_33_fu_4650_p2    |      icmp|   0|  0|  44|          37|           1|
    |icmp_ln45_34_fu_4780_p2    |      icmp|   0|  0|  44|          37|           1|
    |icmp_ln45_35_fu_4910_p2    |      icmp|   0|  0|  44|          37|           1|
    |icmp_ln45_3_fu_750_p2      |      icmp|   0|  0|  43|          36|           1|
    |icmp_ln45_4_fu_880_p2      |      icmp|   0|  0|  44|          37|           1|
    |icmp_ln45_5_fu_1010_p2     |      icmp|   0|  0|  44|          37|           1|
    |icmp_ln45_6_fu_1140_p2     |      icmp|   0|  0|  44|          37|           1|
    |icmp_ln45_7_fu_1270_p2     |      icmp|   0|  0|  43|          36|           1|
    |icmp_ln45_8_fu_1400_p2     |      icmp|   0|  0|  43|          36|           1|
    |icmp_ln45_9_fu_1530_p2     |      icmp|   0|  0|  43|          36|           1|
    |icmp_ln45_fu_360_p2        |      icmp|   0|  0|  44|          37|           1|
    |icmp_ln46_10_fu_1046_p2    |      icmp|   0|  0|  15|           8|           1|
    |icmp_ln46_11_fu_1084_p2    |      icmp|   0|  0|  19|          12|           1|
    |icmp_ln46_12_fu_1176_p2    |      icmp|   0|  0|  15|           8|           1|
    |icmp_ln46_13_fu_1214_p2    |      icmp|   0|  0|  19|          12|           1|
    |icmp_ln46_14_fu_1306_p2    |      icmp|   0|  0|  15|           8|           1|
    |icmp_ln46_15_fu_1344_p2    |      icmp|   0|  0|  18|          11|           1|
    |icmp_ln46_16_fu_1436_p2    |      icmp|   0|  0|  15|           8|           1|
    |icmp_ln46_17_fu_1474_p2    |      icmp|   0|  0|  18|          11|           1|
    |icmp_ln46_18_fu_1566_p2    |      icmp|   0|  0|  15|           8|           1|
    |icmp_ln46_19_fu_1604_p2    |      icmp|   0|  0|  18|          11|           1|
    |icmp_ln46_1_fu_434_p2      |      icmp|   0|  0|  19|          12|           1|
    |icmp_ln46_20_fu_1696_p2    |      icmp|   0|  0|  15|           8|           1|
    |icmp_ln46_21_fu_1734_p2    |      icmp|   0|  0|  19|          12|           1|
    |icmp_ln46_22_fu_1826_p2    |      icmp|   0|  0|  15|           8|           1|
    |icmp_ln46_23_fu_1864_p2    |      icmp|   0|  0|  18|          11|           1|
    |icmp_ln46_24_fu_1956_p2    |      icmp|   0|  0|  15|           8|           1|
    |icmp_ln46_25_fu_1994_p2    |      icmp|   0|  0|  18|          11|           1|
    |icmp_ln46_26_fu_2086_p2    |      icmp|   0|  0|  15|           8|           1|
    |icmp_ln46_27_fu_2124_p2    |      icmp|   0|  0|  19|          12|           1|
    |icmp_ln46_28_fu_2216_p2    |      icmp|   0|  0|  15|           8|           1|
    |icmp_ln46_29_fu_2254_p2    |      icmp|   0|  0|  17|          10|           1|
    |icmp_ln46_2_fu_526_p2      |      icmp|   0|  0|  15|           8|           1|
    |icmp_ln46_30_fu_2346_p2    |      icmp|   0|  0|  15|           8|           1|
    |icmp_ln46_31_fu_2384_p2    |      icmp|   0|  0|  18|          11|           1|
    |icmp_ln46_32_fu_2476_p2    |      icmp|   0|  0|  15|           8|           1|
    |icmp_ln46_33_fu_2514_p2    |      icmp|   0|  0|  19|          12|           1|
    |icmp_ln46_34_fu_2606_p2    |      icmp|   0|  0|  15|           8|           1|
    |icmp_ln46_35_fu_2644_p2    |      icmp|   0|  0|  19|          12|           1|
    |icmp_ln46_36_fu_2736_p2    |      icmp|   0|  0|  15|           8|           1|
    |icmp_ln46_37_fu_2774_p2    |      icmp|   0|  0|  19|          12|           1|
    |icmp_ln46_38_fu_2866_p2    |      icmp|   0|  0|  15|           8|           1|
    |icmp_ln46_39_fu_2904_p2    |      icmp|   0|  0|  18|          11|           1|
    |icmp_ln46_3_fu_564_p2      |      icmp|   0|  0|  18|          11|           1|
    |icmp_ln46_40_fu_2996_p2    |      icmp|   0|  0|  15|           8|           1|
    |icmp_ln46_41_fu_3034_p2    |      icmp|   0|  0|  18|          11|           1|
    |icmp_ln46_42_fu_3126_p2    |      icmp|   0|  0|  15|           8|           1|
    |icmp_ln46_43_fu_3164_p2    |      icmp|   0|  0|  19|          12|           1|
    |icmp_ln46_44_fu_3256_p2    |      icmp|   0|  0|  15|           8|           1|
    |icmp_ln46_45_fu_3294_p2    |      icmp|   0|  0|  18|          11|           1|
    |icmp_ln46_46_fu_3386_p2    |      icmp|   0|  0|  15|           8|           1|
    |icmp_ln46_47_fu_3424_p2    |      icmp|   0|  0|  18|          11|           1|
    |icmp_ln46_48_fu_3516_p2    |      icmp|   0|  0|  15|           8|           1|
    |icmp_ln46_49_fu_3554_p2    |      icmp|   0|  0|  19|          12|           1|
    |icmp_ln46_4_fu_656_p2      |      icmp|   0|  0|  15|           8|           1|
    |icmp_ln46_50_fu_3646_p2    |      icmp|   0|  0|  15|           8|           1|
    |icmp_ln46_51_fu_3684_p2    |      icmp|   0|  0|  19|          12|           1|
    |icmp_ln46_52_fu_3776_p2    |      icmp|   0|  0|  15|           8|           1|
    |icmp_ln46_53_fu_3814_p2    |      icmp|   0|  0|  18|          11|           1|
    |icmp_ln46_54_fu_3906_p2    |      icmp|   0|  0|  15|           8|           1|
    |icmp_ln46_55_fu_3944_p2    |      icmp|   0|  0|  18|          11|           1|
    |icmp_ln46_56_fu_4036_p2    |      icmp|   0|  0|  15|           8|           1|
    |icmp_ln46_57_fu_4074_p2    |      icmp|   0|  0|  18|          11|           1|
    |icmp_ln46_58_fu_4166_p2    |      icmp|   0|  0|  15|           8|           1|
    |icmp_ln46_59_fu_4204_p2    |      icmp|   0|  0|  18|          11|           1|
    |icmp_ln46_5_fu_694_p2      |      icmp|   0|  0|  17|          10|           1|
    |icmp_ln46_60_fu_4296_p2    |      icmp|   0|  0|  15|           8|           1|
    |icmp_ln46_61_fu_4334_p2    |      icmp|   0|  0|  19|          12|           1|
    |icmp_ln46_62_fu_4426_p2    |      icmp|   0|  0|  15|           8|           1|
    |icmp_ln46_63_fu_4464_p2    |      icmp|   0|  0|  19|          12|           1|
    |icmp_ln46_64_fu_4556_p2    |      icmp|   0|  0|  15|           8|           1|
    |icmp_ln46_65_fu_4594_p2    |      icmp|   0|  0|  18|          11|           1|
    |icmp_ln46_66_fu_4686_p2    |      icmp|   0|  0|  15|           8|           1|
    |icmp_ln46_67_fu_4724_p2    |      icmp|   0|  0|  19|          12|           1|
    |icmp_ln46_68_fu_4816_p2    |      icmp|   0|  0|  15|           8|           1|
    |icmp_ln46_69_fu_4854_p2    |      icmp|   0|  0|  19|          12|           1|
    |icmp_ln46_6_fu_786_p2      |      icmp|   0|  0|  15|           8|           1|
    |icmp_ln46_70_fu_4946_p2    |      icmp|   0|  0|  15|           8|           1|
    |icmp_ln46_71_fu_4984_p2    |      icmp|   0|  0|  19|          12|           1|
    |icmp_ln46_7_fu_824_p2      |      icmp|   0|  0|  18|          11|           1|
    |icmp_ln46_8_fu_916_p2      |      icmp|   0|  0|  15|           8|           1|
    |icmp_ln46_9_fu_954_p2      |      icmp|   0|  0|  19|          12|           1|
    |icmp_ln46_fu_396_p2        |      icmp|   0|  0|  15|           8|           1|
    |ap_block_state1            |        or|   0|  0|   2|           1|           1|
    |or_ln46_10_fu_1702_p2      |        or|   0|  0|   2|           1|           1|
    |or_ln46_11_fu_1832_p2      |        or|   0|  0|   2|           1|           1|
    |or_ln46_12_fu_1962_p2      |        or|   0|  0|   2|           1|           1|
    |or_ln46_13_fu_2092_p2      |        or|   0|  0|   2|           1|           1|
    |or_ln46_14_fu_2222_p2      |        or|   0|  0|   2|           1|           1|
    |or_ln46_15_fu_2352_p2      |        or|   0|  0|   2|           1|           1|
    |or_ln46_16_fu_2482_p2      |        or|   0|  0|   2|           1|           1|
    |or_ln46_17_fu_2612_p2      |        or|   0|  0|   2|           1|           1|
    |or_ln46_18_fu_2742_p2      |        or|   0|  0|   2|           1|           1|
    |or_ln46_19_fu_2872_p2      |        or|   0|  0|   2|           1|           1|
    |or_ln46_1_fu_532_p2        |        or|   0|  0|   2|           1|           1|
    |or_ln46_20_fu_3002_p2      |        or|   0|  0|   2|           1|           1|
    |or_ln46_21_fu_3132_p2      |        or|   0|  0|   2|           1|           1|
    |or_ln46_22_fu_3262_p2      |        or|   0|  0|   2|           1|           1|
    |or_ln46_23_fu_3392_p2      |        or|   0|  0|   2|           1|           1|
    |or_ln46_24_fu_3522_p2      |        or|   0|  0|   2|           1|           1|
    |or_ln46_25_fu_3652_p2      |        or|   0|  0|   2|           1|           1|
    |or_ln46_26_fu_3782_p2      |        or|   0|  0|   2|           1|           1|
    |or_ln46_27_fu_3912_p2      |        or|   0|  0|   2|           1|           1|
    |or_ln46_28_fu_4042_p2      |        or|   0|  0|   2|           1|           1|
    |or_ln46_29_fu_4172_p2      |        or|   0|  0|   2|           1|           1|
    |or_ln46_2_fu_662_p2        |        or|   0|  0|   2|           1|           1|
    |or_ln46_30_fu_4302_p2      |        or|   0|  0|   2|           1|           1|
    |or_ln46_31_fu_4432_p2      |        or|   0|  0|   2|           1|           1|
    |or_ln46_32_fu_4562_p2      |        or|   0|  0|   2|           1|           1|
    |or_ln46_33_fu_4692_p2      |        or|   0|  0|   2|           1|           1|
    |or_ln46_34_fu_4822_p2      |        or|   0|  0|   2|           1|           1|
    |or_ln46_35_fu_4952_p2      |        or|   0|  0|   2|           1|           1|
    |or_ln46_36_fu_462_p2       |        or|   0|  0|   2|           1|           1|
    |or_ln46_37_fu_592_p2       |        or|   0|  0|   2|           1|           1|
    |or_ln46_38_fu_722_p2       |        or|   0|  0|   2|           1|           1|
    |or_ln46_39_fu_852_p2       |        or|   0|  0|   2|           1|           1|
    |or_ln46_3_fu_792_p2        |        or|   0|  0|   2|           1|           1|
    |or_ln46_40_fu_982_p2       |        or|   0|  0|   2|           1|           1|
    |or_ln46_41_fu_1112_p2      |        or|   0|  0|   2|           1|           1|
    |or_ln46_42_fu_1242_p2      |        or|   0|  0|   2|           1|           1|
    |or_ln46_43_fu_1372_p2      |        or|   0|  0|   2|           1|           1|
    |or_ln46_44_fu_1502_p2      |        or|   0|  0|   2|           1|           1|
    |or_ln46_45_fu_1632_p2      |        or|   0|  0|   2|           1|           1|
    |or_ln46_46_fu_1762_p2      |        or|   0|  0|   2|           1|           1|
    |or_ln46_47_fu_1892_p2      |        or|   0|  0|   2|           1|           1|
    |or_ln46_48_fu_2022_p2      |        or|   0|  0|   2|           1|           1|
    |or_ln46_49_fu_2152_p2      |        or|   0|  0|   2|           1|           1|
    |or_ln46_4_fu_922_p2        |        or|   0|  0|   2|           1|           1|
    |or_ln46_50_fu_2282_p2      |        or|   0|  0|   2|           1|           1|
    |or_ln46_51_fu_2412_p2      |        or|   0|  0|   2|           1|           1|
    |or_ln46_52_fu_2542_p2      |        or|   0|  0|   2|           1|           1|
    |or_ln46_53_fu_2672_p2      |        or|   0|  0|   2|           1|           1|
    |or_ln46_54_fu_2802_p2      |        or|   0|  0|   2|           1|           1|
    |or_ln46_55_fu_2932_p2      |        or|   0|  0|   2|           1|           1|
    |or_ln46_56_fu_3062_p2      |        or|   0|  0|   2|           1|           1|
    |or_ln46_57_fu_3192_p2      |        or|   0|  0|   2|           1|           1|
    |or_ln46_58_fu_3322_p2      |        or|   0|  0|   2|           1|           1|
    |or_ln46_59_fu_3452_p2      |        or|   0|  0|   2|           1|           1|
    |or_ln46_5_fu_1052_p2       |        or|   0|  0|   2|           1|           1|
    |or_ln46_60_fu_3582_p2      |        or|   0|  0|   2|           1|           1|
    |or_ln46_61_fu_3712_p2      |        or|   0|  0|   2|           1|           1|
    |or_ln46_62_fu_3842_p2      |        or|   0|  0|   2|           1|           1|
    |or_ln46_63_fu_3972_p2      |        or|   0|  0|   2|           1|           1|
    |or_ln46_64_fu_4102_p2      |        or|   0|  0|   2|           1|           1|
    |or_ln46_65_fu_4232_p2      |        or|   0|  0|   2|           1|           1|
    |or_ln46_66_fu_4362_p2      |        or|   0|  0|   2|           1|           1|
    |or_ln46_67_fu_4492_p2      |        or|   0|  0|   2|           1|           1|
    |or_ln46_68_fu_4622_p2      |        or|   0|  0|   2|           1|           1|
    |or_ln46_69_fu_4752_p2      |        or|   0|  0|   2|           1|           1|
    |or_ln46_6_fu_1182_p2       |        or|   0|  0|   2|           1|           1|
    |or_ln46_70_fu_4882_p2      |        or|   0|  0|   2|           1|           1|
    |or_ln46_71_fu_5012_p2      |        or|   0|  0|   2|           1|           1|
    |or_ln46_7_fu_1312_p2       |        or|   0|  0|   2|           1|           1|
    |or_ln46_8_fu_1442_p2       |        or|   0|  0|   2|           1|           1|
    |or_ln46_9_fu_1572_p2       |        or|   0|  0|   2|           1|           1|
    |or_ln46_fu_402_p2          |        or|   0|  0|   2|           1|           1|
    |select_ln45_10_fu_1782_p3  |    select|   0|  0|  16|           1|          16|
    |select_ln45_11_fu_1912_p3  |    select|   0|  0|  16|           1|          16|
    |select_ln45_12_fu_2042_p3  |    select|   0|  0|  16|           1|          16|
    |select_ln45_13_fu_2172_p3  |    select|   0|  0|  16|           1|          16|
    |select_ln45_14_fu_2302_p3  |    select|   0|  0|  16|           1|          16|
    |select_ln45_15_fu_2432_p3  |    select|   0|  0|  16|           1|          16|
    |select_ln45_16_fu_2562_p3  |    select|   0|  0|  16|           1|          16|
    |select_ln45_17_fu_2692_p3  |    select|   0|  0|  16|           1|          16|
    |select_ln45_18_fu_2822_p3  |    select|   0|  0|  16|           1|          16|
    |select_ln45_19_fu_2952_p3  |    select|   0|  0|  16|           1|          16|
    |select_ln45_1_fu_612_p3    |    select|   0|  0|  16|           1|          16|
    |select_ln45_20_fu_3082_p3  |    select|   0|  0|  16|           1|          16|
    |select_ln45_21_fu_3212_p3  |    select|   0|  0|  16|           1|          16|
    |select_ln45_22_fu_3342_p3  |    select|   0|  0|  16|           1|          16|
    |select_ln45_23_fu_3472_p3  |    select|   0|  0|  16|           1|          16|
    |select_ln45_24_fu_3602_p3  |    select|   0|  0|  16|           1|          16|
    |select_ln45_25_fu_3732_p3  |    select|   0|  0|  16|           1|          16|
    |select_ln45_26_fu_3862_p3  |    select|   0|  0|  16|           1|          16|
    |select_ln45_27_fu_3992_p3  |    select|   0|  0|  16|           1|          16|
    |select_ln45_28_fu_4122_p3  |    select|   0|  0|  16|           1|          16|
    |select_ln45_29_fu_4252_p3  |    select|   0|  0|  16|           1|          16|
    |select_ln45_2_fu_742_p3    |    select|   0|  0|  16|           1|          16|
    |select_ln45_30_fu_4382_p3  |    select|   0|  0|  16|           1|          16|
    |select_ln45_31_fu_4512_p3  |    select|   0|  0|  16|           1|          16|
    |select_ln45_32_fu_4642_p3  |    select|   0|  0|  16|           1|          16|
    |select_ln45_33_fu_4772_p3  |    select|   0|  0|  16|           1|          16|
    |select_ln45_34_fu_4902_p3  |    select|   0|  0|  16|           1|          16|
    |select_ln45_35_fu_5032_p3  |    select|   0|  0|  16|           1|          16|
    |select_ln45_3_fu_872_p3    |    select|   0|  0|  16|           1|          16|
    |select_ln45_4_fu_1002_p3   |    select|   0|  0|  16|           1|          16|
    |select_ln45_5_fu_1132_p3   |    select|   0|  0|  16|           1|          16|
    |select_ln45_6_fu_1262_p3   |    select|   0|  0|  16|           1|          16|
    |select_ln45_7_fu_1392_p3   |    select|   0|  0|  16|           1|          16|
    |select_ln45_8_fu_1522_p3   |    select|   0|  0|  16|           1|          16|
    |select_ln45_9_fu_1652_p3   |    select|   0|  0|  16|           1|          16|
    |select_ln45_fu_482_p3      |    select|   0|  0|  16|           1|          16|
    |select_ln46_10_fu_1774_p3  |    select|   0|  0|  16|           1|          16|
    |select_ln46_11_fu_1904_p3  |    select|   0|  0|  16|           1|          16|
    |select_ln46_12_fu_2034_p3  |    select|   0|  0|  16|           1|          16|
    |select_ln46_13_fu_2164_p3  |    select|   0|  0|  16|           1|          16|
    |select_ln46_14_fu_2294_p3  |    select|   0|  0|  16|           1|          16|
    |select_ln46_15_fu_2424_p3  |    select|   0|  0|  16|           1|          16|
    |select_ln46_16_fu_2554_p3  |    select|   0|  0|  16|           1|          16|
    |select_ln46_17_fu_2684_p3  |    select|   0|  0|  16|           1|          16|
    |select_ln46_18_fu_2814_p3  |    select|   0|  0|  16|           1|          16|
    |select_ln46_19_fu_2944_p3  |    select|   0|  0|  16|           1|          16|
    |select_ln46_1_fu_604_p3    |    select|   0|  0|  16|           1|          16|
    |select_ln46_20_fu_3074_p3  |    select|   0|  0|  16|           1|          16|
    |select_ln46_21_fu_3204_p3  |    select|   0|  0|  16|           1|          16|
    |select_ln46_22_fu_3334_p3  |    select|   0|  0|  16|           1|          16|
    |select_ln46_23_fu_3464_p3  |    select|   0|  0|  16|           1|          16|
    |select_ln46_24_fu_3594_p3  |    select|   0|  0|  16|           1|          16|
    |select_ln46_25_fu_3724_p3  |    select|   0|  0|  16|           1|          16|
    |select_ln46_26_fu_3854_p3  |    select|   0|  0|  16|           1|          16|
    |select_ln46_27_fu_3984_p3  |    select|   0|  0|  16|           1|          16|
    |select_ln46_28_fu_4114_p3  |    select|   0|  0|  16|           1|          16|
    |select_ln46_29_fu_4244_p3  |    select|   0|  0|  16|           1|          16|
    |select_ln46_2_fu_734_p3    |    select|   0|  0|  16|           1|          16|
    |select_ln46_30_fu_4374_p3  |    select|   0|  0|  16|           1|          16|
    |select_ln46_31_fu_4504_p3  |    select|   0|  0|  16|           1|          16|
    |select_ln46_32_fu_4634_p3  |    select|   0|  0|  16|           1|          16|
    |select_ln46_33_fu_4764_p3  |    select|   0|  0|  16|           1|          16|
    |select_ln46_34_fu_4894_p3  |    select|   0|  0|  16|           1|          16|
    |select_ln46_35_fu_5024_p3  |    select|   0|  0|  16|           1|          16|
    |select_ln46_3_fu_864_p3    |    select|   0|  0|  16|           1|          16|
    |select_ln46_4_fu_994_p3    |    select|   0|  0|  16|           1|          16|
    |select_ln46_5_fu_1124_p3   |    select|   0|  0|  16|           1|          16|
    |select_ln46_6_fu_1254_p3   |    select|   0|  0|  16|           1|          16|
    |select_ln46_7_fu_1384_p3   |    select|   0|  0|  16|           1|          16|
    |select_ln46_8_fu_1514_p3   |    select|   0|  0|  16|           1|          16|
    |select_ln46_9_fu_1644_p3   |    select|   0|  0|  16|           1|          16|
    |select_ln46_fu_474_p3      |    select|   0|  0|  16|           1|          16|
    |xor_ln46_10_fu_1756_p2     |       xor|   0|  0|   2|           1|           2|
    |xor_ln46_11_fu_1886_p2     |       xor|   0|  0|   2|           1|           2|
    |xor_ln46_12_fu_2016_p2     |       xor|   0|  0|   2|           1|           2|
    |xor_ln46_13_fu_2146_p2     |       xor|   0|  0|   2|           1|           2|
    |xor_ln46_14_fu_2276_p2     |       xor|   0|  0|   2|           1|           2|
    |xor_ln46_15_fu_2406_p2     |       xor|   0|  0|   2|           1|           2|
    |xor_ln46_16_fu_2536_p2     |       xor|   0|  0|   2|           1|           2|
    |xor_ln46_17_fu_2666_p2     |       xor|   0|  0|   2|           1|           2|
    |xor_ln46_18_fu_2796_p2     |       xor|   0|  0|   2|           1|           2|
    |xor_ln46_19_fu_2926_p2     |       xor|   0|  0|   2|           1|           2|
    |xor_ln46_1_fu_586_p2       |       xor|   0|  0|   2|           1|           2|
    |xor_ln46_20_fu_3056_p2     |       xor|   0|  0|   2|           1|           2|
    |xor_ln46_21_fu_3186_p2     |       xor|   0|  0|   2|           1|           2|
    |xor_ln46_22_fu_3316_p2     |       xor|   0|  0|   2|           1|           2|
    |xor_ln46_23_fu_3446_p2     |       xor|   0|  0|   2|           1|           2|
    |xor_ln46_24_fu_3576_p2     |       xor|   0|  0|   2|           1|           2|
    |xor_ln46_25_fu_3706_p2     |       xor|   0|  0|   2|           1|           2|
    |xor_ln46_26_fu_3836_p2     |       xor|   0|  0|   2|           1|           2|
    |xor_ln46_27_fu_3966_p2     |       xor|   0|  0|   2|           1|           2|
    |xor_ln46_28_fu_4096_p2     |       xor|   0|  0|   2|           1|           2|
    |xor_ln46_29_fu_4226_p2     |       xor|   0|  0|   2|           1|           2|
    |xor_ln46_2_fu_716_p2       |       xor|   0|  0|   2|           1|           2|
    |xor_ln46_30_fu_4356_p2     |       xor|   0|  0|   2|           1|           2|
    |xor_ln46_31_fu_4486_p2     |       xor|   0|  0|   2|           1|           2|
    |xor_ln46_32_fu_4616_p2     |       xor|   0|  0|   2|           1|           2|
    |xor_ln46_33_fu_4746_p2     |       xor|   0|  0|   2|           1|           2|
    |xor_ln46_34_fu_4876_p2     |       xor|   0|  0|   2|           1|           2|
    |xor_ln46_35_fu_5006_p2     |       xor|   0|  0|   2|           1|           2|
    |xor_ln46_3_fu_846_p2       |       xor|   0|  0|   2|           1|           2|
    |xor_ln46_4_fu_976_p2       |       xor|   0|  0|   2|           1|           2|
    |xor_ln46_5_fu_1106_p2      |       xor|   0|  0|   2|           1|           2|
    |xor_ln46_6_fu_1236_p2      |       xor|   0|  0|   2|           1|           2|
    |xor_ln46_7_fu_1366_p2      |       xor|   0|  0|   2|           1|           2|
    |xor_ln46_8_fu_1496_p2      |       xor|   0|  0|   2|           1|           2|
    |xor_ln46_9_fu_1626_p2      |       xor|   0|  0|   2|           1|           2|
    |xor_ln46_fu_456_p2         |       xor|   0|  0|   2|           1|           2|
    +---------------------------+----------+----+---+----+------------+------------+
    |Total                      |          |   0|  0|5108|        2839|        2053|
    +---------------------------+----------+----+---+----+------------+------------+

    * Multiplexer: 
    +--------------+----+-----------+-----+-----------+
    |     Name     | LUT| Input Size| Bits| Total Bits|
    +--------------+----+-----------+-----+-----------+
    |ap_done       |   9|          2|    1|          2|
    |ap_return_0   |   9|          2|   16|         32|
    |ap_return_1   |   9|          2|   16|         32|
    |ap_return_10  |   9|          2|   16|         32|
    |ap_return_11  |   9|          2|   16|         32|
    |ap_return_12  |   9|          2|   16|         32|
    |ap_return_13  |   9|          2|   16|         32|
    |ap_return_14  |   9|          2|   16|         32|
    |ap_return_15  |   9|          2|   16|         32|
    |ap_return_16  |   9|          2|   16|         32|
    |ap_return_17  |   9|          2|   16|         32|
    |ap_return_18  |   9|          2|   16|         32|
    |ap_return_19  |   9|          2|   16|         32|
    |ap_return_2   |   9|          2|   16|         32|
    |ap_return_20  |   9|          2|   16|         32|
    |ap_return_21  |   9|          2|   16|         32|
    |ap_return_22  |   9|          2|   16|         32|
    |ap_return_23  |   9|          2|   16|         32|
    |ap_return_24  |   9|          2|   16|         32|
    |ap_return_25  |   9|          2|   16|         32|
    |ap_return_26  |   9|          2|   16|         32|
    |ap_return_27  |   9|          2|   16|         32|
    |ap_return_28  |   9|          2|   16|         32|
    |ap_return_29  |   9|          2|   16|         32|
    |ap_return_3   |   9|          2|   16|         32|
    |ap_return_30  |   9|          2|   16|         32|
    |ap_return_31  |   9|          2|   16|         32|
    |ap_return_32  |   9|          2|   16|         32|
    |ap_return_33  |   9|          2|   16|         32|
    |ap_return_34  |   9|          2|   16|         32|
    |ap_return_35  |   9|          2|   16|         32|
    |ap_return_4   |   9|          2|   16|         32|
    |ap_return_5   |   9|          2|   16|         32|
    |ap_return_6   |   9|          2|   16|         32|
    |ap_return_7   |   9|          2|   16|         32|
    |ap_return_8   |   9|          2|   16|         32|
    |ap_return_9   |   9|          2|   16|         32|
    +--------------+----+-----------+-----+-----------+
    |Total         | 333|         74|  577|       1154|
    +--------------+----+-----------+-----+-----------+

    * Register: 
    +-------------------+----+----+-----+-----------+
    |        Name       | FF | LUT| Bits| Const Bits|
    +-------------------+----+----+-----+-----------+
    |ap_CS_fsm          |   1|   0|    1|          0|
    |ap_done_reg        |   1|   0|    1|          0|
    |ap_return_0_preg   |  16|   0|   16|          0|
    |ap_return_10_preg  |  16|   0|   16|          0|
    |ap_return_11_preg  |  16|   0|   16|          0|
    |ap_return_12_preg  |  16|   0|   16|          0|
    |ap_return_13_preg  |  16|   0|   16|          0|
    |ap_return_14_preg  |  16|   0|   16|          0|
    |ap_return_15_preg  |  16|   0|   16|          0|
    |ap_return_16_preg  |  16|   0|   16|          0|
    |ap_return_17_preg  |  16|   0|   16|          0|
    |ap_return_18_preg  |  16|   0|   16|          0|
    |ap_return_19_preg  |  16|   0|   16|          0|
    |ap_return_1_preg   |  16|   0|   16|          0|
    |ap_return_20_preg  |  16|   0|   16|          0|
    |ap_return_21_preg  |  16|   0|   16|          0|
    |ap_return_22_preg  |  16|   0|   16|          0|
    |ap_return_23_preg  |  16|   0|   16|          0|
    |ap_return_24_preg  |  16|   0|   16|          0|
    |ap_return_25_preg  |  16|   0|   16|          0|
    |ap_return_26_preg  |  16|   0|   16|          0|
    |ap_return_27_preg  |  16|   0|   16|          0|
    |ap_return_28_preg  |  16|   0|   16|          0|
    |ap_return_29_preg  |  16|   0|   16|          0|
    |ap_return_2_preg   |  16|   0|   16|          0|
    |ap_return_30_preg  |  16|   0|   16|          0|
    |ap_return_31_preg  |  16|   0|   16|          0|
    |ap_return_32_preg  |  16|   0|   16|          0|
    |ap_return_33_preg  |  16|   0|   16|          0|
    |ap_return_34_preg  |  16|   0|   16|          0|
    |ap_return_35_preg  |  16|   0|   16|          0|
    |ap_return_3_preg   |  16|   0|   16|          0|
    |ap_return_4_preg   |  16|   0|   16|          0|
    |ap_return_5_preg   |  16|   0|   16|          0|
    |ap_return_6_preg   |  16|   0|   16|          0|
    |ap_return_7_preg   |  16|   0|   16|          0|
    |ap_return_8_preg   |  16|   0|   16|          0|
    |ap_return_9_preg   |  16|   0|   16|          0|
    +-------------------+----+----+-----+-----------+
    |Total              | 578|   0|  578|          0|
    +-------------------+----+----+-----+-----------+



================================================================
== Interface
================================================================
* Summary: 
+--------------+-----+-----+------------+---------------------------------------------------------------------------+--------------+
|   RTL Ports  | Dir | Bits|  Protocol  |                               Source Object                               |    C Type    |
+--------------+-----+-----+------------+---------------------------------------------------------------------------+--------------+
|ap_clk        |   in|    1|  ap_ctrl_hs|  relu<ap_fixed<40, 21, 5, 3, 0>, ap_ufixed<16, 6, 4, 0, 0>, relu_config13>|  return value|
|ap_rst        |   in|    1|  ap_ctrl_hs|  relu<ap_fixed<40, 21, 5, 3, 0>, ap_ufixed<16, 6, 4, 0, 0>, relu_config13>|  return value|
|ap_start      |   in|    1|  ap_ctrl_hs|  relu<ap_fixed<40, 21, 5, 3, 0>, ap_ufixed<16, 6, 4, 0, 0>, relu_config13>|  return value|
|ap_done       |  out|    1|  ap_ctrl_hs|  relu<ap_fixed<40, 21, 5, 3, 0>, ap_ufixed<16, 6, 4, 0, 0>, relu_config13>|  return value|
|ap_continue   |   in|    1|  ap_ctrl_hs|  relu<ap_fixed<40, 21, 5, 3, 0>, ap_ufixed<16, 6, 4, 0, 0>, relu_config13>|  return value|
|ap_idle       |  out|    1|  ap_ctrl_hs|  relu<ap_fixed<40, 21, 5, 3, 0>, ap_ufixed<16, 6, 4, 0, 0>, relu_config13>|  return value|
|ap_ready      |  out|    1|  ap_ctrl_hs|  relu<ap_fixed<40, 21, 5, 3, 0>, ap_ufixed<16, 6, 4, 0, 0>, relu_config13>|  return value|
|ap_return_0   |  out|   16|  ap_ctrl_hs|  relu<ap_fixed<40, 21, 5, 3, 0>, ap_ufixed<16, 6, 4, 0, 0>, relu_config13>|  return value|
|ap_return_1   |  out|   16|  ap_ctrl_hs|  relu<ap_fixed<40, 21, 5, 3, 0>, ap_ufixed<16, 6, 4, 0, 0>, relu_config13>|  return value|
|ap_return_2   |  out|   16|  ap_ctrl_hs|  relu<ap_fixed<40, 21, 5, 3, 0>, ap_ufixed<16, 6, 4, 0, 0>, relu_config13>|  return value|
|ap_return_3   |  out|   16|  ap_ctrl_hs|  relu<ap_fixed<40, 21, 5, 3, 0>, ap_ufixed<16, 6, 4, 0, 0>, relu_config13>|  return value|
|ap_return_4   |  out|   16|  ap_ctrl_hs|  relu<ap_fixed<40, 21, 5, 3, 0>, ap_ufixed<16, 6, 4, 0, 0>, relu_config13>|  return value|
|ap_return_5   |  out|   16|  ap_ctrl_hs|  relu<ap_fixed<40, 21, 5, 3, 0>, ap_ufixed<16, 6, 4, 0, 0>, relu_config13>|  return value|
|ap_return_6   |  out|   16|  ap_ctrl_hs|  relu<ap_fixed<40, 21, 5, 3, 0>, ap_ufixed<16, 6, 4, 0, 0>, relu_config13>|  return value|
|ap_return_7   |  out|   16|  ap_ctrl_hs|  relu<ap_fixed<40, 21, 5, 3, 0>, ap_ufixed<16, 6, 4, 0, 0>, relu_config13>|  return value|
|ap_return_8   |  out|   16|  ap_ctrl_hs|  relu<ap_fixed<40, 21, 5, 3, 0>, ap_ufixed<16, 6, 4, 0, 0>, relu_config13>|  return value|
|ap_return_9   |  out|   16|  ap_ctrl_hs|  relu<ap_fixed<40, 21, 5, 3, 0>, ap_ufixed<16, 6, 4, 0, 0>, relu_config13>|  return value|
|ap_return_10  |  out|   16|  ap_ctrl_hs|  relu<ap_fixed<40, 21, 5, 3, 0>, ap_ufixed<16, 6, 4, 0, 0>, relu_config13>|  return value|
|ap_return_11  |  out|   16|  ap_ctrl_hs|  relu<ap_fixed<40, 21, 5, 3, 0>, ap_ufixed<16, 6, 4, 0, 0>, relu_config13>|  return value|
|ap_return_12  |  out|   16|  ap_ctrl_hs|  relu<ap_fixed<40, 21, 5, 3, 0>, ap_ufixed<16, 6, 4, 0, 0>, relu_config13>|  return value|
|ap_return_13  |  out|   16|  ap_ctrl_hs|  relu<ap_fixed<40, 21, 5, 3, 0>, ap_ufixed<16, 6, 4, 0, 0>, relu_config13>|  return value|
|ap_return_14  |  out|   16|  ap_ctrl_hs|  relu<ap_fixed<40, 21, 5, 3, 0>, ap_ufixed<16, 6, 4, 0, 0>, relu_config13>|  return value|
|ap_return_15  |  out|   16|  ap_ctrl_hs|  relu<ap_fixed<40, 21, 5, 3, 0>, ap_ufixed<16, 6, 4, 0, 0>, relu_config13>|  return value|
|ap_return_16  |  out|   16|  ap_ctrl_hs|  relu<ap_fixed<40, 21, 5, 3, 0>, ap_ufixed<16, 6, 4, 0, 0>, relu_config13>|  return value|
|ap_return_17  |  out|   16|  ap_ctrl_hs|  relu<ap_fixed<40, 21, 5, 3, 0>, ap_ufixed<16, 6, 4, 0, 0>, relu_config13>|  return value|
|ap_return_18  |  out|   16|  ap_ctrl_hs|  relu<ap_fixed<40, 21, 5, 3, 0>, ap_ufixed<16, 6, 4, 0, 0>, relu_config13>|  return value|
|ap_return_19  |  out|   16|  ap_ctrl_hs|  relu<ap_fixed<40, 21, 5, 3, 0>, ap_ufixed<16, 6, 4, 0, 0>, relu_config13>|  return value|
|ap_return_20  |  out|   16|  ap_ctrl_hs|  relu<ap_fixed<40, 21, 5, 3, 0>, ap_ufixed<16, 6, 4, 0, 0>, relu_config13>|  return value|
|ap_return_21  |  out|   16|  ap_ctrl_hs|  relu<ap_fixed<40, 21, 5, 3, 0>, ap_ufixed<16, 6, 4, 0, 0>, relu_config13>|  return value|
|ap_return_22  |  out|   16|  ap_ctrl_hs|  relu<ap_fixed<40, 21, 5, 3, 0>, ap_ufixed<16, 6, 4, 0, 0>, relu_config13>|  return value|
|ap_return_23  |  out|   16|  ap_ctrl_hs|  relu<ap_fixed<40, 21, 5, 3, 0>, ap_ufixed<16, 6, 4, 0, 0>, relu_config13>|  return value|
|ap_return_24  |  out|   16|  ap_ctrl_hs|  relu<ap_fixed<40, 21, 5, 3, 0>, ap_ufixed<16, 6, 4, 0, 0>, relu_config13>|  return value|
|ap_return_25  |  out|   16|  ap_ctrl_hs|  relu<ap_fixed<40, 21, 5, 3, 0>, ap_ufixed<16, 6, 4, 0, 0>, relu_config13>|  return value|
|ap_return_26  |  out|   16|  ap_ctrl_hs|  relu<ap_fixed<40, 21, 5, 3, 0>, ap_ufixed<16, 6, 4, 0, 0>, relu_config13>|  return value|
|ap_return_27  |  out|   16|  ap_ctrl_hs|  relu<ap_fixed<40, 21, 5, 3, 0>, ap_ufixed<16, 6, 4, 0, 0>, relu_config13>|  return value|
|ap_return_28  |  out|   16|  ap_ctrl_hs|  relu<ap_fixed<40, 21, 5, 3, 0>, ap_ufixed<16, 6, 4, 0, 0>, relu_config13>|  return value|
|ap_return_29  |  out|   16|  ap_ctrl_hs|  relu<ap_fixed<40, 21, 5, 3, 0>, ap_ufixed<16, 6, 4, 0, 0>, relu_config13>|  return value|
|ap_return_30  |  out|   16|  ap_ctrl_hs|  relu<ap_fixed<40, 21, 5, 3, 0>, ap_ufixed<16, 6, 4, 0, 0>, relu_config13>|  return value|
|ap_return_31  |  out|   16|  ap_ctrl_hs|  relu<ap_fixed<40, 21, 5, 3, 0>, ap_ufixed<16, 6, 4, 0, 0>, relu_config13>|  return value|
|ap_return_32  |  out|   16|  ap_ctrl_hs|  relu<ap_fixed<40, 21, 5, 3, 0>, ap_ufixed<16, 6, 4, 0, 0>, relu_config13>|  return value|
|ap_return_33  |  out|   16|  ap_ctrl_hs|  relu<ap_fixed<40, 21, 5, 3, 0>, ap_ufixed<16, 6, 4, 0, 0>, relu_config13>|  return value|
|ap_return_34  |  out|   16|  ap_ctrl_hs|  relu<ap_fixed<40, 21, 5, 3, 0>, ap_ufixed<16, 6, 4, 0, 0>, relu_config13>|  return value|
|ap_return_35  |  out|   16|  ap_ctrl_hs|  relu<ap_fixed<40, 21, 5, 3, 0>, ap_ufixed<16, 6, 4, 0, 0>, relu_config13>|  return value|
|p_read        |   in|   37|     ap_none|                                                                     p_read|        scalar|
|p_read1       |   in|   36|     ap_none|                                                                    p_read1|        scalar|
|p_read2       |   in|   35|     ap_none|                                                                    p_read2|        scalar|
|p_read3       |   in|   36|     ap_none|                                                                    p_read3|        scalar|
|p_read4       |   in|   37|     ap_none|                                                                    p_read4|        scalar|
|p_read5       |   in|   37|     ap_none|                                                                    p_read5|        scalar|
|p_read6       |   in|   37|     ap_none|                                                                    p_read6|        scalar|
|p_read7       |   in|   36|     ap_none|                                                                    p_read7|        scalar|
|p_read8       |   in|   36|     ap_none|                                                                    p_read8|        scalar|
|p_read9       |   in|   36|     ap_none|                                                                    p_read9|        scalar|
|p_read10      |   in|   37|     ap_none|                                                                   p_read10|        scalar|
|p_read11      |   in|   36|     ap_none|                                                                   p_read11|        scalar|
|p_read12      |   in|   36|     ap_none|                                                                   p_read12|        scalar|
|p_read13      |   in|   37|     ap_none|                                                                   p_read13|        scalar|
|p_read14      |   in|   35|     ap_none|                                                                   p_read14|        scalar|
|p_read15      |   in|   36|     ap_none|                                                                   p_read15|        scalar|
|p_read16      |   in|   37|     ap_none|                                                                   p_read16|        scalar|
|p_read17      |   in|   37|     ap_none|                                                                   p_read17|        scalar|
|p_read18      |   in|   37|     ap_none|                                                                   p_read18|        scalar|
|p_read19      |   in|   36|     ap_none|                                                                   p_read19|        scalar|
|p_read20      |   in|   36|     ap_none|                                                                   p_read20|        scalar|
|p_read21      |   in|   37|     ap_none|                                                                   p_read21|        scalar|
|p_read22      |   in|   36|     ap_none|                                                                   p_read22|        scalar|
|p_read23      |   in|   36|     ap_none|                                                                   p_read23|        scalar|
|p_read24      |   in|   37|     ap_none|                                                                   p_read24|        scalar|
|p_read25      |   in|   37|     ap_none|                                                                   p_read25|        scalar|
|p_read26      |   in|   36|     ap_none|                                                                   p_read26|        scalar|
|p_read27      |   in|   36|     ap_none|                                                                   p_read27|        scalar|
|p_read28      |   in|   36|     ap_none|                                                                   p_read28|        scalar|
|p_read29      |   in|   36|     ap_none|                                                                   p_read29|        scalar|
|p_read30      |   in|   37|     ap_none|                                                                   p_read30|        scalar|
|p_read31      |   in|   37|     ap_none|                                                                   p_read31|        scalar|
|p_read32      |   in|   36|     ap_none|                                                                   p_read32|        scalar|
|p_read33      |   in|   37|     ap_none|                                                                   p_read33|        scalar|
|p_read34      |   in|   37|     ap_none|                                                                   p_read34|        scalar|
|p_read35      |   in|   37|     ap_none|                                                                   p_read35|        scalar|
+--------------+-----+-----+------------+---------------------------------------------------------------------------+--------------+

