

================================================================
== Vivado HLS Report for 'compute_output_buffer_2d_array_array_ap_fixed_24_11_5_3_0_2u_config5_s'
================================================================
* Date:           Sun Jul 27 17:10:02 2025

* Version:        2020.1 (Build 2897737 on Wed May 27 20:21:37 MDT 2020)
* Project:        myhls_prj
* Solution:       solution1
* Product family: virtexuplus
* Target device:  xcu250-figd2104-2L-e


================================================================
== Performance Estimates
================================================================
+ Timing: 
    * Summary: 
    +--------+---------+----------+------------+
    |  Clock |  Target | Estimated| Uncertainty|
    +--------+---------+----------+------------+
    |ap_clk  | 5.00 ns | 4.310 ns |   0.62 ns  |
    +--------+---------+----------+------------+

+ Latency: 
    * Summary: 
    +---------+---------+-----------+-----------+-----+-----+----------+
    |  Latency (cycles) |   Latency (absolute)  |  Interval | Pipeline |
    |   min   |   max   |    min    |    max    | min | max |   Type   |
    +---------+---------+-----------+-----------+-----+-----+----------+
    |        4|        4| 20.000 ns | 20.000 ns |    1|    1| function |
    +---------+---------+-----------+-----------+-----+-----+----------+

    + Detail: 
        * Instance: 
        +----------------------------------------------------------------------------+-----------------------------------------------------------------+---------+---------+-----------+-----------+-----+-----+----------+
        |                                                                            |                                                                 |  Latency (cycles) |   Latency (absolute)  |  Interval | Pipeline |
        |                                  Instance                                  |                              Module                             |   min   |   max   |    min    |    max    | min | max |   Type   |
        +----------------------------------------------------------------------------+-----------------------------------------------------------------+---------+---------+-----------+-----------+-----+-----+----------+
        |grp_dense_latency_ap_ufixed_ap_fixed_24_11_5_3_0_config5_mult_0_0_0_fu_255  |dense_latency_ap_ufixed_ap_fixed_24_11_5_3_0_config5_mult_0_0_0  |        2|        2| 10.000 ns | 10.000 ns |    1|    1| function |
        |call_ret2_shift_line_buffer_array_ap_ufixed_8_1_4_0_0_3u_config5_s_fu_334   |shift_line_buffer_array_ap_ufixed_8_1_4_0_0_3u_config5_s         |        0|        0|    0 ns   |    0 ns   |    1|    1| function |
        +----------------------------------------------------------------------------+-----------------------------------------------------------------+---------+---------+-----------+-----------+-----+-----+----------+

        * Loop: 
        N/A



================================================================
== Utilization Estimates
================================================================
* Summary: 
+---------------------+---------+-------+---------+---------+------+
|         Name        | BRAM_18K| DSP48E|    FF   |   LUT   | URAM |
+---------------------+---------+-------+---------+---------+------+
|DSP                  |        -|      -|        -|        -|     -|
|Expression           |        -|      -|        0|      360|     -|
|FIFO                 |        -|      -|        -|        -|     -|
|Instance             |        0|      0|     1937|     7448|     -|
|Memory               |        -|      -|        -|        -|     -|
|Multiplexer          |        -|      -|        -|       69|     -|
|Register             |        0|      -|     1343|       32|     -|
+---------------------+---------+-------+---------+---------+------+
|Total                |        0|      0|     3280|     7909|     0|
+---------------------+---------+-------+---------+---------+------+
|Available SLR        |     1344|   3072|   864000|   432000|   320|
+---------------------+---------+-------+---------+---------+------+
|Utilization SLR (%)  |        0|      0|    ~0   |        1|     0|
+---------------------+---------+-------+---------+---------+------+
|Available            |     5376|  12288|  3456000|  1728000|  1280|
+---------------------+---------+-------+---------+---------+------+
|Utilization (%)      |        0|      0|    ~0   |    ~0   |     0|
+---------------------+---------+-------+---------+---------+------+

+ Detail: 
    * Instance: 
    +----------------------------------------------------------------------------+-----------------------------------------------------------------+---------+-------+------+------+-----+
    |                                  Instance                                  |                              Module                             | BRAM_18K| DSP48E|  FF  |  LUT | URAM|
    +----------------------------------------------------------------------------+-----------------------------------------------------------------+---------+-------+------+------+-----+
    |grp_dense_latency_ap_ufixed_ap_fixed_24_11_5_3_0_config5_mult_0_0_0_fu_255  |dense_latency_ap_ufixed_ap_fixed_24_11_5_3_0_config5_mult_0_0_0  |        0|      0|  1168|  7064|    0|
    |call_ret2_shift_line_buffer_array_ap_ufixed_8_1_4_0_0_3u_config5_s_fu_334   |shift_line_buffer_array_ap_ufixed_8_1_4_0_0_3u_config5_s         |        0|      0|   769|   384|    0|
    +----------------------------------------------------------------------------+-----------------------------------------------------------------+---------+-------+------+------+-----+
    |Total                                                                       |                                                                 |        0|      0|  1937|  7448|    0|
    +----------------------------------------------------------------------------+-----------------------------------------------------------------+---------+-------+------+------+-----+

    * DSP48E: 
    N/A

    * Memory: 
    N/A

    * FIFO: 
    N/A

    * Expression: 
    +----------------------------------+----------+-------+---+----+------------+------------+
    |           Variable Name          | Operation| DSP48E| FF| LUT| Bitwidth P0| Bitwidth P1|
    +----------------------------------+----------+-------+---+----+------------+------------+
    |add_ln311_fu_1522_p2              |     +    |      0|  0|  39|          32|           1|
    |add_ln313_fu_1534_p2              |     +    |      0|  0|  39|          32|           1|
    |add_ln316_fu_1472_p2              |     +    |      0|  0|  39|          32|           1|
    |add_ln318_fu_1484_p2              |     +    |      0|  0|  39|          32|           1|
    |and_ln284_1_fu_1454_p2            |    and   |      0|  0|   2|           1|           1|
    |and_ln284_2_fu_1460_p2            |    and   |      0|  0|   2|           1|           1|
    |and_ln284_fu_1448_p2              |    and   |      0|  0|   2|           1|           1|
    |ap_block_state5_pp0_stage0_iter4  |    and   |      0|  0|   2|           1|           1|
    |ap_condition_1170                 |    and   |      0|  0|   2|           1|           1|
    |ap_condition_886                  |    and   |      0|  0|   2|           1|           1|
    |io_acc_block_signal_op247         |    and   |      0|  0|   2|           1|           1|
    |icmp_ln284_1_fu_1402_p2           |   icmp   |      0|  0|  20|          32|           3|
    |icmp_ln284_2_fu_1422_p2           |   icmp   |      0|  0|  20|          30|           1|
    |icmp_ln284_3_fu_1442_p2           |   icmp   |      0|  0|  20|          30|           1|
    |icmp_ln284_fu_1392_p2             |   icmp   |      0|  0|  20|          32|           3|
    |icmp_ln303_fu_1466_p2             |   icmp   |      0|  0|  20|          32|           5|
    |icmp_ln307_fu_1516_p2             |   icmp   |      0|  0|  20|          32|           5|
    |ap_block_pp0_stage0_01001         |    or    |      0|  0|   2|           1|           1|
    |ap_block_pp0_stage0_subdone       |    or    |      0|  0|   2|           1|           1|
    |select_ln313_fu_1540_p3           |  select  |      0|  0|  32|           1|           3|
    |select_ln318_fu_1490_p3           |  select  |      0|  0|  32|           1|           3|
    |ap_enable_pp0                     |    xor   |      0|  0|   2|           1|           2|
    +----------------------------------+----------+-------+---+----+------------+------------+
    |Total                             |          |      0|  0| 360|         328|          39|
    +----------------------------------+----------+-------+---+----+------------+------------+

    * Multiplexer: 
    +-----------------------------------------+----+-----------+-----+-----------+
    |                   Name                  | LUT| Input Size| Bits| Total Bits|
    +-----------------------------------------+----+-----------+-----+-----------+
    |ap_phi_reg_pp0_iter2_storemerge_reg_244  |  15|          3|   32|         96|
    |ap_sig_allocacmp_sY_2_load               |   9|          2|   32|         64|
    |pX_2                                     |   9|          2|   32|         64|
    |pY_2                                     |   9|          2|   32|         64|
    |res_stream_V_data_0_V_blk_n              |   9|          2|    1|          2|
    |res_stream_V_data_1_V_blk_n              |   9|          2|    1|          2|
    |sX_2                                     |   9|          2|   32|         64|
    +-----------------------------------------+----+-----------+-----+-----------+
    |Total                                    |  69|         15|  162|        356|
    +-----------------------------------------+----+-----------+-----+-----------+

    * Register: 
    +-----------------------------------------+----+----+-----+-----------+
    |                   Name                  | FF | LUT| Bits| Const Bits|
    +-----------------------------------------+----+----+-----+-----------+
    |and_ln284_2_reg_1945                     |   1|   0|    1|          0|
    |ap_CS_fsm                                |   1|   0|    1|          0|
    |ap_enable_reg_pp0_iter1                  |   1|   0|    1|          0|
    |ap_enable_reg_pp0_iter2                  |   1|   0|    1|          0|
    |ap_enable_reg_pp0_iter3                  |   1|   0|    1|          0|
    |ap_enable_reg_pp0_iter4                  |   1|   0|    1|          0|
    |ap_phi_reg_pp0_iter1_storemerge_reg_244  |  32|   0|   32|          0|
    |ap_phi_reg_pp0_iter2_storemerge_reg_244  |  32|   0|   32|          0|
    |icmp_ln303_reg_1949                      |   1|   0|    1|          0|
    |kernel_data_V_1_0_ret_reg_1640           |   8|   0|    8|          0|
    |kernel_data_V_1_10                       |   8|   0|    8|          0|
    |kernel_data_V_1_10_ret_reg_1680          |   8|   0|    8|          0|
    |kernel_data_V_1_11                       |   8|   0|    8|          0|
    |kernel_data_V_1_11_ret_reg_1685          |   8|   0|    8|          0|
    |kernel_data_V_1_12                       |   8|   0|    8|          0|
    |kernel_data_V_1_12_ret_reg_1690          |   8|   0|    8|          0|
    |kernel_data_V_1_13                       |   8|   0|    8|          0|
    |kernel_data_V_1_13_ret_reg_1695          |   8|   0|    8|          0|
    |kernel_data_V_1_14                       |   8|   0|    8|          0|
    |kernel_data_V_1_14_ret_reg_1700          |   8|   0|    8|          0|
    |kernel_data_V_1_15_ret_reg_1625          |   8|   0|    8|          0|
    |kernel_data_V_1_16_ret_reg_1620          |   8|   0|    8|          0|
    |kernel_data_V_1_17_ret_reg_1615          |   8|   0|    8|          0|
    |kernel_data_V_1_18                       |   8|   0|    8|          0|
    |kernel_data_V_1_18_ret_reg_1705          |   8|   0|    8|          0|
    |kernel_data_V_1_19                       |   8|   0|    8|          0|
    |kernel_data_V_1_19_ret_reg_1710          |   8|   0|    8|          0|
    |kernel_data_V_1_1_ret_reg_1635           |   8|   0|    8|          0|
    |kernel_data_V_1_20                       |   8|   0|    8|          0|
    |kernel_data_V_1_20_ret_reg_1715          |   8|   0|    8|          0|
    |kernel_data_V_1_21                       |   8|   0|    8|          0|
    |kernel_data_V_1_21_ret_reg_1720          |   8|   0|    8|          0|
    |kernel_data_V_1_22                       |   8|   0|    8|          0|
    |kernel_data_V_1_22_ret_reg_1725          |   8|   0|    8|          0|
    |kernel_data_V_1_23                       |   8|   0|    8|          0|
    |kernel_data_V_1_23_ret_reg_1730          |   8|   0|    8|          0|
    |kernel_data_V_1_24                       |   8|   0|    8|          0|
    |kernel_data_V_1_24_ret_reg_1735          |   8|   0|    8|          0|
    |kernel_data_V_1_25                       |   8|   0|    8|          0|
    |kernel_data_V_1_25_ret_reg_1740          |   8|   0|    8|          0|
    |kernel_data_V_1_26                       |   8|   0|    8|          0|
    |kernel_data_V_1_26_ret_reg_1745          |   8|   0|    8|          0|
    |kernel_data_V_1_27                       |   8|   0|    8|          0|
    |kernel_data_V_1_27_ret_reg_1750          |   8|   0|    8|          0|
    |kernel_data_V_1_28                       |   8|   0|    8|          0|
    |kernel_data_V_1_28_ret_reg_1755          |   8|   0|    8|          0|
    |kernel_data_V_1_29                       |   8|   0|    8|          0|
    |kernel_data_V_1_29_ret_reg_1760          |   8|   0|    8|          0|
    |kernel_data_V_1_2_ret_reg_1630           |   8|   0|    8|          0|
    |kernel_data_V_1_3                        |   8|   0|    8|          0|
    |kernel_data_V_1_30_ret_reg_1610          |   8|   0|    8|          0|
    |kernel_data_V_1_31_ret_reg_1605          |   8|   0|    8|          0|
    |kernel_data_V_1_32_ret_reg_1600          |   8|   0|    8|          0|
    |kernel_data_V_1_33                       |   8|   0|    8|          0|
    |kernel_data_V_1_33_ret_reg_1765          |   8|   0|    8|          0|
    |kernel_data_V_1_34                       |   8|   0|    8|          0|
    |kernel_data_V_1_34_ret_reg_1770          |   8|   0|    8|          0|
    |kernel_data_V_1_35                       |   8|   0|    8|          0|
    |kernel_data_V_1_35_ret_reg_1775          |   8|   0|    8|          0|
    |kernel_data_V_1_36                       |   8|   0|    8|          0|
    |kernel_data_V_1_36_ret_reg_1780          |   8|   0|    8|          0|
    |kernel_data_V_1_37                       |   8|   0|    8|          0|
    |kernel_data_V_1_37_ret_reg_1785          |   8|   0|    8|          0|
    |kernel_data_V_1_38                       |   8|   0|    8|          0|
    |kernel_data_V_1_38_ret_reg_1790          |   8|   0|    8|          0|
    |kernel_data_V_1_39                       |   8|   0|    8|          0|
    |kernel_data_V_1_39_ret_reg_1795          |   8|   0|    8|          0|
    |kernel_data_V_1_3_ret_reg_1645           |   8|   0|    8|          0|
    |kernel_data_V_1_4                        |   8|   0|    8|          0|
    |kernel_data_V_1_40                       |   8|   0|    8|          0|
    |kernel_data_V_1_40_ret_reg_1800          |   8|   0|    8|          0|
    |kernel_data_V_1_41                       |   8|   0|    8|          0|
    |kernel_data_V_1_41_ret_reg_1805          |   8|   0|    8|          0|
    |kernel_data_V_1_42                       |   8|   0|    8|          0|
    |kernel_data_V_1_42_ret_reg_1810          |   8|   0|    8|          0|
    |kernel_data_V_1_43                       |   8|   0|    8|          0|
    |kernel_data_V_1_43_ret_reg_1815          |   8|   0|    8|          0|
    |kernel_data_V_1_44                       |   8|   0|    8|          0|
    |kernel_data_V_1_44_ret_reg_1820          |   8|   0|    8|          0|
    |kernel_data_V_1_45_ret_reg_1595          |   8|   0|    8|          0|
    |kernel_data_V_1_46_ret_reg_1590          |   8|   0|    8|          0|
    |kernel_data_V_1_47_ret_reg_1585          |   8|   0|    8|          0|
    |kernel_data_V_1_48                       |   8|   0|    8|          0|
    |kernel_data_V_1_48_ret_reg_1825          |   8|   0|    8|          0|
    |kernel_data_V_1_49                       |   8|   0|    8|          0|
    |kernel_data_V_1_49_ret_reg_1830          |   8|   0|    8|          0|
    |kernel_data_V_1_4_ret_reg_1650           |   8|   0|    8|          0|
    |kernel_data_V_1_5                        |   8|   0|    8|          0|
    |kernel_data_V_1_50                       |   8|   0|    8|          0|
    |kernel_data_V_1_50_ret_reg_1835          |   8|   0|    8|          0|
    |kernel_data_V_1_51                       |   8|   0|    8|          0|
    |kernel_data_V_1_51_ret_reg_1840          |   8|   0|    8|          0|
    |kernel_data_V_1_52                       |   8|   0|    8|          0|
    |kernel_data_V_1_52_ret_reg_1845          |   8|   0|    8|          0|
    |kernel_data_V_1_53                       |   8|   0|    8|          0|
    |kernel_data_V_1_53_ret_reg_1850          |   8|   0|    8|          0|
    |kernel_data_V_1_54                       |   8|   0|    8|          0|
    |kernel_data_V_1_54_ret_reg_1855          |   8|   0|    8|          0|
    |kernel_data_V_1_55                       |   8|   0|    8|          0|
    |kernel_data_V_1_55_ret_reg_1860          |   8|   0|    8|          0|
    |kernel_data_V_1_56                       |   8|   0|    8|          0|
    |kernel_data_V_1_56_ret_reg_1865          |   8|   0|    8|          0|
    |kernel_data_V_1_57                       |   8|   0|    8|          0|
    |kernel_data_V_1_57_ret_reg_1870          |   8|   0|    8|          0|
    |kernel_data_V_1_58                       |   8|   0|    8|          0|
    |kernel_data_V_1_58_ret_reg_1875          |   8|   0|    8|          0|
    |kernel_data_V_1_59                       |   8|   0|    8|          0|
    |kernel_data_V_1_59_ret_reg_1880          |   8|   0|    8|          0|
    |kernel_data_V_1_5_ret_reg_1655           |   8|   0|    8|          0|
    |kernel_data_V_1_6                        |   8|   0|    8|          0|
    |kernel_data_V_1_60_ret_reg_1580          |   8|   0|    8|          0|
    |kernel_data_V_1_61_ret_reg_1575          |   8|   0|    8|          0|
    |kernel_data_V_1_62_ret_reg_1570          |   8|   0|    8|          0|
    |kernel_data_V_1_63                       |   8|   0|    8|          0|
    |kernel_data_V_1_63_ret_reg_1885          |   8|   0|    8|          0|
    |kernel_data_V_1_64                       |   8|   0|    8|          0|
    |kernel_data_V_1_64_ret_reg_1890          |   8|   0|    8|          0|
    |kernel_data_V_1_65                       |   8|   0|    8|          0|
    |kernel_data_V_1_65_ret_reg_1895          |   8|   0|    8|          0|
    |kernel_data_V_1_66                       |   8|   0|    8|          0|
    |kernel_data_V_1_66_ret_reg_1900          |   8|   0|    8|          0|
    |kernel_data_V_1_67                       |   8|   0|    8|          0|
    |kernel_data_V_1_67_ret_reg_1905          |   8|   0|    8|          0|
    |kernel_data_V_1_68                       |   8|   0|    8|          0|
    |kernel_data_V_1_68_ret_reg_1910          |   8|   0|    8|          0|
    |kernel_data_V_1_69                       |   8|   0|    8|          0|
    |kernel_data_V_1_69_ret_reg_1915          |   8|   0|    8|          0|
    |kernel_data_V_1_6_ret_reg_1660           |   8|   0|    8|          0|
    |kernel_data_V_1_7                        |   8|   0|    8|          0|
    |kernel_data_V_1_70                       |   8|   0|    8|          0|
    |kernel_data_V_1_70_ret_reg_1920          |   8|   0|    8|          0|
    |kernel_data_V_1_71                       |   8|   0|    8|          0|
    |kernel_data_V_1_71_ret_reg_1925          |   8|   0|    8|          0|
    |kernel_data_V_1_72                       |   8|   0|    8|          0|
    |kernel_data_V_1_72_ret_reg_1930          |   8|   0|    8|          0|
    |kernel_data_V_1_73                       |   8|   0|    8|          0|
    |kernel_data_V_1_73_ret_reg_1935          |   8|   0|    8|          0|
    |kernel_data_V_1_74                       |   8|   0|    8|          0|
    |kernel_data_V_1_74_ret_reg_1940          |   8|   0|    8|          0|
    |kernel_data_V_1_7_ret_reg_1665           |   8|   0|    8|          0|
    |kernel_data_V_1_8                        |   8|   0|    8|          0|
    |kernel_data_V_1_8_ret_reg_1670           |   8|   0|    8|          0|
    |kernel_data_V_1_9                        |   8|   0|    8|          0|
    |kernel_data_V_1_9_ret_reg_1675           |   8|   0|    8|          0|
    |pX_2                                     |  32|   0|   32|          0|
    |pY_2                                     |  32|   0|   32|          0|
    |sX_2                                     |  32|   0|   32|          0|
    |sY_2                                     |  32|   0|   32|          0|
    |and_ln284_2_reg_1945                     |  64|  32|    1|          0|
    +-----------------------------------------+----+----+-----+-----------+
    |Total                                    |1343|  32| 1280|          0|
    +-----------------------------------------+----+----+-----+-----------+



================================================================
== Interface
================================================================
* Summary: 
+------------------------------+-----+-----+------------+-------------------------------------------------------------------------+--------------+
|           RTL Ports          | Dir | Bits|  Protocol  |                              Source Object                              |    C Type    |
+------------------------------+-----+-----+------------+-------------------------------------------------------------------------+--------------+
|ap_clk                        |  in |    1| ap_ctrl_hs | compute_output_buffer_2d<array,array<ap_fixed<24,11,5,3,0>,2u>,config5> | return value |
|ap_rst                        |  in |    1| ap_ctrl_hs | compute_output_buffer_2d<array,array<ap_fixed<24,11,5,3,0>,2u>,config5> | return value |
|ap_start                      |  in |    1| ap_ctrl_hs | compute_output_buffer_2d<array,array<ap_fixed<24,11,5,3,0>,2u>,config5> | return value |
|ap_done                       | out |    1| ap_ctrl_hs | compute_output_buffer_2d<array,array<ap_fixed<24,11,5,3,0>,2u>,config5> | return value |
|ap_idle                       | out |    1| ap_ctrl_hs | compute_output_buffer_2d<array,array<ap_fixed<24,11,5,3,0>,2u>,config5> | return value |
|ap_ready                      | out |    1| ap_ctrl_hs | compute_output_buffer_2d<array,array<ap_fixed<24,11,5,3,0>,2u>,config5> | return value |
|ap_ce                         |  in |    1| ap_ctrl_hs | compute_output_buffer_2d<array,array<ap_fixed<24,11,5,3,0>,2u>,config5> | return value |
|res_stream_V_data_0_V_blk_n   | out |    1| ap_ctrl_hs | compute_output_buffer_2d<array,array<ap_fixed<24,11,5,3,0>,2u>,config5> | return value |
|res_stream_V_data_1_V_blk_n   | out |    1| ap_ctrl_hs | compute_output_buffer_2d<array,array<ap_fixed<24,11,5,3,0>,2u>,config5> | return value |
|res_stream_V_data_0_V_din     | out |   24|   ap_fifo  |                          res_stream_V_data_0_V                          |    pointer   |
|res_stream_V_data_0_V_full_n  |  in |    1|   ap_fifo  |                          res_stream_V_data_0_V                          |    pointer   |
|res_stream_V_data_0_V_write   | out |    1|   ap_fifo  |                          res_stream_V_data_0_V                          |    pointer   |
|res_stream_V_data_1_V_din     | out |   24|   ap_fifo  |                          res_stream_V_data_1_V                          |    pointer   |
|res_stream_V_data_1_V_full_n  |  in |    1|   ap_fifo  |                          res_stream_V_data_1_V                          |    pointer   |
|res_stream_V_data_1_V_write   | out |    1|   ap_fifo  |                          res_stream_V_data_1_V                          |    pointer   |
|in_elem_data_0_V_read         |  in |    8|   ap_none  |                          in_elem_data_0_V_read                          |    scalar    |
|in_elem_data_1_V_read         |  in |    8|   ap_none  |                          in_elem_data_1_V_read                          |    scalar    |
|in_elem_data_2_V_read         |  in |    8|   ap_none  |                          in_elem_data_2_V_read                          |    scalar    |
+------------------------------+-----+-----+------------+-------------------------------------------------------------------------+--------------+

