

================================================================
== Vitis HLS Report for 'dense_latency_ap_ufixed_16_6_4_0_0_ap_fixed_28_10_5_3_0_config13_s'
================================================================
* Date:           Sun Aug 31 11:02:03 2025

* Version:        2023.1 (Build 3854077 on May  4 2023)
* Project:        myhls_prj
* Solution:       solution1 (Vivado IP Flow Target)
* Product family: virtexuplus
* Target device:  xcu250-figd2104-2L-e


================================================================
== Performance Estimates
================================================================
+ Timing: 
    * Summary: 
    +--------+---------+----------+------------+
    |  Clock |  Target | Estimated| Uncertainty|
    +--------+---------+----------+------------+
    |ap_clk  |  5.00 ns|  3.635 ns|     1.35 ns|
    +--------+---------+----------+------------+

+ Latency: 
    * Summary: 
    +---------+---------+-----------+-----------+-----+-----+---------+
    |  Latency (cycles) |   Latency (absolute)  |  Interval | Pipeline|
    |   min   |   max   |    min    |    max    | min | max |   Type  |
    +---------+---------+-----------+-----------+-----+-----+---------+
    |        2|        2|  10.000 ns|  10.000 ns|    1|    1|      yes|
    +---------+---------+-----------+-----------+-----+-----+---------+

    + Detail: 
        * Instance: 
        N/A

        * Loop: 
        N/A



================================================================
== Utilization Estimates
================================================================
* Summary: 
+---------------------+---------+-------+---------+---------+------+
|         Name        | BRAM_18K|  DSP  |    FF   |   LUT   | URAM |
+---------------------+---------+-------+---------+---------+------+
|DSP                  |        -|      -|        -|        -|     -|
|Expression           |        -|      -|        0|     3690|     -|
|FIFO                 |        -|      -|        -|        -|     -|
|Instance             |        -|     85|        0|      425|     -|
|Memory               |        -|      -|        -|        -|     -|
|Multiplexer          |        -|      -|        -|       54|     -|
|Register             |        -|      -|     1461|        -|     -|
+---------------------+---------+-------+---------+---------+------+
|Total                |        0|     85|     1461|     4169|     0|
+---------------------+---------+-------+---------+---------+------+
|Available SLR        |     1344|   3072|   864000|   432000|   320|
+---------------------+---------+-------+---------+---------+------+
|Utilization SLR (%)  |        0|      2|       ~0|       ~0|     0|
+---------------------+---------+-------+---------+---------+------+
|Available            |     5376|  12288|  3456000|  1728000|  1280|
+---------------------+---------+-------+---------+---------+------+
|Utilization (%)      |        0|     ~0|       ~0|       ~0|     0|
+---------------------+---------+-------+---------+---------+------+

+ Detail: 
    * Instance: 
    +----------------------------+----------------------+---------+----+---+----+-----+
    |          Instance          |        Module        | BRAM_18K| DSP| FF| LUT| URAM|
    +----------------------------+----------------------+---------+----+---+----+-----+
    |mul_16ns_10ns_25_1_1_U4771  |mul_16ns_10ns_25_1_1  |        0|   1|  0|   5|    0|
    |mul_16ns_10ns_25_1_1_U4782  |mul_16ns_10ns_25_1_1  |        0|   1|  0|   5|    0|
    |mul_16ns_10ns_25_1_1_U4789  |mul_16ns_10ns_25_1_1  |        0|   1|  0|   5|    0|
    |mul_16ns_10ns_25_1_1_U4813  |mul_16ns_10ns_25_1_1  |        0|   1|  0|   5|    0|
    |mul_16ns_10ns_25_1_1_U4822  |mul_16ns_10ns_25_1_1  |        0|   1|  0|   5|    0|
    |mul_16ns_10ns_25_1_1_U4831  |mul_16ns_10ns_25_1_1  |        0|   1|  0|   5|    0|
    |mul_16ns_10ns_25_1_1_U4835  |mul_16ns_10ns_25_1_1  |        0|   1|  0|   5|    0|
    |mul_16ns_10ns_25_1_1_U4842  |mul_16ns_10ns_25_1_1  |        0|   1|  0|   5|    0|
    |mul_16ns_10ns_25_1_1_U4847  |mul_16ns_10ns_25_1_1  |        0|   1|  0|   5|    0|
    |mul_16ns_10s_26_1_1_U4775   |mul_16ns_10s_26_1_1   |        0|   1|  0|   5|    0|
    |mul_16ns_10s_26_1_1_U4778   |mul_16ns_10s_26_1_1   |        0|   1|  0|   5|    0|
    |mul_16ns_10s_26_1_1_U4790   |mul_16ns_10s_26_1_1   |        0|   1|  0|   5|    0|
    |mul_16ns_10s_26_1_1_U4793   |mul_16ns_10s_26_1_1   |        0|   1|  0|   5|    0|
    |mul_16ns_10s_26_1_1_U4806   |mul_16ns_10s_26_1_1   |        0|   1|  0|   5|    0|
    |mul_16ns_10s_26_1_1_U4825   |mul_16ns_10s_26_1_1   |        0|   1|  0|   5|    0|
    |mul_16ns_10s_26_1_1_U4827   |mul_16ns_10s_26_1_1   |        0|   1|  0|   5|    0|
    |mul_16ns_10s_26_1_1_U4836   |mul_16ns_10s_26_1_1   |        0|   1|  0|   5|    0|
    |mul_16ns_11ns_26_1_1_U4772  |mul_16ns_11ns_26_1_1  |        0|   1|  0|   5|    0|
    |mul_16ns_11ns_26_1_1_U4774  |mul_16ns_11ns_26_1_1  |        0|   1|  0|   5|    0|
    |mul_16ns_11ns_26_1_1_U4777  |mul_16ns_11ns_26_1_1  |        0|   1|  0|   5|    0|
    |mul_16ns_11ns_26_1_1_U4792  |mul_16ns_11ns_26_1_1  |        0|   1|  0|   5|    0|
    |mul_16ns_11ns_26_1_1_U4797  |mul_16ns_11ns_26_1_1  |        0|   1|  0|   5|    0|
    |mul_16ns_11ns_26_1_1_U4804  |mul_16ns_11ns_26_1_1  |        0|   1|  0|   5|    0|
    |mul_16ns_11ns_26_1_1_U4805  |mul_16ns_11ns_26_1_1  |        0|   1|  0|   5|    0|
    |mul_16ns_11ns_26_1_1_U4810  |mul_16ns_11ns_26_1_1  |        0|   1|  0|   5|    0|
    |mul_16ns_11ns_26_1_1_U4814  |mul_16ns_11ns_26_1_1  |        0|   1|  0|   5|    0|
    |mul_16ns_11ns_26_1_1_U4815  |mul_16ns_11ns_26_1_1  |        0|   1|  0|   5|    0|
    |mul_16ns_11ns_26_1_1_U4817  |mul_16ns_11ns_26_1_1  |        0|   1|  0|   5|    0|
    |mul_16ns_11ns_26_1_1_U4819  |mul_16ns_11ns_26_1_1  |        0|   1|  0|   5|    0|
    |mul_16ns_11ns_26_1_1_U4823  |mul_16ns_11ns_26_1_1  |        0|   1|  0|   5|    0|
    |mul_16ns_11ns_26_1_1_U4828  |mul_16ns_11ns_26_1_1  |        0|   1|  0|   5|    0|
    |mul_16ns_11ns_26_1_1_U4839  |mul_16ns_11ns_26_1_1  |        0|   1|  0|   5|    0|
    |mul_16ns_11ns_26_1_1_U4841  |mul_16ns_11ns_26_1_1  |        0|   1|  0|   5|    0|
    |mul_16ns_11ns_26_1_1_U4849  |mul_16ns_11ns_26_1_1  |        0|   1|  0|   5|    0|
    |mul_16ns_11s_27_1_1_U4776   |mul_16ns_11s_27_1_1   |        0|   1|  0|   5|    0|
    |mul_16ns_11s_27_1_1_U4781   |mul_16ns_11s_27_1_1   |        0|   1|  0|   5|    0|
    |mul_16ns_11s_27_1_1_U4784   |mul_16ns_11s_27_1_1   |        0|   1|  0|   5|    0|
    |mul_16ns_11s_27_1_1_U4787   |mul_16ns_11s_27_1_1   |        0|   1|  0|   5|    0|
    |mul_16ns_11s_27_1_1_U4788   |mul_16ns_11s_27_1_1   |        0|   1|  0|   5|    0|
    |mul_16ns_11s_27_1_1_U4791   |mul_16ns_11s_27_1_1   |        0|   1|  0|   5|    0|
    |mul_16ns_11s_27_1_1_U4794   |mul_16ns_11s_27_1_1   |        0|   1|  0|   5|    0|
    |mul_16ns_11s_27_1_1_U4795   |mul_16ns_11s_27_1_1   |        0|   1|  0|   5|    0|
    |mul_16ns_11s_27_1_1_U4800   |mul_16ns_11s_27_1_1   |        0|   1|  0|   5|    0|
    |mul_16ns_11s_27_1_1_U4803   |mul_16ns_11s_27_1_1   |        0|   1|  0|   5|    0|
    |mul_16ns_11s_27_1_1_U4807   |mul_16ns_11s_27_1_1   |        0|   1|  0|   5|    0|
    |mul_16ns_11s_27_1_1_U4812   |mul_16ns_11s_27_1_1   |        0|   1|  0|   5|    0|
    |mul_16ns_11s_27_1_1_U4816   |mul_16ns_11s_27_1_1   |        0|   1|  0|   5|    0|
    |mul_16ns_11s_27_1_1_U4820   |mul_16ns_11s_27_1_1   |        0|   1|  0|   5|    0|
    |mul_16ns_11s_27_1_1_U4830   |mul_16ns_11s_27_1_1   |        0|   1|  0|   5|    0|
    |mul_16ns_11s_27_1_1_U4832   |mul_16ns_11s_27_1_1   |        0|   1|  0|   5|    0|
    |mul_16ns_11s_27_1_1_U4833   |mul_16ns_11s_27_1_1   |        0|   1|  0|   5|    0|
    |mul_16ns_11s_27_1_1_U4838   |mul_16ns_11s_27_1_1   |        0|   1|  0|   5|    0|
    |mul_16ns_11s_27_1_1_U4845   |mul_16ns_11s_27_1_1   |        0|   1|  0|   5|    0|
    |mul_16ns_11s_27_1_1_U4846   |mul_16ns_11s_27_1_1   |        0|   1|  0|   5|    0|
    |mul_16ns_11s_27_1_1_U4851   |mul_16ns_11s_27_1_1   |        0|   1|  0|   5|    0|
    |mul_16ns_12ns_27_1_1_U4799  |mul_16ns_12ns_27_1_1  |        0|   1|  0|   5|    0|
    |mul_16ns_12ns_27_1_1_U4826  |mul_16ns_12ns_27_1_1  |        0|   1|  0|   5|    0|
    |mul_16ns_12ns_27_1_1_U4852  |mul_16ns_12ns_27_1_1  |        0|   1|  0|   5|    0|
    |mul_16ns_12s_28_1_1_U4773   |mul_16ns_12s_28_1_1   |        0|   1|  0|   5|    0|
    |mul_16ns_12s_28_1_1_U4802   |mul_16ns_12s_28_1_1   |        0|   1|  0|   5|    0|
    |mul_16ns_12s_28_1_1_U4829   |mul_16ns_12s_28_1_1   |        0|   1|  0|   5|    0|
    |mul_16ns_12s_28_1_1_U4844   |mul_16ns_12s_28_1_1   |        0|   1|  0|   5|    0|
    |mul_16ns_13s_29_1_1_U4840   |mul_16ns_13s_29_1_1   |        0|   1|  0|   5|    0|
    |mul_16ns_14s_29_1_1_U4801   |mul_16ns_14s_29_1_1   |        0|   1|  0|   5|    0|
    |mul_16ns_6ns_21_1_1_U4785   |mul_16ns_6ns_21_1_1   |        0|   1|  0|   5|    0|
    |mul_16ns_6s_22_1_1_U4809    |mul_16ns_6s_22_1_1    |        0|   1|  0|   5|    0|
    |mul_16ns_7ns_22_1_1_U4855   |mul_16ns_7ns_22_1_1   |        0|   1|  0|   5|    0|
    |mul_16ns_7s_23_1_1_U4818    |mul_16ns_7s_23_1_1    |        0|   1|  0|   5|    0|
    |mul_16ns_8ns_23_1_1_U4808   |mul_16ns_8ns_23_1_1   |        0|   1|  0|   5|    0|
    |mul_16ns_8ns_23_1_1_U4821   |mul_16ns_8ns_23_1_1   |        0|   1|  0|   5|    0|
    |mul_16ns_8s_24_1_1_U4779    |mul_16ns_8s_24_1_1    |        0|   1|  0|   5|    0|
    |mul_16ns_8s_24_1_1_U4786    |mul_16ns_8s_24_1_1    |        0|   1|  0|   5|    0|
    |mul_16ns_8s_24_1_1_U4848    |mul_16ns_8s_24_1_1    |        0|   1|  0|   5|    0|
    |mul_16ns_9ns_24_1_1_U4780   |mul_16ns_9ns_24_1_1   |        0|   1|  0|   5|    0|
    |mul_16ns_9ns_24_1_1_U4796   |mul_16ns_9ns_24_1_1   |        0|   1|  0|   5|    0|
    |mul_16ns_9ns_24_1_1_U4824   |mul_16ns_9ns_24_1_1   |        0|   1|  0|   5|    0|
    |mul_16ns_9ns_24_1_1_U4843   |mul_16ns_9ns_24_1_1   |        0|   1|  0|   5|    0|
    |mul_16ns_9ns_24_1_1_U4853   |mul_16ns_9ns_24_1_1   |        0|   1|  0|   5|    0|
    |mul_16ns_9s_25_1_1_U4783    |mul_16ns_9s_25_1_1    |        0|   1|  0|   5|    0|
    |mul_16ns_9s_25_1_1_U4798    |mul_16ns_9s_25_1_1    |        0|   1|  0|   5|    0|
    |mul_16ns_9s_25_1_1_U4811    |mul_16ns_9s_25_1_1    |        0|   1|  0|   5|    0|
    |mul_16ns_9s_25_1_1_U4834    |mul_16ns_9s_25_1_1    |        0|   1|  0|   5|    0|
    |mul_16ns_9s_25_1_1_U4837    |mul_16ns_9s_25_1_1    |        0|   1|  0|   5|    0|
    |mul_16ns_9s_25_1_1_U4850    |mul_16ns_9s_25_1_1    |        0|   1|  0|   5|    0|
    |mul_16ns_9s_25_1_1_U4854    |mul_16ns_9s_25_1_1    |        0|   1|  0|   5|    0|
    +----------------------------+----------------------+---------+----+---+----+-----+
    |Total                       |                      |        0|  85|  0| 425|    0|
    +----------------------------+----------------------+---------+----+---+----+-----+

    * DSP: 
    N/A

    * Memory: 
    N/A

    * FIFO: 
    N/A

    * Expression: 
    +---------------------------+----------+----+---+----+------------+------------+
    |       Variable Name       | Operation| DSP| FF| LUT| Bitwidth P0| Bitwidth P1|
    +---------------------------+----------+----+---+----+------------+------------+
    |add_ln58_3918_fu_34252_p2  |         +|   0|  0|  28|          28|          28|
    |add_ln58_3919_fu_34258_p2  |         +|   0|  0|  34|          27|          27|
    |add_ln58_3920_fu_34268_p2  |         +|   0|  0|  35|          28|          28|
    |add_ln58_3921_fu_34274_p2  |         +|   0|  0|  28|          28|          28|
    |add_ln58_3922_fu_34280_p2  |         +|   0|  0|  34|          27|          27|
    |add_ln58_3923_fu_34290_p2  |         +|   0|  0|  34|          27|          27|
    |add_ln58_3924_fu_34300_p2  |         +|   0|  0|  28|          28|          28|
    |add_ln58_3925_fu_34306_p2  |         +|   0|  0|  28|          28|          28|
    |add_ln58_3926_fu_34948_p2  |         +|   0|  0|  28|          28|          28|
    |add_ln58_3927_fu_34312_p2  |         +|   0|  0|  33|          26|          26|
    |add_ln58_3928_fu_34318_p2  |         +|   0|  0|  34|          27|          27|
    |add_ln58_3929_fu_34328_p2  |         +|   0|  0|  35|          28|          28|
    |add_ln58_3930_fu_34955_p2  |         +|   0|  0|  28|          28|          28|
    |add_ln58_3931_fu_34334_p2  |         +|   0|  0|  33|          26|          26|
    |add_ln58_3932_fu_34344_p2  |         +|   0|  0|  29|          22|          22|
    |add_ln58_3933_fu_34353_p2  |         +|   0|  0|  31|          24|          24|
    |add_ln58_3934_fu_34363_p2  |         +|   0|  0|  34|          27|          27|
    |add_ln58_3935_fu_34963_p2  |         +|   0|  0|  28|          28|          28|
    |add_ln58_3936_fu_34969_p2  |         +|   0|  0|  28|          28|          28|
    |add_ln58_3937_fu_34369_p2  |         +|   0|  0|  33|          26|          19|
    |add_ln58_3938_fu_34379_p2  |         +|   0|  0|  34|          27|          27|
    |add_ln58_3939_fu_34389_p2  |         +|   0|  0|  34|          27|          27|
    |add_ln58_3940_fu_34399_p2  |         +|   0|  0|  28|          28|          28|
    |add_ln58_3941_fu_34405_p2  |         +|   0|  0|  28|          28|          28|
    |add_ln58_3942_fu_34411_p2  |         +|   0|  0|  34|          27|          27|
    |add_ln58_3943_fu_34417_p2  |         +|   0|  0|  27|          27|          27|
    |add_ln58_3944_fu_34423_p2  |         +|   0|  0|  27|          27|          27|
    |add_ln58_3945_fu_34981_p2  |         +|   0|  0|  35|          28|          28|
    |add_ln58_3946_fu_34987_p2  |         +|   0|  0|  28|          28|          28|
    |add_ln58_3947_fu_34429_p2  |         +|   0|  0|  33|          26|          26|
    |add_ln58_3948_fu_34435_p2  |         +|   0|  0|  32|          25|          25|
    |add_ln58_3949_fu_34445_p2  |         +|   0|  0|  33|          26|          26|
    |add_ln58_3950_fu_34998_p2  |         +|   0|  0|  34|          27|          27|
    |add_ln58_3951_fu_34451_p2  |         +|   0|  0|  32|          25|          25|
    |add_ln58_3952_fu_34457_p2  |         +|   0|  0|  31|          24|          24|
    |add_ln58_3953_fu_34467_p2  |         +|   0|  0|  32|          25|          25|
    |add_ln58_3954_fu_35014_p2  |         +|   0|  0|  33|          26|          26|
    |add_ln58_3955_fu_35024_p2  |         +|   0|  0|  35|          28|          28|
    |add_ln58_3956_fu_35030_p2  |         +|   0|  0|  28|          28|          28|
    |add_ln58_3957_fu_35036_p2  |         +|   0|  0|  28|          28|          28|
    |add_ln58_3958_fu_34473_p2  |         +|   0|  0|  34|          27|          27|
    |add_ln58_3959_fu_34483_p2  |         +|   0|  0|  35|          28|          28|
    |add_ln58_3960_fu_35042_p2  |         +|   0|  0|  28|          28|          28|
    |add_ln58_3961_fu_34489_p2  |         +|   0|  0|  34|          27|          27|
    |add_ln58_3962_fu_34495_p2  |         +|   0|  0|  33|          26|          26|
    |add_ln58_3963_fu_34505_p2  |         +|   0|  0|  34|          27|          27|
    |add_ln58_3964_fu_35053_p2  |         +|   0|  0|  35|          28|          28|
    |add_ln58_3965_fu_35059_p2  |         +|   0|  0|  28|          28|          28|
    |add_ln58_3966_fu_35065_p2  |         +|   0|  0|  27|          27|          27|
    |add_ln58_3967_fu_34511_p2  |         +|   0|  0|  32|          25|          25|
    |add_ln58_3968_fu_34521_p2  |         +|   0|  0|  33|          26|          26|
    |add_ln58_3969_fu_35074_p2  |         +|   0|  0|  27|          27|          27|
    |add_ln58_3970_fu_34527_p2  |         +|   0|  0|  30|          23|          23|
    |add_ln58_3971_fu_34537_p2  |         +|   0|  0|  25|          25|          25|
    |add_ln58_3972_fu_34543_p2  |         +|   0|  0|  26|          19|          18|
    |add_ln58_3973_fu_34553_p2  |         +|   0|  0|  28|          21|          21|
    |add_ln58_3974_fu_34563_p2  |         +|   0|  0|  25|          25|          25|
    |add_ln58_3975_fu_35087_p2  |         +|   0|  0|  35|          28|          28|
    |add_ln58_3976_fu_35093_p2  |         +|   0|  0|  28|          28|          28|
    |add_ln58_3977_fu_35099_p2  |         +|   0|  0|  28|          28|          28|
    |add_ln58_3978_fu_34569_p2  |         +|   0|  0|  34|          27|          27|
    |add_ln58_3979_fu_34579_p2  |         +|   0|  0|  35|          28|          28|
    |add_ln58_3980_fu_35105_p2  |         +|   0|  0|  28|          28|          28|
    |add_ln58_3981_fu_34585_p2  |         +|   0|  0|  34|          27|          27|
    |add_ln58_3982_fu_34595_p2  |         +|   0|  0|  33|          26|          26|
    |add_ln58_3983_fu_34605_p2  |         +|   0|  0|  28|          28|          28|
    |add_ln58_3984_fu_34611_p2  |         +|   0|  0|  28|          28|          28|
    |add_ln58_3985_fu_35110_p2  |         +|   0|  0|  28|          28|          28|
    |add_ln58_3986_fu_34617_p2  |         +|   0|  0|  33|          26|          26|
    |add_ln58_3987_fu_34623_p2  |         +|   0|  0|  33|          26|          26|
    |add_ln58_3988_fu_34633_p2  |         +|   0|  0|  34|          27|          27|
    |add_ln58_3989_fu_35121_p2  |         +|   0|  0|  28|          28|          28|
    |add_ln58_3990_fu_34639_p2  |         +|   0|  0|  32|          25|          25|
    |add_ln58_3991_fu_34649_p2  |         +|   0|  0|  26|          26|          26|
    |add_ln58_3992_fu_34655_p2  |         +|   0|  0|  27|          20|          17|
    |add_ln58_3993_fu_34664_p2  |         +|   0|  0|  31|          24|          24|
    |add_ln58_3994_fu_34674_p2  |         +|   0|  0|  26|          26|          26|
    |add_ln58_3995_fu_35130_p2  |         +|   0|  0|  28|          28|          28|
    |add_ln58_3996_fu_35136_p2  |         +|   0|  0|  28|          28|          28|
    |add_ln58_3997_fu_34680_p2  |         +|   0|  0|  31|          24|          20|
    |add_ln58_3998_fu_35142_p2  |         +|   0|  0|  28|          28|          28|
    |add_ln58_3999_fu_34690_p2  |         +|   0|  0|  34|          27|          27|
    |add_ln58_4000_fu_34700_p2  |         +|   0|  0|  35|          28|          28|
    |add_ln58_4001_fu_35148_p2  |         +|   0|  0|  28|          28|          28|
    |add_ln58_4002_fu_34706_p2  |         +|   0|  0|  34|          27|          27|
    |add_ln58_4003_fu_34716_p2  |         +|   0|  0|  33|          26|          26|
    |add_ln58_4004_fu_34726_p2  |         +|   0|  0|  34|          27|          27|
    |add_ln58_4005_fu_34736_p2  |         +|   0|  0|  35|          28|          28|
    |add_ln58_4006_fu_35153_p2  |         +|   0|  0|  28|          28|          28|
    |add_ln58_4007_fu_34742_p2  |         +|   0|  0|  32|          25|          25|
    |add_ln58_4008_fu_34748_p2  |         +|   0|  0|  32|          25|          25|
    |add_ln58_4009_fu_34758_p2  |         +|   0|  0|  33|          26|          26|
    |add_ln58_4010_fu_35164_p2  |         +|   0|  0|  34|          27|          27|
    |add_ln58_4011_fu_34764_p2  |         +|   0|  0|  32|          25|          25|
    |add_ln58_4012_fu_34770_p2  |         +|   0|  0|  30|          23|          23|
    |add_ln58_4013_fu_34780_p2  |         +|   0|  0|  31|          24|          24|
    |add_ln58_4014_fu_35180_p2  |         +|   0|  0|  33|          26|          26|
    |add_ln58_4015_fu_35190_p2  |         +|   0|  0|  35|          28|          28|
    |add_ln58_4016_fu_35196_p2  |         +|   0|  0|  28|          28|          28|
    |add_ln58_fu_34242_p2       |         +|   0|  0|  33|          26|          21|
    |add_ln73_68_fu_33600_p2    |         +|   0|  0|  34|          27|          27|
    |add_ln73_69_fu_34198_p2    |         +|   0|  0|  27|          20|          20|
    |add_ln73_fu_33037_p2       |         +|   0|  0|  27|          20|          20|
    |sub_ln73_445_fu_32544_p2   |         -|   0|  0|  32|          25|          25|
    |sub_ln73_446_fu_32593_p2   |         -|   0|  0|  29|           1|          22|
    |sub_ln73_447_fu_32614_p2   |         -|   0|  0|  30|          23|          23|
    |sub_ln73_448_fu_32694_p2   |         -|   0|  0|  30|          23|          23|
    |sub_ln73_449_fu_32369_p2   |         -|   0|  0|  27|           1|          20|
    |sub_ln73_450_fu_32379_p2   |         -|   0|  0|  28|          21|          21|
    |sub_ln73_451_fu_32914_p2   |         -|   0|  0|  33|          26|          26|
    |sub_ln73_452_fu_32991_p2   |         -|   0|  0|  33|          26|          26|
    |sub_ln73_453_fu_34808_p2   |         -|   0|  0|  28|          21|          21|
    |sub_ln73_454_fu_33331_p2   |         -|   0|  0|  32|          25|          25|
    |sub_ln73_455_fu_34918_p2   |         -|   0|  0|  32|          25|          25|
    |sub_ln73_456_fu_33778_p2   |         -|   0|  0|  32|          25|          25|
    |sub_ln73_457_fu_33855_p2   |         -|   0|  0|  33|           1|          26|
    |sub_ln73_458_fu_33876_p2   |         -|   0|  0|  34|          27|          27|
    |sub_ln73_459_fu_34047_p2   |         -|   0|  0|  33|          26|          26|
    |sub_ln73_fu_32534_p2       |         -|   0|  0|  31|           1|          24|
    |ap_block_pp0_stage0_11001  |        or|   0|  0|   2|           1|           1|
    |ap_enable_pp0              |       xor|   0|  0|   2|           1|           2|
    +---------------------------+----------+----+---+----+------------+------------+
    |Total                      |          |   0|  0|3690|        3019|        3088|
    +---------------------------+----------+----+---+----+------------+------------+

    * Multiplexer: 
    +-------------+----+-----------+-----+-----------+
    |     Name    | LUT| Input Size| Bits| Total Bits|
    +-------------+----+-----------+-----+-----------+
    |ap_done      |   9|          2|    1|          2|
    |ap_return_0  |   9|          2|   28|         56|
    |ap_return_1  |   9|          2|   28|         56|
    |ap_return_2  |   9|          2|   28|         56|
    |ap_return_3  |   9|          2|   28|         56|
    |ap_return_4  |   9|          2|   28|         56|
    +-------------+----+-----------+-----+-----------+
    |Total        |  54|         12|  141|        282|
    +-------------+----+-----------+-----+-----------+

    * Register: 
    +------------------------------------+----+----+-----+-----------+
    |                Name                | FF | LUT| Bits| Const Bits|
    +------------------------------------+----+----+-----+-----------+
    |add_ln58_3921_reg_35439             |  28|   0|   28|          0|
    |add_ln58_3925_reg_35444             |  28|   0|   28|          0|
    |add_ln58_3927_reg_35449             |  26|   0|   26|          0|
    |add_ln58_3929_reg_35454             |  28|   0|   28|          0|
    |add_ln58_3934_reg_35459             |  27|   0|   27|          0|
    |add_ln58_3941_reg_35464             |  28|   0|   28|          0|
    |add_ln58_3942_reg_35469             |  27|   0|   27|          0|
    |add_ln58_3944_reg_35474             |  27|   0|   27|          0|
    |add_ln58_3947_reg_35479             |  26|   0|   26|          0|
    |add_ln58_3949_reg_35484             |  26|   0|   26|          0|
    |add_ln58_3951_reg_35489             |  25|   0|   25|          0|
    |add_ln58_3953_reg_35494             |  25|   0|   25|          0|
    |add_ln58_3959_reg_35499             |  28|   0|   28|          0|
    |add_ln58_3961_reg_35504             |  27|   0|   27|          0|
    |add_ln58_3963_reg_35509             |  27|   0|   27|          0|
    |add_ln58_3968_reg_35514             |  26|   0|   26|          0|
    |add_ln58_3974_reg_35519             |  25|   0|   25|          0|
    |add_ln58_3979_reg_35524             |  28|   0|   28|          0|
    |add_ln58_3984_reg_35529             |  28|   0|   28|          0|
    |add_ln58_3986_reg_35534             |  26|   0|   26|          0|
    |add_ln58_3988_reg_35539             |  27|   0|   27|          0|
    |add_ln58_3994_reg_35544             |  26|   0|   26|          0|
    |add_ln58_4000_reg_35549             |  28|   0|   28|          0|
    |add_ln58_4005_reg_35554             |  28|   0|   28|          0|
    |add_ln58_4007_reg_35559             |  25|   0|   25|          0|
    |add_ln58_4009_reg_35564             |  26|   0|   26|          0|
    |add_ln58_4011_reg_35569             |  25|   0|   25|          0|
    |add_ln58_4013_reg_35574             |  24|   0|   24|          0|
    |ap_CS_fsm                           |   1|   0|    1|          0|
    |ap_done_reg                         |   1|   0|    1|          0|
    |ap_enable_reg_pp0_iter1             |   1|   0|    1|          0|
    |ap_enable_reg_pp0_iter2             |   1|   0|    1|          0|
    |ap_return_0_preg                    |  28|   0|   28|          0|
    |ap_return_1_preg                    |  28|   0|   28|          0|
    |ap_return_2_preg                    |  28|   0|   28|          0|
    |ap_return_3_preg                    |  28|   0|   28|          0|
    |ap_return_4_preg                    |  28|   0|   28|          0|
    |lshr_ln42_28_reg_35434              |  25|   0|   25|          0|
    |lshr_ln_reg_35399                   |  25|   0|   25|          0|
    |p_read1030_reg_35308                |  16|   0|   16|          0|
    |p_read1030_reg_35308_pp0_iter1_reg  |  16|   0|   16|          0|
    |p_read1131_reg_35301                |  16|   0|   16|          0|
    |p_read1131_reg_35301_pp0_iter1_reg  |  16|   0|   16|          0|
    |p_read121_reg_35382                 |  16|   0|   16|          0|
    |p_read1232_reg_35292                |  16|   0|   16|          0|
    |p_read1232_reg_35292_pp0_iter1_reg  |  16|   0|   16|          0|
    |p_read222_reg_35374                 |  16|   0|   16|          0|
    |p_read323_reg_35367                 |  16|   0|   16|          0|
    |p_read424_reg_35361                 |  16|   0|   16|          0|
    |p_read525_reg_35351                 |  16|   0|   16|          0|
    |p_read626_reg_35342                 |  16|   0|   16|          0|
    |p_read727_reg_35334                 |  16|   0|   16|          0|
    |p_read727_reg_35334_pp0_iter1_reg   |  16|   0|   16|          0|
    |p_read828_reg_35325                 |  16|   0|   16|          0|
    |p_read929_reg_35316                 |  16|   0|   16|          0|
    |p_read_323_reg_35232                |  16|   0|   16|          0|
    |p_read_324_reg_35241                |  16|   0|   16|          0|
    |p_read_325_reg_35249                |  16|   0|   16|          0|
    |p_read_326_reg_35259                |  16|   0|   16|          0|
    |p_read_327_reg_35268                |  16|   0|   16|          0|
    |p_read_328_reg_35277                |  16|   0|   16|          0|
    |p_read_329_reg_35283                |  16|   0|   16|          0|
    |p_read_330_reg_35392                |  16|   0|   16|          0|
    |trunc_ln42_11_reg_35409             |  20|   0|   20|          0|
    |trunc_ln42_1_reg_35404              |  26|   0|   26|          0|
    |trunc_ln42_20_reg_35419             |  25|   0|   25|          0|
    |trunc_ln42_45_reg_35429             |  25|   0|   25|          0|
    |trunc_ln73_1_reg_35414              |  20|   0|   20|          0|
    |trunc_ln73_3_reg_35424              |  22|   0|   22|          0|
    +------------------------------------+----+----+-----+-----------+
    |Total                               |1461|   0| 1461|          0|
    +------------------------------------+----+----+-----+-----------+



================================================================
== Interface
================================================================
* Summary: 
+-------------+-----+-----+------------+-------------------------------------------------------------------------------+--------------+
|  RTL Ports  | Dir | Bits|  Protocol  |                                 Source Object                                 |    C Type    |
+-------------+-----+-----+------------+-------------------------------------------------------------------------------+--------------+
|ap_clk       |   in|    1|  ap_ctrl_hs|  dense_latency<ap_ufixed<16, 6, 4, 0, 0>, ap_fixed<28, 10, 5, 3, 0>, config13>|  return value|
|ap_rst       |   in|    1|  ap_ctrl_hs|  dense_latency<ap_ufixed<16, 6, 4, 0, 0>, ap_fixed<28, 10, 5, 3, 0>, config13>|  return value|
|ap_start     |   in|    1|  ap_ctrl_hs|  dense_latency<ap_ufixed<16, 6, 4, 0, 0>, ap_fixed<28, 10, 5, 3, 0>, config13>|  return value|
|ap_done      |  out|    1|  ap_ctrl_hs|  dense_latency<ap_ufixed<16, 6, 4, 0, 0>, ap_fixed<28, 10, 5, 3, 0>, config13>|  return value|
|ap_continue  |   in|    1|  ap_ctrl_hs|  dense_latency<ap_ufixed<16, 6, 4, 0, 0>, ap_fixed<28, 10, 5, 3, 0>, config13>|  return value|
|ap_idle      |  out|    1|  ap_ctrl_hs|  dense_latency<ap_ufixed<16, 6, 4, 0, 0>, ap_fixed<28, 10, 5, 3, 0>, config13>|  return value|
|ap_ready     |  out|    1|  ap_ctrl_hs|  dense_latency<ap_ufixed<16, 6, 4, 0, 0>, ap_fixed<28, 10, 5, 3, 0>, config13>|  return value|
|ap_return_0  |  out|   28|  ap_ctrl_hs|  dense_latency<ap_ufixed<16, 6, 4, 0, 0>, ap_fixed<28, 10, 5, 3, 0>, config13>|  return value|
|ap_return_1  |  out|   28|  ap_ctrl_hs|  dense_latency<ap_ufixed<16, 6, 4, 0, 0>, ap_fixed<28, 10, 5, 3, 0>, config13>|  return value|
|ap_return_2  |  out|   28|  ap_ctrl_hs|  dense_latency<ap_ufixed<16, 6, 4, 0, 0>, ap_fixed<28, 10, 5, 3, 0>, config13>|  return value|
|ap_return_3  |  out|   28|  ap_ctrl_hs|  dense_latency<ap_ufixed<16, 6, 4, 0, 0>, ap_fixed<28, 10, 5, 3, 0>, config13>|  return value|
|ap_return_4  |  out|   28|  ap_ctrl_hs|  dense_latency<ap_ufixed<16, 6, 4, 0, 0>, ap_fixed<28, 10, 5, 3, 0>, config13>|  return value|
|p_read       |   in|   16|     ap_none|                                                                         p_read|        scalar|
|p_read1      |   in|   16|     ap_none|                                                                        p_read1|        scalar|
|p_read2      |   in|   16|     ap_none|                                                                        p_read2|        scalar|
|p_read3      |   in|   16|     ap_none|                                                                        p_read3|        scalar|
|p_read4      |   in|   16|     ap_none|                                                                        p_read4|        scalar|
|p_read5      |   in|   16|     ap_none|                                                                        p_read5|        scalar|
|p_read6      |   in|   16|     ap_none|                                                                        p_read6|        scalar|
|p_read7      |   in|   16|     ap_none|                                                                        p_read7|        scalar|
|p_read8      |   in|   16|     ap_none|                                                                        p_read8|        scalar|
|p_read9      |   in|   16|     ap_none|                                                                        p_read9|        scalar|
|p_read10     |   in|   16|     ap_none|                                                                       p_read10|        scalar|
|p_read11     |   in|   16|     ap_none|                                                                       p_read11|        scalar|
|p_read12     |   in|   16|     ap_none|                                                                       p_read12|        scalar|
|p_read13     |   in|   16|     ap_none|                                                                       p_read13|        scalar|
|p_read14     |   in|   16|     ap_none|                                                                       p_read14|        scalar|
|p_read15     |   in|   16|     ap_none|                                                                       p_read15|        scalar|
|p_read16     |   in|   16|     ap_none|                                                                       p_read16|        scalar|
|p_read17     |   in|   16|     ap_none|                                                                       p_read17|        scalar|
|p_read18     |   in|   16|     ap_none|                                                                       p_read18|        scalar|
|p_read19     |   in|   16|     ap_none|                                                                       p_read19|        scalar|
+-------------+-----+-----+------------+-------------------------------------------------------------------------------+--------------+

