

================================================================
== Vitis HLS Report for 'sparse_pooling_avg_ap_ufixed_ap_ufixed_16_6_4_0_0_ap_uint_10_8_1_2_s'
================================================================
* Date:           Sun Jul 27 18:00:08 2025

* Version:        2023.1 (Build 3854077 on May  4 2023)
* Project:        myhls_prj
* Solution:       solution1 (Vivado IP Flow Target)
* Product family: virtexuplus
* Target device:  xcu250-figd2104-2L-e


================================================================
== Performance Estimates
================================================================
+ Timing: 
    * Summary: 
    +--------+---------+----------+------------+
    |  Clock |  Target | Estimated| Uncertainty|
    +--------+---------+----------+------------+
    |ap_clk  |  5.00 ns|  3.623 ns|     1.35 ns|
    +--------+---------+----------+------------+

+ Latency: 
    * Summary: 
    +---------+---------+-----------+-----------+-----+-----+---------+
    |  Latency (cycles) |   Latency (absolute)  |  Interval | Pipeline|
    |   min   |   max   |    min    |    max    | min | max |   Type  |
    +---------+---------+-----------+-----------+-----+-----+---------+
    |        4|        4|  20.000 ns|  20.000 ns|    4|    4|       no|
    +---------+---------+-----------+-----------+-----+-----+---------+

    + Detail: 
        * Instance: 
        N/A

        * Loop: 
        N/A



================================================================
== Utilization Estimates
================================================================
* Summary: 
+---------------------+---------+-------+---------+---------+------+
|         Name        | BRAM_18K|  DSP  |    FF   |   LUT   | URAM |
+---------------------+---------+-------+---------+---------+------+
|DSP                  |        -|      -|        -|        -|     -|
|Expression           |        -|      -|        0|     6294|     -|
|FIFO                 |        -|      -|        -|        -|     -|
|Instance             |        -|      -|        -|        -|     -|
|Memory               |        -|      -|        -|        -|     -|
|Multiplexer          |        -|      -|        -|      184|     -|
|Register             |        -|      -|      589|        -|     -|
+---------------------+---------+-------+---------+---------+------+
|Total                |        0|      0|      589|     6478|     0|
+---------------------+---------+-------+---------+---------+------+
|Available SLR        |     1344|   3072|   864000|   432000|   320|
+---------------------+---------+-------+---------+---------+------+
|Utilization SLR (%)  |        0|      0|       ~0|        1|     0|
+---------------------+---------+-------+---------+---------+------+
|Available            |     5376|  12288|  3456000|  1728000|  1280|
+---------------------+---------+-------+---------+---------+------+
|Utilization (%)      |        0|      0|       ~0|       ~0|     0|
+---------------------+---------+-------+---------+---------+------+

+ Detail: 
    * Instance: 
    N/A

    * DSP: 
    N/A

    * Memory: 
    N/A

    * FIFO: 
    N/A

    * Expression: 
    +----------------------------+----------+----+---+----+------------+------------+
    |        Variable Name       | Operation| DSP| FF| LUT| Bitwidth P0| Bitwidth P1|
    +----------------------------+----------+----+---+----+------------+------------+
    |acc_12_fu_2405_p2           |         +|   0|  0|  23|          16|          16|
    |acc_15_fu_2904_p2           |         +|   0|  0|  23|          16|          16|
    |acc_18_fu_2943_p2           |         +|   0|  0|  23|          16|          16|
    |acc_20_fu_1902_p2           |         +|   0|  0|  23|          16|          16|
    |acc_23_fu_2461_p2           |         +|   0|  0|  23|          16|          16|
    |acc_26_fu_2509_p2           |         +|   0|  0|  23|          16|          16|
    |acc_29_fu_2559_p2           |         +|   0|  0|  23|          16|          16|
    |acc_32_fu_3003_p2           |         +|   0|  0|  23|          16|          16|
    |acc_35_fu_3049_p2           |         +|   0|  0|  23|          16|          16|
    |acc_37_fu_2608_p2           |         +|   0|  0|  23|          16|          16|
    |acc_3_fu_1742_p2            |         +|   0|  0|  23|          16|          16|
    |acc_40_fu_2656_p2           |         +|   0|  0|  23|          16|          16|
    |acc_43_fu_2706_p2           |         +|   0|  0|  23|          16|          16|
    |acc_46_fu_3112_p2           |         +|   0|  0|  23|          16|          16|
    |acc_49_fu_3160_p2           |         +|   0|  0|  23|          16|          16|
    |acc_51_fu_2756_p2           |         +|   0|  0|  23|          16|          16|
    |acc_54_fu_2806_p2           |         +|   0|  0|  23|          16|          16|
    |acc_57_fu_3223_p2           |         +|   0|  0|  23|          16|          16|
    |acc_60_fu_3271_p2           |         +|   0|  0|  23|          16|          16|
    |acc_62_fu_2856_p2           |         +|   0|  0|  23|          16|          16|
    |acc_65_fu_3334_p2           |         +|   0|  0|  23|          16|          16|
    |acc_68_fu_3382_p2           |         +|   0|  0|  23|          16|          16|
    |acc_6_fu_2312_p2            |         +|   0|  0|  23|          16|          16|
    |acc_70_fu_3445_p2           |         +|   0|  0|  23|          16|          16|
    |acc_73_fu_3493_p2           |         +|   0|  0|  23|          16|          16|
    |acc_75_fu_3557_p2           |         +|   0|  0|  23|          16|          16|
    |acc_9_fu_2357_p2            |         +|   0|  0|  23|          16|          16|
    |acc_fu_1672_p2              |         +|   0|  0|  23|          16|          16|
    |add_ln246_10_fu_1121_p2     |         +|   0|  0|  13|           6|           2|
    |add_ln246_12_fu_1295_p2     |         +|   0|  0|  13|           6|           2|
    |add_ln246_14_fu_1469_p2     |         +|   0|  0|  13|           6|           2|
    |add_ln246_2_fu_380_p2       |         +|   0|  0|  13|           6|           2|
    |add_ln246_4_fu_496_p2       |         +|   0|  0|  13|           6|           2|
    |add_ln246_6_fu_773_p2       |         +|   0|  0|  13|           6|           2|
    |add_ln246_8_fu_947_p2       |         +|   0|  0|  13|           6|           2|
    |add_ln246_fu_264_p2         |         +|   0|  0|  13|           6|           2|
    |add_ln247_10_fu_1208_p2     |         +|   0|  0|  13|           6|           2|
    |add_ln247_12_fu_1382_p2     |         +|   0|  0|  13|           6|           2|
    |add_ln247_14_fu_1556_p2     |         +|   0|  0|  13|           6|           2|
    |add_ln247_2_fu_438_p2       |         +|   0|  0|  13|           6|           2|
    |add_ln247_4_fu_554_p2       |         +|   0|  0|  13|           6|           2|
    |add_ln247_6_fu_860_p2       |         +|   0|  0|  13|           6|           2|
    |add_ln247_8_fu_1034_p2      |         +|   0|  0|  13|           6|           2|
    |add_ln247_fu_322_p2         |         +|   0|  0|  13|           6|           2|
    |add_ln285_10_fu_2553_p2     |         +|   0|  0|  24|          17|          17|
    |add_ln285_11_fu_2997_p2     |         +|   0|  0|  24|          17|          17|
    |add_ln285_12_fu_3043_p2     |         +|   0|  0|  24|          17|          17|
    |add_ln285_13_fu_2602_p2     |         +|   0|  0|  24|          17|          17|
    |add_ln285_14_fu_2650_p2     |         +|   0|  0|  24|          17|          17|
    |add_ln285_15_fu_2700_p2     |         +|   0|  0|  24|          17|          17|
    |add_ln285_16_fu_3106_p2     |         +|   0|  0|  24|          17|          17|
    |add_ln285_17_fu_3154_p2     |         +|   0|  0|  24|          17|          17|
    |add_ln285_18_fu_2750_p2     |         +|   0|  0|  24|          17|          17|
    |add_ln285_19_fu_2800_p2     |         +|   0|  0|  24|          17|          17|
    |add_ln285_1_fu_1736_p2      |         +|   0|  0|  24|          17|          17|
    |add_ln285_20_fu_3217_p2     |         +|   0|  0|  24|          17|          17|
    |add_ln285_21_fu_3265_p2     |         +|   0|  0|  24|          17|          17|
    |add_ln285_22_fu_2850_p2     |         +|   0|  0|  24|          17|          17|
    |add_ln285_23_fu_3328_p2     |         +|   0|  0|  24|          17|          17|
    |add_ln285_24_fu_3376_p2     |         +|   0|  0|  24|          17|          17|
    |add_ln285_25_fu_3439_p2     |         +|   0|  0|  24|          17|          17|
    |add_ln285_26_fu_3487_p2     |         +|   0|  0|  24|          17|          17|
    |add_ln285_27_fu_3551_p2     |         +|   0|  0|  24|          17|          17|
    |add_ln285_2_fu_2306_p2      |         +|   0|  0|  24|          17|          17|
    |add_ln285_3_fu_2351_p2      |         +|   0|  0|  24|          17|          17|
    |add_ln285_4_fu_2399_p2      |         +|   0|  0|  24|          17|          17|
    |add_ln285_5_fu_2898_p2      |         +|   0|  0|  24|          17|          17|
    |add_ln285_6_fu_2937_p2      |         +|   0|  0|  24|          17|          17|
    |add_ln285_7_fu_1896_p2      |         +|   0|  0|  24|          17|          17|
    |add_ln285_8_fu_2455_p2      |         +|   0|  0|  24|          17|          17|
    |add_ln285_9_fu_2503_p2      |         +|   0|  0|  24|          17|          17|
    |add_ln285_fu_1666_p2        |         +|   0|  0|  24|          17|          17|
    |add_ln291_1_fu_3754_p2      |         +|   0|  0|  22|          15|          15|
    |add_ln291_2_fu_3839_p2      |         +|   0|  0|  22|          15|          15|
    |add_ln291_3_fu_3924_p2      |         +|   0|  0|  22|          15|          15|
    |add_ln291_4_fu_4009_p2      |         +|   0|  0|  22|          15|          15|
    |add_ln291_5_fu_4094_p2      |         +|   0|  0|  22|          15|          15|
    |add_ln291_6_fu_4179_p2      |         +|   0|  0|  22|          15|          15|
    |add_ln291_7_fu_4285_p2      |         +|   0|  0|  22|          15|          15|
    |add_ln291_fu_3669_p2        |         +|   0|  0|  22|          15|          15|
    |add_ln294_1_fu_3760_p2      |         +|   0|  0|  13|           6|           1|
    |add_ln294_2_fu_3845_p2      |         +|   0|  0|  13|           6|           1|
    |add_ln294_3_fu_3930_p2      |         +|   0|  0|  13|           6|           1|
    |add_ln294_4_fu_4015_p2      |         +|   0|  0|  13|           6|           1|
    |add_ln294_5_fu_4100_p2      |         +|   0|  0|  13|           6|           1|
    |add_ln294_6_fu_4185_p2      |         +|   0|  0|  13|           6|           1|
    |add_ln294_7_fu_4291_p2      |         +|   0|  0|  13|           6|           1|
    |add_ln294_fu_3675_p2        |         +|   0|  0|  13|           6|           1|
    |add_ln295_1_fu_3765_p2      |         +|   0|  0|  15|           8|           1|
    |add_ln295_2_fu_3850_p2      |         +|   0|  0|  15|           8|           1|
    |add_ln295_3_fu_3935_p2      |         +|   0|  0|  15|           8|           1|
    |add_ln295_4_fu_4020_p2      |         +|   0|  0|  15|           8|           1|
    |add_ln295_5_fu_4105_p2      |         +|   0|  0|  15|           8|           1|
    |add_ln295_6_fu_4190_p2      |         +|   0|  0|  15|           8|           1|
    |add_ln295_7_fu_4296_p2      |         +|   0|  0|  15|           8|           1|
    |add_ln295_fu_3680_p2        |         +|   0|  0|  15|           8|           1|
    |h_in_10_fu_1025_p2          |         +|   0|  0|  20|          13|           1|
    |h_in_11_fu_1199_p2          |         +|   0|  0|  20|          13|           1|
    |h_in_12_fu_1373_p2          |         +|   0|  0|  20|          13|           1|
    |h_in_13_fu_1547_p2          |         +|   0|  0|  20|          13|           1|
    |h_in_8_fu_737_p2            |         +|   0|  0|  20|          13|           1|
    |h_in_9_fu_851_p2            |         +|   0|  0|  20|          13|           1|
    |h_in_fu_683_p2              |         +|   0|  0|  20|          13|           1|
    |h_out_7_fu_629_p2           |         +|   0|  0|  20|          13|           1|
    |w_in_10_fu_1112_p2          |         +|   0|  0|  20|          13|           1|
    |w_in_11_fu_1286_p2          |         +|   0|  0|  20|          13|           1|
    |w_in_12_fu_1460_p2          |         +|   0|  0|  20|          13|           1|
    |w_in_13_fu_1634_p2          |         +|   0|  0|  20|          13|           1|
    |w_in_8_fu_764_p2            |         +|   0|  0|  20|          13|           1|
    |w_in_9_fu_938_p2            |         +|   0|  0|  20|          13|           1|
    |w_in_fu_710_p2              |         +|   0|  0|  20|          13|           1|
    |w_out_7_fu_656_p2           |         +|   0|  0|  20|          13|           1|
    |sub_ln246_10_fu_1135_p2     |         -|   0|  0|  13|           1|           6|
    |sub_ln246_11_fu_1159_p2     |         -|   0|  0|  19|           1|          12|
    |sub_ln246_12_fu_1309_p2     |         -|   0|  0|  13|           1|           6|
    |sub_ln246_13_fu_1333_p2     |         -|   0|  0|  19|           1|          12|
    |sub_ln246_14_fu_1483_p2     |         -|   0|  0|  13|           1|           6|
    |sub_ln246_15_fu_1507_p2     |         -|   0|  0|  19|           1|          12|
    |sub_ln246_1_fu_302_p2       |         -|   0|  0|  19|           1|          12|
    |sub_ln246_2_fu_394_p2       |         -|   0|  0|  13|           1|           6|
    |sub_ln246_3_fu_418_p2       |         -|   0|  0|  19|           1|          12|
    |sub_ln246_4_fu_510_p2       |         -|   0|  0|  13|           1|           6|
    |sub_ln246_5_fu_534_p2       |         -|   0|  0|  19|           1|          12|
    |sub_ln246_6_fu_787_p2       |         -|   0|  0|  13|           1|           6|
    |sub_ln246_7_fu_811_p2       |         -|   0|  0|  19|           1|          12|
    |sub_ln246_8_fu_961_p2       |         -|   0|  0|  13|           1|           6|
    |sub_ln246_9_fu_985_p2       |         -|   0|  0|  19|           1|          12|
    |sub_ln246_fu_278_p2         |         -|   0|  0|  13|           1|           6|
    |sub_ln247_10_fu_1222_p2     |         -|   0|  0|  13|           1|           6|
    |sub_ln247_11_fu_1246_p2     |         -|   0|  0|  19|           1|          12|
    |sub_ln247_12_fu_1396_p2     |         -|   0|  0|  13|           1|           6|
    |sub_ln247_13_fu_1420_p2     |         -|   0|  0|  19|           1|          12|
    |sub_ln247_14_fu_1570_p2     |         -|   0|  0|  13|           1|           6|
    |sub_ln247_15_fu_1594_p2     |         -|   0|  0|  19|           1|          12|
    |sub_ln247_1_fu_360_p2       |         -|   0|  0|  19|           1|          12|
    |sub_ln247_2_fu_452_p2       |         -|   0|  0|  13|           1|           6|
    |sub_ln247_3_fu_476_p2       |         -|   0|  0|  19|           1|          12|
    |sub_ln247_4_fu_568_p2       |         -|   0|  0|  13|           1|           6|
    |sub_ln247_5_fu_592_p2       |         -|   0|  0|  19|           1|          12|
    |sub_ln247_6_fu_874_p2       |         -|   0|  0|  13|           1|           6|
    |sub_ln247_7_fu_898_p2       |         -|   0|  0|  19|           1|          12|
    |sub_ln247_8_fu_1048_p2      |         -|   0|  0|  13|           1|           6|
    |sub_ln247_9_fu_1072_p2      |         -|   0|  0|  19|           1|          12|
    |sub_ln247_fu_336_p2         |         -|   0|  0|  13|           1|           6|
    |sub_ln291_10_fu_3537_p2     |         -|   0|  0|  32|           1|          25|
    |sub_ln291_11_fu_4032_p2     |         -|   0|  0|  41|           1|          34|
    |sub_ln291_12_fu_3594_p2     |         -|   0|  0|  32|           1|          25|
    |sub_ln291_13_fu_4117_p2     |         -|   0|  0|  41|           1|          34|
    |sub_ln291_14_fu_4209_p2     |         -|   0|  0|  32|           1|          25|
    |sub_ln291_15_fu_4223_p2     |         -|   0|  0|  41|           1|          34|
    |sub_ln291_1_fu_3607_p2      |         -|   0|  0|  41|           1|          34|
    |sub_ln291_2_fu_3093_p2      |         -|   0|  0|  32|           1|          25|
    |sub_ln291_3_fu_3692_p2      |         -|   0|  0|  41|           1|          34|
    |sub_ln291_4_fu_3204_p2      |         -|   0|  0|  32|           1|          25|
    |sub_ln291_5_fu_3777_p2      |         -|   0|  0|  41|           1|          34|
    |sub_ln291_6_fu_3315_p2      |         -|   0|  0|  32|           1|          25|
    |sub_ln291_7_fu_3862_p2      |         -|   0|  0|  41|           1|          34|
    |sub_ln291_8_fu_3426_p2      |         -|   0|  0|  32|           1|          25|
    |sub_ln291_9_fu_3947_p2      |         -|   0|  0|  41|           1|          34|
    |sub_ln291_fu_2985_p2        |         -|   0|  0|  32|           1|          25|
    |and_ln284_10_fu_1988_p2     |       and|   0|  0|   2|           1|           1|
    |and_ln284_11_fu_2006_p2     |       and|   0|  0|   2|           1|           1|
    |and_ln284_12_fu_2024_p2     |       and|   0|  0|   2|           1|           1|
    |and_ln284_13_fu_2042_p2     |       and|   0|  0|   2|           1|           1|
    |and_ln284_14_fu_2060_p2     |       and|   0|  0|   2|           1|           1|
    |and_ln284_15_fu_2078_p2     |       and|   0|  0|   2|           1|           1|
    |and_ln284_16_fu_2096_p2     |       and|   0|  0|   2|           1|           1|
    |and_ln284_17_fu_2114_p2     |       and|   0|  0|   2|           1|           1|
    |and_ln284_18_fu_2132_p2     |       and|   0|  0|   2|           1|           1|
    |and_ln284_19_fu_2150_p2     |       and|   0|  0|   2|           1|           1|
    |and_ln284_1_fu_1722_p2      |       and|   0|  0|   2|           1|           1|
    |and_ln284_20_fu_2168_p2     |       and|   0|  0|   2|           1|           1|
    |and_ln284_21_fu_2186_p2     |       and|   0|  0|   2|           1|           1|
    |and_ln284_22_fu_2204_p2     |       and|   0|  0|   2|           1|           1|
    |and_ln284_23_fu_2222_p2     |       and|   0|  0|   2|           1|           1|
    |and_ln284_24_fu_2240_p2     |       and|   0|  0|   2|           1|           1|
    |and_ln284_25_fu_2258_p2     |       and|   0|  0|   2|           1|           1|
    |and_ln284_26_fu_2276_p2     |       and|   0|  0|   2|           1|           1|
    |and_ln284_27_fu_2294_p2     |       and|   0|  0|   2|           1|           1|
    |and_ln284_2_fu_1792_p2      |       and|   0|  0|   2|           1|           1|
    |and_ln284_3_fu_1810_p2      |       and|   0|  0|   2|           1|           1|
    |and_ln284_4_fu_1828_p2      |       and|   0|  0|   2|           1|           1|
    |and_ln284_5_fu_1846_p2      |       and|   0|  0|   2|           1|           1|
    |and_ln284_6_fu_1864_p2      |       and|   0|  0|   2|           1|           1|
    |and_ln284_7_fu_1882_p2      |       and|   0|  0|   2|           1|           1|
    |and_ln284_8_fu_1952_p2      |       and|   0|  0|   2|           1|           1|
    |and_ln284_9_fu_1970_p2      |       and|   0|  0|   2|           1|           1|
    |and_ln284_fu_1652_p2        |       and|   0|  0|   2|           1|           1|
    |and_ln291_1_fu_3744_p2      |       and|   0|  0|   2|           1|           1|
    |and_ln291_2_fu_3829_p2      |       and|   0|  0|   2|           1|           1|
    |and_ln291_3_fu_3914_p2      |       and|   0|  0|   2|           1|           1|
    |and_ln291_4_fu_3999_p2      |       and|   0|  0|   2|           1|           1|
    |and_ln291_5_fu_4084_p2      |       and|   0|  0|   2|           1|           1|
    |and_ln291_6_fu_4169_p2      |       and|   0|  0|   2|           1|           1|
    |and_ln291_7_fu_4275_p2      |       and|   0|  0|   2|           1|           1|
    |and_ln291_fu_3659_p2        |       and|   0|  0|   2|           1|           1|
    |icmp_ln284_10_fu_1834_p2    |      icmp|   0|  0|  20|          13|          13|
    |icmp_ln284_11_fu_1840_p2    |      icmp|   0|  0|  20|          13|          13|
    |icmp_ln284_12_fu_1852_p2    |      icmp|   0|  0|  20|          13|          13|
    |icmp_ln284_13_fu_1858_p2    |      icmp|   0|  0|  20|          13|          13|
    |icmp_ln284_14_fu_1870_p2    |      icmp|   0|  0|  20|          13|          13|
    |icmp_ln284_15_fu_1876_p2    |      icmp|   0|  0|  20|          13|          13|
    |icmp_ln284_16_fu_1940_p2    |      icmp|   0|  0|  20|          13|          13|
    |icmp_ln284_17_fu_1946_p2    |      icmp|   0|  0|  20|          13|          13|
    |icmp_ln284_18_fu_1958_p2    |      icmp|   0|  0|  20|          13|          13|
    |icmp_ln284_19_fu_1964_p2    |      icmp|   0|  0|  20|          13|          13|
    |icmp_ln284_1_fu_1646_p2     |      icmp|   0|  0|  20|          13|          13|
    |icmp_ln284_20_fu_1976_p2    |      icmp|   0|  0|  20|          13|          13|
    |icmp_ln284_21_fu_1982_p2    |      icmp|   0|  0|  20|          13|          13|
    |icmp_ln284_22_fu_1994_p2    |      icmp|   0|  0|  20|          13|          13|
    |icmp_ln284_23_fu_2000_p2    |      icmp|   0|  0|  20|          13|          13|
    |icmp_ln284_24_fu_2012_p2    |      icmp|   0|  0|  20|          13|          13|
    |icmp_ln284_25_fu_2018_p2    |      icmp|   0|  0|  20|          13|          13|
    |icmp_ln284_26_fu_2030_p2    |      icmp|   0|  0|  20|          13|          13|
    |icmp_ln284_27_fu_2036_p2    |      icmp|   0|  0|  20|          13|          13|
    |icmp_ln284_28_fu_2048_p2    |      icmp|   0|  0|  20|          13|          13|
    |icmp_ln284_29_fu_2054_p2    |      icmp|   0|  0|  20|          13|          13|
    |icmp_ln284_2_fu_1710_p2     |      icmp|   0|  0|  20|          13|          13|
    |icmp_ln284_30_fu_2066_p2    |      icmp|   0|  0|  20|          13|          13|
    |icmp_ln284_31_fu_2072_p2    |      icmp|   0|  0|  20|          13|          13|
    |icmp_ln284_32_fu_2084_p2    |      icmp|   0|  0|  20|          13|          13|
    |icmp_ln284_33_fu_2090_p2    |      icmp|   0|  0|  20|          13|          13|
    |icmp_ln284_34_fu_2102_p2    |      icmp|   0|  0|  20|          13|          13|
    |icmp_ln284_35_fu_2108_p2    |      icmp|   0|  0|  20|          13|          13|
    |icmp_ln284_36_fu_2120_p2    |      icmp|   0|  0|  20|          13|          13|
    |icmp_ln284_37_fu_2126_p2    |      icmp|   0|  0|  20|          13|          13|
    |icmp_ln284_38_fu_2138_p2    |      icmp|   0|  0|  20|          13|          13|
    |icmp_ln284_39_fu_2144_p2    |      icmp|   0|  0|  20|          13|          13|
    |icmp_ln284_3_fu_1716_p2     |      icmp|   0|  0|  20|          13|          13|
    |icmp_ln284_40_fu_2156_p2    |      icmp|   0|  0|  20|          13|          13|
    |icmp_ln284_41_fu_2162_p2    |      icmp|   0|  0|  20|          13|          13|
    |icmp_ln284_42_fu_2174_p2    |      icmp|   0|  0|  20|          13|          13|
    |icmp_ln284_43_fu_2180_p2    |      icmp|   0|  0|  20|          13|          13|
    |icmp_ln284_44_fu_2192_p2    |      icmp|   0|  0|  20|          13|          13|
    |icmp_ln284_45_fu_2198_p2    |      icmp|   0|  0|  20|          13|          13|
    |icmp_ln284_46_fu_2210_p2    |      icmp|   0|  0|  20|          13|          13|
    |icmp_ln284_47_fu_2216_p2    |      icmp|   0|  0|  20|          13|          13|
    |icmp_ln284_48_fu_2228_p2    |      icmp|   0|  0|  20|          13|          13|
    |icmp_ln284_49_fu_2234_p2    |      icmp|   0|  0|  20|          13|          13|
    |icmp_ln284_4_fu_1780_p2     |      icmp|   0|  0|  20|          13|          13|
    |icmp_ln284_50_fu_2246_p2    |      icmp|   0|  0|  20|          13|          13|
    |icmp_ln284_51_fu_2252_p2    |      icmp|   0|  0|  20|          13|          13|
    |icmp_ln284_52_fu_2264_p2    |      icmp|   0|  0|  20|          13|          13|
    |icmp_ln284_53_fu_2270_p2    |      icmp|   0|  0|  20|          13|          13|
    |icmp_ln284_54_fu_2282_p2    |      icmp|   0|  0|  20|          13|          13|
    |icmp_ln284_55_fu_2288_p2    |      icmp|   0|  0|  20|          13|          13|
    |icmp_ln284_5_fu_1786_p2     |      icmp|   0|  0|  20|          13|          13|
    |icmp_ln284_6_fu_1798_p2     |      icmp|   0|  0|  20|          13|          13|
    |icmp_ln284_7_fu_1804_p2     |      icmp|   0|  0|  20|          13|          13|
    |icmp_ln284_8_fu_1816_p2     |      icmp|   0|  0|  20|          13|          13|
    |icmp_ln284_9_fu_1822_p2     |      icmp|   0|  0|  20|          13|          13|
    |icmp_ln284_fu_1640_p2       |      icmp|   0|  0|  20|          13|          13|
    |icmp_ln291_1_fu_3732_p2     |      icmp|   0|  0|  26|          19|           1|
    |icmp_ln291_2_fu_3817_p2     |      icmp|   0|  0|  26|          19|           1|
    |icmp_ln291_3_fu_3902_p2     |      icmp|   0|  0|  26|          19|           1|
    |icmp_ln291_4_fu_3987_p2     |      icmp|   0|  0|  26|          19|           1|
    |icmp_ln291_5_fu_4072_p2     |      icmp|   0|  0|  26|          19|           1|
    |icmp_ln291_6_fu_4157_p2     |      icmp|   0|  0|  26|          19|           1|
    |icmp_ln291_7_fu_4263_p2     |      icmp|   0|  0|  26|          19|           1|
    |icmp_ln291_fu_3647_p2       |      icmp|   0|  0|  26|          19|           1|
    |ap_block_state1             |        or|   0|  0|   2|           1|           1|
    |or_ln291_1_fu_3738_p2       |        or|   0|  0|   2|           1|           1|
    |or_ln291_2_fu_3823_p2       |        or|   0|  0|   2|           1|           1|
    |or_ln291_3_fu_3908_p2       |        or|   0|  0|   2|           1|           1|
    |or_ln291_4_fu_3993_p2       |        or|   0|  0|   2|           1|           1|
    |or_ln291_5_fu_4078_p2       |        or|   0|  0|   2|           1|           1|
    |or_ln291_6_fu_4163_p2       |        or|   0|  0|   2|           1|           1|
    |or_ln291_7_fu_4269_p2       |        or|   0|  0|   2|           1|           1|
    |or_ln291_fu_3653_p2         |        or|   0|  0|   2|           1|           1|
    |acc_10_fu_2370_p3           |    select|   0|  0|  16|           1|           2|
    |acc_11_fu_2384_p3           |    select|   0|  0|  16|           1|          16|
    |acc_13_fu_2419_p3           |    select|   0|  0|  16|           1|           2|
    |acc_14_fu_2434_p3           |    select|   0|  0|  16|           1|          16|
    |acc_16_fu_2916_p3           |    select|   0|  0|  16|           1|           2|
    |acc_17_fu_2924_p3           |    select|   0|  0|  16|           1|          16|
    |acc_1_fu_1686_p3            |    select|   0|  0|  16|           1|           2|
    |acc_21_fu_1916_p3           |    select|   0|  0|  16|           1|           2|
    |acc_22_fu_1932_p3           |    select|   0|  0|  16|           1|          16|
    |acc_24_fu_2474_p3           |    select|   0|  0|  16|           1|           2|
    |acc_25_fu_2489_p3           |    select|   0|  0|  16|           1|          16|
    |acc_27_fu_2523_p3           |    select|   0|  0|  16|           1|           2|
    |acc_28_fu_2538_p3           |    select|   0|  0|  16|           1|          16|
    |acc_2_fu_1702_p3            |    select|   0|  0|  16|           1|          16|
    |acc_30_fu_2573_p3           |    select|   0|  0|  16|           1|           2|
    |acc_31_fu_2588_p3           |    select|   0|  0|  16|           1|          16|
    |acc_33_fu_3015_p3           |    select|   0|  0|  16|           1|           2|
    |acc_34_fu_3029_p3           |    select|   0|  0|  16|           1|          16|
    |acc_38_fu_2621_p3           |    select|   0|  0|  16|           1|           2|
    |acc_39_fu_2636_p3           |    select|   0|  0|  16|           1|          16|
    |acc_41_fu_2670_p3           |    select|   0|  0|  16|           1|           2|
    |acc_42_fu_2685_p3           |    select|   0|  0|  16|           1|          16|
    |acc_44_fu_2720_p3           |    select|   0|  0|  16|           1|           2|
    |acc_45_fu_2735_p3           |    select|   0|  0|  16|           1|          16|
    |acc_47_fu_3125_p3           |    select|   0|  0|  16|           1|           2|
    |acc_48_fu_3140_p3           |    select|   0|  0|  16|           1|          16|
    |acc_4_fu_1756_p3            |    select|   0|  0|  16|           1|           2|
    |acc_52_fu_2770_p3           |    select|   0|  0|  16|           1|           2|
    |acc_53_fu_2785_p3           |    select|   0|  0|  16|           1|          16|
    |acc_55_fu_2820_p3           |    select|   0|  0|  16|           1|           2|
    |acc_56_fu_2835_p3           |    select|   0|  0|  16|           1|          16|
    |acc_58_fu_3236_p3           |    select|   0|  0|  16|           1|           2|
    |acc_59_fu_3251_p3           |    select|   0|  0|  16|           1|          16|
    |acc_5_fu_1772_p3            |    select|   0|  0|  16|           1|          16|
    |acc_63_fu_2870_p3           |    select|   0|  0|  16|           1|           2|
    |acc_64_fu_2885_p3           |    select|   0|  0|  16|           1|          16|
    |acc_66_fu_3347_p3           |    select|   0|  0|  16|           1|           2|
    |acc_67_fu_3362_p3           |    select|   0|  0|  16|           1|          16|
    |acc_71_fu_3458_p3           |    select|   0|  0|  16|           1|           2|
    |acc_72_fu_3473_p3           |    select|   0|  0|  16|           1|          16|
    |acc_7_fu_2324_p3            |    select|   0|  0|  16|           1|           2|
    |acc_8_fu_2338_p3            |    select|   0|  0|  16|           1|          16|
    |data_10_fu_3023_p3          |    select|   0|  0|  16|           1|           1|
    |data_11_fu_3063_p3          |    select|   0|  0|  16|           1|           1|
    |data_13_fu_2678_p3          |    select|   0|  0|  16|           1|           1|
    |data_14_fu_2728_p3          |    select|   0|  0|  16|           1|           1|
    |data_15_fu_3133_p3          |    select|   0|  0|  16|           1|           1|
    |data_16_fu_3174_p3          |    select|   0|  0|  16|           1|           1|
    |data_18_fu_2828_p3          |    select|   0|  0|  16|           1|           1|
    |data_19_fu_3244_p3          |    select|   0|  0|  16|           1|           1|
    |data_1_fu_2332_p3           |    select|   0|  0|  16|           1|           1|
    |data_20_fu_3285_p3          |    select|   0|  0|  16|           1|           1|
    |data_22_fu_3355_p3          |    select|   0|  0|  16|           1|           1|
    |data_23_fu_3396_p3          |    select|   0|  0|  16|           1|           1|
    |data_25_fu_3507_p3          |    select|   0|  0|  16|           1|           1|
    |data_26_fu_1694_p3          |    select|   0|  0|  16|           1|           1|
    |data_27_fu_1924_p3          |    select|   0|  0|  16|           1|           1|
    |data_28_fu_2629_p3          |    select|   0|  0|  16|           1|           1|
    |data_29_fu_2778_p3          |    select|   0|  0|  16|           1|           1|
    |data_2_fu_2378_p3           |    select|   0|  0|  16|           1|           1|
    |data_30_fu_2878_p3          |    select|   0|  0|  16|           1|           1|
    |data_31_fu_3466_p3          |    select|   0|  0|  16|           1|           1|
    |data_3_fu_2427_p3           |    select|   0|  0|  16|           1|           1|
    |data_4_fu_2441_p3           |    select|   0|  0|  16|           1|           1|
    |data_5_fu_2956_p3           |    select|   0|  0|  16|           1|           1|
    |data_7_fu_2482_p3           |    select|   0|  0|  16|           1|           1|
    |data_8_fu_2531_p3           |    select|   0|  0|  16|           1|           1|
    |data_9_fu_2581_p3           |    select|   0|  0|  16|           1|           1|
    |data_fu_1764_p3             |    select|   0|  0|  16|           1|           1|
    |select_ln246_1_fu_669_p3    |    select|   0|  0|  12|           1|          12|
    |select_ln246_2_fu_723_p3    |    select|   0|  0|  12|           1|          12|
    |select_ln246_3_fu_835_p3    |    select|   0|  0|  12|           1|          12|
    |select_ln246_4_fu_1009_p3   |    select|   0|  0|  12|           1|          12|
    |select_ln246_5_fu_1183_p3   |    select|   0|  0|  12|           1|          12|
    |select_ln246_6_fu_1357_p3   |    select|   0|  0|  12|           1|          12|
    |select_ln246_7_fu_1531_p3   |    select|   0|  0|  12|           1|          12|
    |select_ln246_fu_615_p3      |    select|   0|  0|  12|           1|          12|
    |select_ln247_1_fu_696_p3    |    select|   0|  0|  12|           1|          12|
    |select_ln247_2_fu_750_p3    |    select|   0|  0|  12|           1|          12|
    |select_ln247_3_fu_922_p3    |    select|   0|  0|  12|           1|          12|
    |select_ln247_4_fu_1096_p3   |    select|   0|  0|  12|           1|          12|
    |select_ln247_5_fu_1270_p3   |    select|   0|  0|  12|           1|          12|
    |select_ln247_6_fu_1444_p3   |    select|   0|  0|  12|           1|          12|
    |select_ln247_7_fu_1618_p3   |    select|   0|  0|  12|           1|          12|
    |select_ln247_fu_642_p3      |    select|   0|  0|  12|           1|          12|
    |select_ln284_13_fu_2970_p3  |    select|   0|  0|  16|           1|          16|
    |select_ln284_24_fu_3078_p3  |    select|   0|  0|  16|           1|          16|
    |select_ln284_33_fu_3189_p3  |    select|   0|  0|  16|           1|          16|
    |select_ln284_40_fu_3300_p3  |    select|   0|  0|  16|           1|          16|
    |select_ln284_45_fu_3411_p3  |    select|   0|  0|  16|           1|          16|
    |select_ln284_48_fu_3522_p3  |    select|   0|  0|  16|           1|          16|
    |select_ln284_49_fu_4195_p3  |    select|   0|  0|  16|           1|           1|
    |select_ln284_fu_3579_p3     |    select|   0|  0|  16|           1|          16|
    |select_ln285_11_fu_3181_p3  |    select|   0|  0|  16|           1|           2|
    |select_ln285_15_fu_3292_p3  |    select|   0|  0|  16|           1|           2|
    |select_ln285_18_fu_3403_p3  |    select|   0|  0|  16|           1|           2|
    |select_ln285_20_fu_3514_p3  |    select|   0|  0|  16|           1|           2|
    |select_ln285_21_fu_3571_p3  |    select|   0|  0|  16|           1|           2|
    |select_ln285_6_fu_3070_p3   |    select|   0|  0|  16|           1|           2|
    |select_ln285_fu_2962_p3     |    select|   0|  0|  16|           1|           2|
    +----------------------------+----------+----+---+----+------------+------------+
    |Total                       |          |   0|  0|6294|        2533|        3373|
    +----------------------------+----------+----+---+----+------------+------------+

    * Multiplexer: 
    +-----------------------------+----+-----------+-----+-----------+
    |             Name            | LUT| Input Size| Bits| Total Bits|
    +-----------------------------+----+-----------+-----+-----------+
    |ap_NS_fsm                    |  31|          6|    1|          6|
    |ap_done                      |   9|          2|    1|          2|
    |sparse_arr_hash_in_0_blk_n   |   9|          2|    1|          2|
    |sparse_arr_hash_in_10_blk_n  |   9|          2|    1|          2|
    |sparse_arr_hash_in_11_blk_n  |   9|          2|    1|          2|
    |sparse_arr_hash_in_12_blk_n  |   9|          2|    1|          2|
    |sparse_arr_hash_in_13_blk_n  |   9|          2|    1|          2|
    |sparse_arr_hash_in_14_blk_n  |   9|          2|    1|          2|
    |sparse_arr_hash_in_15_blk_n  |   9|          2|    1|          2|
    |sparse_arr_hash_in_1_blk_n   |   9|          2|    1|          2|
    |sparse_arr_hash_in_2_blk_n   |   9|          2|    1|          2|
    |sparse_arr_hash_in_3_blk_n   |   9|          2|    1|          2|
    |sparse_arr_hash_in_4_blk_n   |   9|          2|    1|          2|
    |sparse_arr_hash_in_5_blk_n   |   9|          2|    1|          2|
    |sparse_arr_hash_in_6_blk_n   |   9|          2|    1|          2|
    |sparse_arr_hash_in_7_blk_n   |   9|          2|    1|          2|
    |sparse_arr_hash_in_8_blk_n   |   9|          2|    1|          2|
    |sparse_arr_hash_in_9_blk_n   |   9|          2|    1|          2|
    +-----------------------------+----+-----------+-----+-----------+
    |Total                        | 184|         40|   18|         40|
    +-----------------------------+----+-----------+-----+-----------+

    * Register: 
    +-------------------------------------+----+----+-----+-----------+
    |                 Name                | FF | LUT| Bits| Const Bits|
    +-------------------------------------+----+----+-----+-----------+
    |acc_14_reg_4863                      |  16|   0|   16|          0|
    |acc_22_reg_4723                      |  16|   0|   16|          0|
    |acc_31_reg_4877                      |  16|   0|   16|          0|
    |acc_45_reg_4884                      |  16|   0|   16|          0|
    |acc_56_reg_4891                      |  16|   0|   16|          0|
    |acc_5_reg_4679                       |  16|   0|   16|          0|
    |acc_64_reg_4905                      |  16|   0|   16|          0|
    |and_ln284_10_reg_4742                |   1|   0|    1|          0|
    |and_ln284_11_reg_4748                |   1|   0|    1|          0|
    |and_ln284_12_reg_4754                |   1|   0|    1|          0|
    |and_ln284_13_reg_4760                |   1|   0|    1|          0|
    |and_ln284_14_reg_4766                |   1|   0|    1|          0|
    |and_ln284_15_reg_4772                |   1|   0|    1|          0|
    |and_ln284_16_reg_4778                |   1|   0|    1|          0|
    |and_ln284_17_reg_4784                |   1|   0|    1|          0|
    |and_ln284_18_reg_4790                |   1|   0|    1|          0|
    |and_ln284_19_reg_4796                |   1|   0|    1|          0|
    |and_ln284_20_reg_4802                |   1|   0|    1|          0|
    |and_ln284_21_reg_4808                |   1|   0|    1|          0|
    |and_ln284_22_reg_4814                |   1|   0|    1|          0|
    |and_ln284_23_reg_4820                |   1|   0|    1|          0|
    |and_ln284_24_reg_4826                |   1|   0|    1|          0|
    |and_ln284_25_reg_4832                |   1|   0|    1|          0|
    |and_ln284_26_reg_4838                |   1|   0|    1|          0|
    |and_ln284_27_reg_4844                |   1|   0|    1|          0|
    |and_ln284_2_reg_4686                 |   1|   0|    1|          0|
    |and_ln284_3_reg_4692                 |   1|   0|    1|          0|
    |and_ln284_4_reg_4698                 |   1|   0|    1|          0|
    |and_ln284_5_reg_4704                 |   1|   0|    1|          0|
    |and_ln284_6_reg_4710                 |   1|   0|    1|          0|
    |and_ln284_8_reg_4730                 |   1|   0|    1|          0|
    |and_ln284_9_reg_4736                 |   1|   0|    1|          0|
    |ap_CS_fsm                            |   5|   0|    5|          0|
    |ap_done_reg                          |   1|   0|    1|          0|
    |data_25_reg_4937                     |  16|   0|   16|          0|
    |data_27_reg_4716                     |  16|   0|   16|          0|
    |data_30_reg_4898                     |  16|   0|   16|          0|
    |data_4_reg_4870                      |  16|   0|   16|          0|
    |sparse_arr_hash_in_10_read_reg_4470  |   5|   0|    5|          0|
    |sparse_arr_hash_in_11_read_reg_4465  |   5|   0|    5|          0|
    |sparse_arr_hash_in_12_read_reg_4460  |   5|   0|    5|          0|
    |sparse_arr_hash_in_13_read_reg_4455  |   5|   0|    5|          0|
    |sparse_arr_hash_in_14_read_reg_4450  |   5|   0|    5|          0|
    |sparse_arr_hash_in_15_read_reg_4445  |   5|   0|    5|          0|
    |sparse_arr_hash_in_6_read_reg_4490   |   5|   0|    5|          0|
    |sparse_arr_hash_in_7_read_reg_4485   |   5|   0|    5|          0|
    |sparse_arr_hash_in_8_read_reg_4480   |   5|   0|    5|          0|
    |sparse_arr_hash_in_9_read_reg_4475   |   5|   0|    5|          0|
    |sub_ln246_1_reg_4500                 |  12|   0|   12|          0|
    |sub_ln246_3_reg_4530                 |  12|   0|   12|          0|
    |sub_ln246_5_reg_4560                 |  12|   0|   12|          0|
    |sub_ln247_1_reg_4515                 |  12|   0|   12|          0|
    |sub_ln247_3_reg_4545                 |  12|   0|   12|          0|
    |sub_ln247_5_reg_4575                 |  12|   0|   12|          0|
    |sub_ln291_10_reg_4942                |  16|   0|   25|          9|
    |sub_ln291_12_reg_4947                |  16|   0|   25|          9|
    |sub_ln291_2_reg_4917                 |  16|   0|   25|          9|
    |sub_ln291_4_reg_4922                 |  16|   0|   25|          9|
    |sub_ln291_6_reg_4927                 |  16|   0|   25|          9|
    |sub_ln291_8_reg_4932                 |  16|   0|   25|          9|
    |sub_ln291_reg_4912                   |  16|   0|   25|          9|
    |tmp_1_reg_4510                       |   1|   0|    1|          0|
    |tmp_2_reg_4525                       |   1|   0|    1|          0|
    |tmp_3_reg_4540                       |   1|   0|    1|          0|
    |tmp_4_reg_4555                       |   1|   0|    1|          0|
    |tmp_5_reg_4570                       |   1|   0|    1|          0|
    |tmp_reg_4495                         |   1|   0|    1|          0|
    |trunc_ln246_10_reg_4629              |   6|   0|    6|          0|
    |trunc_ln246_13_reg_4639              |   6|   0|    6|          0|
    |trunc_ln246_16_reg_4649              |   6|   0|    6|          0|
    |trunc_ln246_19_reg_4659              |   6|   0|    6|          0|
    |trunc_ln246_1_reg_4609               |   6|   0|    6|          0|
    |trunc_ln246_22_reg_4669              |   6|   0|    6|          0|
    |trunc_ln246_4_reg_4505               |   5|   0|    5|          0|
    |trunc_ln246_5_reg_4565               |   5|   0|    5|          0|
    |trunc_ln246_6_reg_4619               |   6|   0|    6|          0|
    |trunc_ln246_reg_4599                 |   6|   0|    6|          0|
    |trunc_ln246_s_reg_4535               |   5|   0|    5|          0|
    |trunc_ln247_10_reg_4634              |   8|   0|    8|          0|
    |trunc_ln247_13_reg_4644              |   8|   0|    8|          0|
    |trunc_ln247_16_reg_4654              |   8|   0|    8|          0|
    |trunc_ln247_19_reg_4664              |   8|   0|    8|          0|
    |trunc_ln247_1_reg_4614               |   8|   0|    8|          0|
    |trunc_ln247_22_reg_4674              |   8|   0|    8|          0|
    |trunc_ln247_4_reg_4520               |   5|   0|    5|          0|
    |trunc_ln247_5_reg_4580               |   5|   0|    5|          0|
    |trunc_ln247_6_reg_4624               |   8|   0|    8|          0|
    |trunc_ln247_reg_4604                 |   8|   0|    8|          0|
    |trunc_ln247_s_reg_4550               |   5|   0|    5|          0|
    +-------------------------------------+----+----+-----+-----------+
    |Total                                | 589|   0|  652|         63|
    +-------------------------------------+----+----+-----+-----------+



================================================================
== Interface
================================================================
* Summary: 
+--------------------------------------+-----+-----+------------+-----------------------------------------------------------------------+--------------+
|               RTL Ports              | Dir | Bits|  Protocol  |                             Source Object                             |    C Type    |
+--------------------------------------+-----+-----+------------+-----------------------------------------------------------------------+--------------+
|ap_clk                                |   in|    1|  ap_ctrl_hs|  sparse_pooling_avg<ap_ufixed,ap_ufixed<16,6,4,0,0>,ap_uint<10>,8,1,2>|  return value|
|ap_rst                                |   in|    1|  ap_ctrl_hs|  sparse_pooling_avg<ap_ufixed,ap_ufixed<16,6,4,0,0>,ap_uint<10>,8,1,2>|  return value|
|ap_start                              |   in|    1|  ap_ctrl_hs|  sparse_pooling_avg<ap_ufixed,ap_ufixed<16,6,4,0,0>,ap_uint<10>,8,1,2>|  return value|
|ap_done                               |  out|    1|  ap_ctrl_hs|  sparse_pooling_avg<ap_ufixed,ap_ufixed<16,6,4,0,0>,ap_uint<10>,8,1,2>|  return value|
|ap_continue                           |   in|    1|  ap_ctrl_hs|  sparse_pooling_avg<ap_ufixed,ap_ufixed<16,6,4,0,0>,ap_uint<10>,8,1,2>|  return value|
|ap_idle                               |  out|    1|  ap_ctrl_hs|  sparse_pooling_avg<ap_ufixed,ap_ufixed<16,6,4,0,0>,ap_uint<10>,8,1,2>|  return value|
|ap_ready                              |  out|    1|  ap_ctrl_hs|  sparse_pooling_avg<ap_ufixed,ap_ufixed<16,6,4,0,0>,ap_uint<10>,8,1,2>|  return value|
|ap_return_0                           |  out|   15|  ap_ctrl_hs|  sparse_pooling_avg<ap_ufixed,ap_ufixed<16,6,4,0,0>,ap_uint<10>,8,1,2>|  return value|
|ap_return_1                           |  out|   15|  ap_ctrl_hs|  sparse_pooling_avg<ap_ufixed,ap_ufixed<16,6,4,0,0>,ap_uint<10>,8,1,2>|  return value|
|ap_return_2                           |  out|   15|  ap_ctrl_hs|  sparse_pooling_avg<ap_ufixed,ap_ufixed<16,6,4,0,0>,ap_uint<10>,8,1,2>|  return value|
|ap_return_3                           |  out|   15|  ap_ctrl_hs|  sparse_pooling_avg<ap_ufixed,ap_ufixed<16,6,4,0,0>,ap_uint<10>,8,1,2>|  return value|
|ap_return_4                           |  out|   15|  ap_ctrl_hs|  sparse_pooling_avg<ap_ufixed,ap_ufixed<16,6,4,0,0>,ap_uint<10>,8,1,2>|  return value|
|ap_return_5                           |  out|   15|  ap_ctrl_hs|  sparse_pooling_avg<ap_ufixed,ap_ufixed<16,6,4,0,0>,ap_uint<10>,8,1,2>|  return value|
|ap_return_6                           |  out|   15|  ap_ctrl_hs|  sparse_pooling_avg<ap_ufixed,ap_ufixed<16,6,4,0,0>,ap_uint<10>,8,1,2>|  return value|
|ap_return_7                           |  out|   15|  ap_ctrl_hs|  sparse_pooling_avg<ap_ufixed,ap_ufixed<16,6,4,0,0>,ap_uint<10>,8,1,2>|  return value|
|ap_return_8                           |  out|    6|  ap_ctrl_hs|  sparse_pooling_avg<ap_ufixed,ap_ufixed<16,6,4,0,0>,ap_uint<10>,8,1,2>|  return value|
|ap_return_9                           |  out|    8|  ap_ctrl_hs|  sparse_pooling_avg<ap_ufixed,ap_ufixed<16,6,4,0,0>,ap_uint<10>,8,1,2>|  return value|
|ap_return_10                          |  out|    6|  ap_ctrl_hs|  sparse_pooling_avg<ap_ufixed,ap_ufixed<16,6,4,0,0>,ap_uint<10>,8,1,2>|  return value|
|ap_return_11                          |  out|    8|  ap_ctrl_hs|  sparse_pooling_avg<ap_ufixed,ap_ufixed<16,6,4,0,0>,ap_uint<10>,8,1,2>|  return value|
|ap_return_12                          |  out|    6|  ap_ctrl_hs|  sparse_pooling_avg<ap_ufixed,ap_ufixed<16,6,4,0,0>,ap_uint<10>,8,1,2>|  return value|
|ap_return_13                          |  out|    8|  ap_ctrl_hs|  sparse_pooling_avg<ap_ufixed,ap_ufixed<16,6,4,0,0>,ap_uint<10>,8,1,2>|  return value|
|ap_return_14                          |  out|    6|  ap_ctrl_hs|  sparse_pooling_avg<ap_ufixed,ap_ufixed<16,6,4,0,0>,ap_uint<10>,8,1,2>|  return value|
|ap_return_15                          |  out|    8|  ap_ctrl_hs|  sparse_pooling_avg<ap_ufixed,ap_ufixed<16,6,4,0,0>,ap_uint<10>,8,1,2>|  return value|
|ap_return_16                          |  out|    6|  ap_ctrl_hs|  sparse_pooling_avg<ap_ufixed,ap_ufixed<16,6,4,0,0>,ap_uint<10>,8,1,2>|  return value|
|ap_return_17                          |  out|    8|  ap_ctrl_hs|  sparse_pooling_avg<ap_ufixed,ap_ufixed<16,6,4,0,0>,ap_uint<10>,8,1,2>|  return value|
|ap_return_18                          |  out|    6|  ap_ctrl_hs|  sparse_pooling_avg<ap_ufixed,ap_ufixed<16,6,4,0,0>,ap_uint<10>,8,1,2>|  return value|
|ap_return_19                          |  out|    8|  ap_ctrl_hs|  sparse_pooling_avg<ap_ufixed,ap_ufixed<16,6,4,0,0>,ap_uint<10>,8,1,2>|  return value|
|ap_return_20                          |  out|    6|  ap_ctrl_hs|  sparse_pooling_avg<ap_ufixed,ap_ufixed<16,6,4,0,0>,ap_uint<10>,8,1,2>|  return value|
|ap_return_21                          |  out|    8|  ap_ctrl_hs|  sparse_pooling_avg<ap_ufixed,ap_ufixed<16,6,4,0,0>,ap_uint<10>,8,1,2>|  return value|
|ap_return_22                          |  out|    6|  ap_ctrl_hs|  sparse_pooling_avg<ap_ufixed,ap_ufixed<16,6,4,0,0>,ap_uint<10>,8,1,2>|  return value|
|ap_return_23                          |  out|    8|  ap_ctrl_hs|  sparse_pooling_avg<ap_ufixed,ap_ufixed<16,6,4,0,0>,ap_uint<10>,8,1,2>|  return value|
|p_read                                |   in|   16|     ap_none|                                                                 p_read|        scalar|
|p_read1                               |   in|   16|     ap_none|                                                                p_read1|        scalar|
|p_read2                               |   in|   16|     ap_none|                                                                p_read2|        scalar|
|p_read3                               |   in|   16|     ap_none|                                                                p_read3|        scalar|
|p_read4                               |   in|   16|     ap_none|                                                                p_read4|        scalar|
|p_read5                               |   in|   16|     ap_none|                                                                p_read5|        scalar|
|p_read6                               |   in|   16|     ap_none|                                                                p_read6|        scalar|
|p_read7                               |   in|   16|     ap_none|                                                                p_read7|        scalar|
|sparse_arr_hash_in_0_dout             |   in|    5|     ap_fifo|                                                   sparse_arr_hash_in_0|       pointer|
|sparse_arr_hash_in_0_num_data_valid   |   in|    3|     ap_fifo|                                                   sparse_arr_hash_in_0|       pointer|
|sparse_arr_hash_in_0_fifo_cap         |   in|    3|     ap_fifo|                                                   sparse_arr_hash_in_0|       pointer|
|sparse_arr_hash_in_0_empty_n          |   in|    1|     ap_fifo|                                                   sparse_arr_hash_in_0|       pointer|
|sparse_arr_hash_in_0_read             |  out|    1|     ap_fifo|                                                   sparse_arr_hash_in_0|       pointer|
|sparse_arr_hash_in_1_dout             |   in|    5|     ap_fifo|                                                   sparse_arr_hash_in_1|       pointer|
|sparse_arr_hash_in_1_num_data_valid   |   in|    3|     ap_fifo|                                                   sparse_arr_hash_in_1|       pointer|
|sparse_arr_hash_in_1_fifo_cap         |   in|    3|     ap_fifo|                                                   sparse_arr_hash_in_1|       pointer|
|sparse_arr_hash_in_1_empty_n          |   in|    1|     ap_fifo|                                                   sparse_arr_hash_in_1|       pointer|
|sparse_arr_hash_in_1_read             |  out|    1|     ap_fifo|                                                   sparse_arr_hash_in_1|       pointer|
|sparse_arr_hash_in_2_dout             |   in|    5|     ap_fifo|                                                   sparse_arr_hash_in_2|       pointer|
|sparse_arr_hash_in_2_num_data_valid   |   in|    3|     ap_fifo|                                                   sparse_arr_hash_in_2|       pointer|
|sparse_arr_hash_in_2_fifo_cap         |   in|    3|     ap_fifo|                                                   sparse_arr_hash_in_2|       pointer|
|sparse_arr_hash_in_2_empty_n          |   in|    1|     ap_fifo|                                                   sparse_arr_hash_in_2|       pointer|
|sparse_arr_hash_in_2_read             |  out|    1|     ap_fifo|                                                   sparse_arr_hash_in_2|       pointer|
|sparse_arr_hash_in_3_dout             |   in|    5|     ap_fifo|                                                   sparse_arr_hash_in_3|       pointer|
|sparse_arr_hash_in_3_num_data_valid   |   in|    3|     ap_fifo|                                                   sparse_arr_hash_in_3|       pointer|
|sparse_arr_hash_in_3_fifo_cap         |   in|    3|     ap_fifo|                                                   sparse_arr_hash_in_3|       pointer|
|sparse_arr_hash_in_3_empty_n          |   in|    1|     ap_fifo|                                                   sparse_arr_hash_in_3|       pointer|
|sparse_arr_hash_in_3_read             |  out|    1|     ap_fifo|                                                   sparse_arr_hash_in_3|       pointer|
|sparse_arr_hash_in_4_dout             |   in|    5|     ap_fifo|                                                   sparse_arr_hash_in_4|       pointer|
|sparse_arr_hash_in_4_num_data_valid   |   in|    3|     ap_fifo|                                                   sparse_arr_hash_in_4|       pointer|
|sparse_arr_hash_in_4_fifo_cap         |   in|    3|     ap_fifo|                                                   sparse_arr_hash_in_4|       pointer|
|sparse_arr_hash_in_4_empty_n          |   in|    1|     ap_fifo|                                                   sparse_arr_hash_in_4|       pointer|
|sparse_arr_hash_in_4_read             |  out|    1|     ap_fifo|                                                   sparse_arr_hash_in_4|       pointer|
|sparse_arr_hash_in_5_dout             |   in|    5|     ap_fifo|                                                   sparse_arr_hash_in_5|       pointer|
|sparse_arr_hash_in_5_num_data_valid   |   in|    3|     ap_fifo|                                                   sparse_arr_hash_in_5|       pointer|
|sparse_arr_hash_in_5_fifo_cap         |   in|    3|     ap_fifo|                                                   sparse_arr_hash_in_5|       pointer|
|sparse_arr_hash_in_5_empty_n          |   in|    1|     ap_fifo|                                                   sparse_arr_hash_in_5|       pointer|
|sparse_arr_hash_in_5_read             |  out|    1|     ap_fifo|                                                   sparse_arr_hash_in_5|       pointer|
|sparse_arr_hash_in_6_dout             |   in|    5|     ap_fifo|                                                   sparse_arr_hash_in_6|       pointer|
|sparse_arr_hash_in_6_num_data_valid   |   in|    3|     ap_fifo|                                                   sparse_arr_hash_in_6|       pointer|
|sparse_arr_hash_in_6_fifo_cap         |   in|    3|     ap_fifo|                                                   sparse_arr_hash_in_6|       pointer|
|sparse_arr_hash_in_6_empty_n          |   in|    1|     ap_fifo|                                                   sparse_arr_hash_in_6|       pointer|
|sparse_arr_hash_in_6_read             |  out|    1|     ap_fifo|                                                   sparse_arr_hash_in_6|       pointer|
|sparse_arr_hash_in_7_dout             |   in|    5|     ap_fifo|                                                   sparse_arr_hash_in_7|       pointer|
|sparse_arr_hash_in_7_num_data_valid   |   in|    3|     ap_fifo|                                                   sparse_arr_hash_in_7|       pointer|
|sparse_arr_hash_in_7_fifo_cap         |   in|    3|     ap_fifo|                                                   sparse_arr_hash_in_7|       pointer|
|sparse_arr_hash_in_7_empty_n          |   in|    1|     ap_fifo|                                                   sparse_arr_hash_in_7|       pointer|
|sparse_arr_hash_in_7_read             |  out|    1|     ap_fifo|                                                   sparse_arr_hash_in_7|       pointer|
|sparse_arr_hash_in_8_dout             |   in|    5|     ap_fifo|                                                   sparse_arr_hash_in_8|       pointer|
|sparse_arr_hash_in_8_num_data_valid   |   in|    3|     ap_fifo|                                                   sparse_arr_hash_in_8|       pointer|
|sparse_arr_hash_in_8_fifo_cap         |   in|    3|     ap_fifo|                                                   sparse_arr_hash_in_8|       pointer|
|sparse_arr_hash_in_8_empty_n          |   in|    1|     ap_fifo|                                                   sparse_arr_hash_in_8|       pointer|
|sparse_arr_hash_in_8_read             |  out|    1|     ap_fifo|                                                   sparse_arr_hash_in_8|       pointer|
|sparse_arr_hash_in_9_dout             |   in|    5|     ap_fifo|                                                   sparse_arr_hash_in_9|       pointer|
|sparse_arr_hash_in_9_num_data_valid   |   in|    3|     ap_fifo|                                                   sparse_arr_hash_in_9|       pointer|
|sparse_arr_hash_in_9_fifo_cap         |   in|    3|     ap_fifo|                                                   sparse_arr_hash_in_9|       pointer|
|sparse_arr_hash_in_9_empty_n          |   in|    1|     ap_fifo|                                                   sparse_arr_hash_in_9|       pointer|
|sparse_arr_hash_in_9_read             |  out|    1|     ap_fifo|                                                   sparse_arr_hash_in_9|       pointer|
|sparse_arr_hash_in_10_dout            |   in|    5|     ap_fifo|                                                  sparse_arr_hash_in_10|       pointer|
|sparse_arr_hash_in_10_num_data_valid  |   in|    3|     ap_fifo|                                                  sparse_arr_hash_in_10|       pointer|
|sparse_arr_hash_in_10_fifo_cap        |   in|    3|     ap_fifo|                                                  sparse_arr_hash_in_10|       pointer|
|sparse_arr_hash_in_10_empty_n         |   in|    1|     ap_fifo|                                                  sparse_arr_hash_in_10|       pointer|
|sparse_arr_hash_in_10_read            |  out|    1|     ap_fifo|                                                  sparse_arr_hash_in_10|       pointer|
|sparse_arr_hash_in_11_dout            |   in|    5|     ap_fifo|                                                  sparse_arr_hash_in_11|       pointer|
|sparse_arr_hash_in_11_num_data_valid  |   in|    3|     ap_fifo|                                                  sparse_arr_hash_in_11|       pointer|
|sparse_arr_hash_in_11_fifo_cap        |   in|    3|     ap_fifo|                                                  sparse_arr_hash_in_11|       pointer|
|sparse_arr_hash_in_11_empty_n         |   in|    1|     ap_fifo|                                                  sparse_arr_hash_in_11|       pointer|
|sparse_arr_hash_in_11_read            |  out|    1|     ap_fifo|                                                  sparse_arr_hash_in_11|       pointer|
|sparse_arr_hash_in_12_dout            |   in|    5|     ap_fifo|                                                  sparse_arr_hash_in_12|       pointer|
|sparse_arr_hash_in_12_num_data_valid  |   in|    3|     ap_fifo|                                                  sparse_arr_hash_in_12|       pointer|
|sparse_arr_hash_in_12_fifo_cap        |   in|    3|     ap_fifo|                                                  sparse_arr_hash_in_12|       pointer|
|sparse_arr_hash_in_12_empty_n         |   in|    1|     ap_fifo|                                                  sparse_arr_hash_in_12|       pointer|
|sparse_arr_hash_in_12_read            |  out|    1|     ap_fifo|                                                  sparse_arr_hash_in_12|       pointer|
|sparse_arr_hash_in_13_dout            |   in|    5|     ap_fifo|                                                  sparse_arr_hash_in_13|       pointer|
|sparse_arr_hash_in_13_num_data_valid  |   in|    3|     ap_fifo|                                                  sparse_arr_hash_in_13|       pointer|
|sparse_arr_hash_in_13_fifo_cap        |   in|    3|     ap_fifo|                                                  sparse_arr_hash_in_13|       pointer|
|sparse_arr_hash_in_13_empty_n         |   in|    1|     ap_fifo|                                                  sparse_arr_hash_in_13|       pointer|
|sparse_arr_hash_in_13_read            |  out|    1|     ap_fifo|                                                  sparse_arr_hash_in_13|       pointer|
|sparse_arr_hash_in_14_dout            |   in|    5|     ap_fifo|                                                  sparse_arr_hash_in_14|       pointer|
|sparse_arr_hash_in_14_num_data_valid  |   in|    3|     ap_fifo|                                                  sparse_arr_hash_in_14|       pointer|
|sparse_arr_hash_in_14_fifo_cap        |   in|    3|     ap_fifo|                                                  sparse_arr_hash_in_14|       pointer|
|sparse_arr_hash_in_14_empty_n         |   in|    1|     ap_fifo|                                                  sparse_arr_hash_in_14|       pointer|
|sparse_arr_hash_in_14_read            |  out|    1|     ap_fifo|                                                  sparse_arr_hash_in_14|       pointer|
|sparse_arr_hash_in_15_dout            |   in|    5|     ap_fifo|                                                  sparse_arr_hash_in_15|       pointer|
|sparse_arr_hash_in_15_num_data_valid  |   in|    3|     ap_fifo|                                                  sparse_arr_hash_in_15|       pointer|
|sparse_arr_hash_in_15_fifo_cap        |   in|    3|     ap_fifo|                                                  sparse_arr_hash_in_15|       pointer|
|sparse_arr_hash_in_15_empty_n         |   in|    1|     ap_fifo|                                                  sparse_arr_hash_in_15|       pointer|
|sparse_arr_hash_in_15_read            |  out|    1|     ap_fifo|                                                  sparse_arr_hash_in_15|       pointer|
+--------------------------------------+-----+-----+------------+-----------------------------------------------------------------------+--------------+

