

================================================================
== Vitis HLS Report for 'dense_latency_ap_ufixed_8_0_4_0_0_ap_fixed_23_8_5_3_0_config13_s'
================================================================
* Date:           Mon Jul 14 04:46:50 2025

* Version:        2023.1 (Build 3854077 on May  4 2023)
* Project:        hls_full_prj
* Solution:       solution1 (Vivado IP Flow Target)
* Product family: virtexuplus
* Target device:  xcu250-figd2104-2L-e


================================================================
== Performance Estimates
================================================================
+ Timing: 
    * Summary: 
    +--------+---------+----------+------------+
    |  Clock |  Target | Estimated| Uncertainty|
    +--------+---------+----------+------------+
    |ap_clk  |  5.00 ns|  3.635 ns|     1.35 ns|
    +--------+---------+----------+------------+

+ Latency: 
    * Summary: 
    +---------+---------+-----------+-----------+-----+-----+---------+
    |  Latency (cycles) |   Latency (absolute)  |  Interval | Pipeline|
    |   min   |   max   |    min    |    max    | min | max |   Type  |
    +---------+---------+-----------+-----------+-----+-----+---------+
    |        3|        3|  15.000 ns|  15.000 ns|    1|    1|      yes|
    +---------+---------+-----------+-----------+-----+-----+---------+

    + Detail: 
        * Instance: 
        N/A

        * Loop: 
        N/A



================================================================
== Utilization Estimates
================================================================
* Summary: 
+---------------------+---------+-------+---------+---------+------+
|         Name        | BRAM_18K|  DSP  |    FF   |   LUT   | URAM |
+---------------------+---------+-------+---------+---------+------+
|DSP                  |        -|      -|        -|        -|     -|
|Expression           |        -|      -|        0|    10264|     -|
|FIFO                 |        -|      -|        -|        -|     -|
|Instance             |        -|      0|        0|     5440|     -|
|Memory               |        -|      -|        -|        -|     -|
|Multiplexer          |        -|      -|        -|       54|     -|
|Register             |        -|      -|     2864|       64|     -|
+---------------------+---------+-------+---------+---------+------+
|Total                |        0|      0|     2864|    15822|     0|
+---------------------+---------+-------+---------+---------+------+
|Available SLR        |     1344|   3072|   864000|   432000|   320|
+---------------------+---------+-------+---------+---------+------+
|Utilization SLR (%)  |        0|      0|       ~0|        3|     0|
+---------------------+---------+-------+---------+---------+------+
|Available            |     5376|  12288|  3456000|  1728000|  1280|
+---------------------+---------+-------+---------+---------+------+
|Utilization (%)      |        0|      0|       ~0|       ~0|     0|
+---------------------+---------+-------+---------+---------+------+

+ Detail: 
    * Instance: 
    +--------------------------+--------------------+---------+----+---+----+-----+
    |         Instance         |       Module       | BRAM_18K| DSP| FF| LUT| URAM|
    +--------------------------+--------------------+---------+----+---+----+-----+
    |mul_8ns_5ns_12_1_1_U5800  |mul_8ns_5ns_12_1_1  |        0|   0|  0|  40|    0|
    |mul_8ns_5ns_12_1_1_U5828  |mul_8ns_5ns_12_1_1  |        0|   0|  0|  40|    0|
    |mul_8ns_5ns_12_1_1_U5872  |mul_8ns_5ns_12_1_1  |        0|   0|  0|  40|    0|
    |mul_8ns_5ns_12_1_1_U5878  |mul_8ns_5ns_12_1_1  |        0|   0|  0|  40|    0|
    |mul_8ns_5ns_12_1_1_U5880  |mul_8ns_5ns_12_1_1  |        0|   0|  0|  40|    0|
    |mul_8ns_5ns_12_1_1_U5935  |mul_8ns_5ns_12_1_1  |        0|   0|  0|  40|    0|
    |mul_8ns_5s_13_1_1_U5825   |mul_8ns_5s_13_1_1   |        0|   0|  0|  40|    0|
    |mul_8ns_5s_13_1_1_U5887   |mul_8ns_5s_13_1_1   |        0|   0|  0|  40|    0|
    |mul_8ns_5s_13_1_1_U5908   |mul_8ns_5s_13_1_1   |        0|   0|  0|  40|    0|
    |mul_8ns_5s_13_1_1_U5917   |mul_8ns_5s_13_1_1   |        0|   0|  0|  40|    0|
    |mul_8ns_5s_13_1_1_U5918   |mul_8ns_5s_13_1_1   |        0|   0|  0|  40|    0|
    |mul_8ns_6ns_13_1_1_U5813  |mul_8ns_6ns_13_1_1  |        0|   0|  0|  40|    0|
    |mul_8ns_6ns_13_1_1_U5819  |mul_8ns_6ns_13_1_1  |        0|   0|  0|  40|    0|
    |mul_8ns_6ns_13_1_1_U5823  |mul_8ns_6ns_13_1_1  |        0|   0|  0|  40|    0|
    |mul_8ns_6ns_13_1_1_U5830  |mul_8ns_6ns_13_1_1  |        0|   0|  0|  40|    0|
    |mul_8ns_6ns_13_1_1_U5837  |mul_8ns_6ns_13_1_1  |        0|   0|  0|  40|    0|
    |mul_8ns_6ns_13_1_1_U5843  |mul_8ns_6ns_13_1_1  |        0|   0|  0|  40|    0|
    |mul_8ns_6ns_13_1_1_U5844  |mul_8ns_6ns_13_1_1  |        0|   0|  0|  40|    0|
    |mul_8ns_6ns_13_1_1_U5862  |mul_8ns_6ns_13_1_1  |        0|   0|  0|  40|    0|
    |mul_8ns_6ns_13_1_1_U5864  |mul_8ns_6ns_13_1_1  |        0|   0|  0|  40|    0|
    |mul_8ns_6ns_13_1_1_U5877  |mul_8ns_6ns_13_1_1  |        0|   0|  0|  40|    0|
    |mul_8ns_6ns_13_1_1_U5883  |mul_8ns_6ns_13_1_1  |        0|   0|  0|  40|    0|
    |mul_8ns_6ns_13_1_1_U5884  |mul_8ns_6ns_13_1_1  |        0|   0|  0|  40|    0|
    |mul_8ns_6ns_13_1_1_U5888  |mul_8ns_6ns_13_1_1  |        0|   0|  0|  40|    0|
    |mul_8ns_6ns_13_1_1_U5891  |mul_8ns_6ns_13_1_1  |        0|   0|  0|  40|    0|
    |mul_8ns_6ns_13_1_1_U5900  |mul_8ns_6ns_13_1_1  |        0|   0|  0|  40|    0|
    |mul_8ns_6ns_13_1_1_U5904  |mul_8ns_6ns_13_1_1  |        0|   0|  0|  40|    0|
    |mul_8ns_6ns_13_1_1_U5909  |mul_8ns_6ns_13_1_1  |        0|   0|  0|  40|    0|
    |mul_8ns_6ns_13_1_1_U5931  |mul_8ns_6ns_13_1_1  |        0|   0|  0|  40|    0|
    |mul_8ns_6s_14_1_1_U5802   |mul_8ns_6s_14_1_1   |        0|   0|  0|  40|    0|
    |mul_8ns_6s_14_1_1_U5820   |mul_8ns_6s_14_1_1   |        0|   0|  0|  40|    0|
    |mul_8ns_6s_14_1_1_U5824   |mul_8ns_6s_14_1_1   |        0|   0|  0|  40|    0|
    |mul_8ns_6s_14_1_1_U5863   |mul_8ns_6s_14_1_1   |        0|   0|  0|  40|    0|
    |mul_8ns_6s_14_1_1_U5867   |mul_8ns_6s_14_1_1   |        0|   0|  0|  40|    0|
    |mul_8ns_6s_14_1_1_U5868   |mul_8ns_6s_14_1_1   |        0|   0|  0|  40|    0|
    |mul_8ns_6s_14_1_1_U5873   |mul_8ns_6s_14_1_1   |        0|   0|  0|  40|    0|
    |mul_8ns_6s_14_1_1_U5874   |mul_8ns_6s_14_1_1   |        0|   0|  0|  40|    0|
    |mul_8ns_6s_14_1_1_U5876   |mul_8ns_6s_14_1_1   |        0|   0|  0|  40|    0|
    |mul_8ns_6s_14_1_1_U5886   |mul_8ns_6s_14_1_1   |        0|   0|  0|  40|    0|
    |mul_8ns_6s_14_1_1_U5893   |mul_8ns_6s_14_1_1   |        0|   0|  0|  40|    0|
    |mul_8ns_6s_14_1_1_U5894   |mul_8ns_6s_14_1_1   |        0|   0|  0|  40|    0|
    |mul_8ns_6s_14_1_1_U5905   |mul_8ns_6s_14_1_1   |        0|   0|  0|  40|    0|
    |mul_8ns_6s_14_1_1_U5911   |mul_8ns_6s_14_1_1   |        0|   0|  0|  40|    0|
    |mul_8ns_6s_14_1_1_U5922   |mul_8ns_6s_14_1_1   |        0|   0|  0|  40|    0|
    |mul_8ns_7ns_14_1_1_U5809  |mul_8ns_7ns_14_1_1  |        0|   0|  0|  40|    0|
    |mul_8ns_7ns_14_1_1_U5810  |mul_8ns_7ns_14_1_1  |        0|   0|  0|  40|    0|
    |mul_8ns_7ns_14_1_1_U5812  |mul_8ns_7ns_14_1_1  |        0|   0|  0|  40|    0|
    |mul_8ns_7ns_14_1_1_U5832  |mul_8ns_7ns_14_1_1  |        0|   0|  0|  40|    0|
    |mul_8ns_7ns_14_1_1_U5838  |mul_8ns_7ns_14_1_1  |        0|   0|  0|  40|    0|
    |mul_8ns_7ns_14_1_1_U5850  |mul_8ns_7ns_14_1_1  |        0|   0|  0|  40|    0|
    |mul_8ns_7ns_14_1_1_U5856  |mul_8ns_7ns_14_1_1  |        0|   0|  0|  40|    0|
    |mul_8ns_7ns_14_1_1_U5865  |mul_8ns_7ns_14_1_1  |        0|   0|  0|  40|    0|
    |mul_8ns_7ns_14_1_1_U5871  |mul_8ns_7ns_14_1_1  |        0|   0|  0|  40|    0|
    |mul_8ns_7ns_14_1_1_U5875  |mul_8ns_7ns_14_1_1  |        0|   0|  0|  40|    0|
    |mul_8ns_7ns_14_1_1_U5901  |mul_8ns_7ns_14_1_1  |        0|   0|  0|  40|    0|
    |mul_8ns_7ns_14_1_1_U5907  |mul_8ns_7ns_14_1_1  |        0|   0|  0|  40|    0|
    |mul_8ns_7ns_14_1_1_U5913  |mul_8ns_7ns_14_1_1  |        0|   0|  0|  40|    0|
    |mul_8ns_7ns_14_1_1_U5916  |mul_8ns_7ns_14_1_1  |        0|   0|  0|  40|    0|
    |mul_8ns_7ns_14_1_1_U5921  |mul_8ns_7ns_14_1_1  |        0|   0|  0|  40|    0|
    |mul_8ns_7s_15_1_1_U5805   |mul_8ns_7s_15_1_1   |        0|   0|  0|  40|    0|
    |mul_8ns_7s_15_1_1_U5811   |mul_8ns_7s_15_1_1   |        0|   0|  0|  40|    0|
    |mul_8ns_7s_15_1_1_U5815   |mul_8ns_7s_15_1_1   |        0|   0|  0|  40|    0|
    |mul_8ns_7s_15_1_1_U5821   |mul_8ns_7s_15_1_1   |        0|   0|  0|  40|    0|
    |mul_8ns_7s_15_1_1_U5834   |mul_8ns_7s_15_1_1   |        0|   0|  0|  40|    0|
    |mul_8ns_7s_15_1_1_U5835   |mul_8ns_7s_15_1_1   |        0|   0|  0|  40|    0|
    |mul_8ns_7s_15_1_1_U5841   |mul_8ns_7s_15_1_1   |        0|   0|  0|  40|    0|
    |mul_8ns_7s_15_1_1_U5847   |mul_8ns_7s_15_1_1   |        0|   0|  0|  40|    0|
    |mul_8ns_7s_15_1_1_U5851   |mul_8ns_7s_15_1_1   |        0|   0|  0|  40|    0|
    |mul_8ns_7s_15_1_1_U5852   |mul_8ns_7s_15_1_1   |        0|   0|  0|  40|    0|
    |mul_8ns_7s_15_1_1_U5861   |mul_8ns_7s_15_1_1   |        0|   0|  0|  40|    0|
    |mul_8ns_7s_15_1_1_U5870   |mul_8ns_7s_15_1_1   |        0|   0|  0|  40|    0|
    |mul_8ns_7s_15_1_1_U5889   |mul_8ns_7s_15_1_1   |        0|   0|  0|  40|    0|
    |mul_8ns_7s_15_1_1_U5902   |mul_8ns_7s_15_1_1   |        0|   0|  0|  40|    0|
    |mul_8ns_7s_15_1_1_U5914   |mul_8ns_7s_15_1_1   |        0|   0|  0|  40|    0|
    |mul_8ns_7s_15_1_1_U5919   |mul_8ns_7s_15_1_1   |        0|   0|  0|  40|    0|
    |mul_8ns_7s_15_1_1_U5925   |mul_8ns_7s_15_1_1   |        0|   0|  0|  40|    0|
    |mul_8ns_8ns_15_1_1_U5801  |mul_8ns_8ns_15_1_1  |        0|   0|  0|  40|    0|
    |mul_8ns_8ns_15_1_1_U5807  |mul_8ns_8ns_15_1_1  |        0|   0|  0|  40|    0|
    |mul_8ns_8ns_15_1_1_U5808  |mul_8ns_8ns_15_1_1  |        0|   0|  0|  40|    0|
    |mul_8ns_8ns_15_1_1_U5814  |mul_8ns_8ns_15_1_1  |        0|   0|  0|  40|    0|
    |mul_8ns_8ns_15_1_1_U5816  |mul_8ns_8ns_15_1_1  |        0|   0|  0|  40|    0|
    |mul_8ns_8ns_15_1_1_U5817  |mul_8ns_8ns_15_1_1  |        0|   0|  0|  40|    0|
    |mul_8ns_8ns_15_1_1_U5818  |mul_8ns_8ns_15_1_1  |        0|   0|  0|  40|    0|
    |mul_8ns_8ns_15_1_1_U5822  |mul_8ns_8ns_15_1_1  |        0|   0|  0|  40|    0|
    |mul_8ns_8ns_15_1_1_U5829  |mul_8ns_8ns_15_1_1  |        0|   0|  0|  40|    0|
    |mul_8ns_8ns_15_1_1_U5831  |mul_8ns_8ns_15_1_1  |        0|   0|  0|  40|    0|
    |mul_8ns_8ns_15_1_1_U5836  |mul_8ns_8ns_15_1_1  |        0|   0|  0|  40|    0|
    |mul_8ns_8ns_15_1_1_U5839  |mul_8ns_8ns_15_1_1  |        0|   0|  0|  40|    0|
    |mul_8ns_8ns_15_1_1_U5840  |mul_8ns_8ns_15_1_1  |        0|   0|  0|  40|    0|
    |mul_8ns_8ns_15_1_1_U5846  |mul_8ns_8ns_15_1_1  |        0|   0|  0|  40|    0|
    |mul_8ns_8ns_15_1_1_U5848  |mul_8ns_8ns_15_1_1  |        0|   0|  0|  40|    0|
    |mul_8ns_8ns_15_1_1_U5849  |mul_8ns_8ns_15_1_1  |        0|   0|  0|  40|    0|
    |mul_8ns_8ns_15_1_1_U5854  |mul_8ns_8ns_15_1_1  |        0|   0|  0|  40|    0|
    |mul_8ns_8ns_15_1_1_U5855  |mul_8ns_8ns_15_1_1  |        0|   0|  0|  40|    0|
    |mul_8ns_8ns_15_1_1_U5859  |mul_8ns_8ns_15_1_1  |        0|   0|  0|  40|    0|
    |mul_8ns_8ns_15_1_1_U5866  |mul_8ns_8ns_15_1_1  |        0|   0|  0|  40|    0|
    |mul_8ns_8ns_15_1_1_U5869  |mul_8ns_8ns_15_1_1  |        0|   0|  0|  40|    0|
    |mul_8ns_8ns_15_1_1_U5879  |mul_8ns_8ns_15_1_1  |        0|   0|  0|  40|    0|
    |mul_8ns_8ns_15_1_1_U5881  |mul_8ns_8ns_15_1_1  |        0|   0|  0|  40|    0|
    |mul_8ns_8ns_15_1_1_U5896  |mul_8ns_8ns_15_1_1  |        0|   0|  0|  40|    0|
    |mul_8ns_8ns_15_1_1_U5899  |mul_8ns_8ns_15_1_1  |        0|   0|  0|  40|    0|
    |mul_8ns_8ns_15_1_1_U5903  |mul_8ns_8ns_15_1_1  |        0|   0|  0|  40|    0|
    |mul_8ns_8ns_15_1_1_U5912  |mul_8ns_8ns_15_1_1  |        0|   0|  0|  40|    0|
    |mul_8ns_8ns_15_1_1_U5923  |mul_8ns_8ns_15_1_1  |        0|   0|  0|  40|    0|
    |mul_8ns_8ns_15_1_1_U5924  |mul_8ns_8ns_15_1_1  |        0|   0|  0|  40|    0|
    |mul_8ns_8ns_15_1_1_U5926  |mul_8ns_8ns_15_1_1  |        0|   0|  0|  40|    0|
    |mul_8ns_8ns_15_1_1_U5927  |mul_8ns_8ns_15_1_1  |        0|   0|  0|  40|    0|
    |mul_8ns_8ns_15_1_1_U5932  |mul_8ns_8ns_15_1_1  |        0|   0|  0|  40|    0|
    |mul_8ns_8s_16_1_1_U5803   |mul_8ns_8s_16_1_1   |        0|   0|  0|  40|    0|
    |mul_8ns_8s_16_1_1_U5804   |mul_8ns_8s_16_1_1   |        0|   0|  0|  40|    0|
    |mul_8ns_8s_16_1_1_U5806   |mul_8ns_8s_16_1_1   |        0|   0|  0|  40|    0|
    |mul_8ns_8s_16_1_1_U5826   |mul_8ns_8s_16_1_1   |        0|   0|  0|  40|    0|
    |mul_8ns_8s_16_1_1_U5827   |mul_8ns_8s_16_1_1   |        0|   0|  0|  40|    0|
    |mul_8ns_8s_16_1_1_U5833   |mul_8ns_8s_16_1_1   |        0|   0|  0|  40|    0|
    |mul_8ns_8s_16_1_1_U5842   |mul_8ns_8s_16_1_1   |        0|   0|  0|  40|    0|
    |mul_8ns_8s_16_1_1_U5845   |mul_8ns_8s_16_1_1   |        0|   0|  0|  40|    0|
    |mul_8ns_8s_16_1_1_U5853   |mul_8ns_8s_16_1_1   |        0|   0|  0|  40|    0|
    |mul_8ns_8s_16_1_1_U5857   |mul_8ns_8s_16_1_1   |        0|   0|  0|  40|    0|
    |mul_8ns_8s_16_1_1_U5858   |mul_8ns_8s_16_1_1   |        0|   0|  0|  40|    0|
    |mul_8ns_8s_16_1_1_U5860   |mul_8ns_8s_16_1_1   |        0|   0|  0|  40|    0|
    |mul_8ns_8s_16_1_1_U5882   |mul_8ns_8s_16_1_1   |        0|   0|  0|  40|    0|
    |mul_8ns_8s_16_1_1_U5885   |mul_8ns_8s_16_1_1   |        0|   0|  0|  40|    0|
    |mul_8ns_8s_16_1_1_U5890   |mul_8ns_8s_16_1_1   |        0|   0|  0|  40|    0|
    |mul_8ns_8s_16_1_1_U5892   |mul_8ns_8s_16_1_1   |        0|   0|  0|  40|    0|
    |mul_8ns_8s_16_1_1_U5895   |mul_8ns_8s_16_1_1   |        0|   0|  0|  40|    0|
    |mul_8ns_8s_16_1_1_U5897   |mul_8ns_8s_16_1_1   |        0|   0|  0|  40|    0|
    |mul_8ns_8s_16_1_1_U5898   |mul_8ns_8s_16_1_1   |        0|   0|  0|  40|    0|
    |mul_8ns_8s_16_1_1_U5906   |mul_8ns_8s_16_1_1   |        0|   0|  0|  40|    0|
    |mul_8ns_8s_16_1_1_U5910   |mul_8ns_8s_16_1_1   |        0|   0|  0|  40|    0|
    |mul_8ns_8s_16_1_1_U5915   |mul_8ns_8s_16_1_1   |        0|   0|  0|  40|    0|
    |mul_8ns_8s_16_1_1_U5920   |mul_8ns_8s_16_1_1   |        0|   0|  0|  40|    0|
    |mul_8ns_8s_16_1_1_U5928   |mul_8ns_8s_16_1_1   |        0|   0|  0|  40|    0|
    |mul_8ns_8s_16_1_1_U5929   |mul_8ns_8s_16_1_1   |        0|   0|  0|  40|    0|
    |mul_8ns_8s_16_1_1_U5930   |mul_8ns_8s_16_1_1   |        0|   0|  0|  40|    0|
    |mul_8ns_8s_16_1_1_U5933   |mul_8ns_8s_16_1_1   |        0|   0|  0|  40|    0|
    |mul_8ns_8s_16_1_1_U5934   |mul_8ns_8s_16_1_1   |        0|   0|  0|  40|    0|
    +--------------------------+--------------------+---------+----+---+----+-----+
    |Total                     |                    |        0|   0|  0|5440|    0|
    +--------------------------+--------------------+---------+----+---+----+-----+

    * DSP: 
    N/A

    * Memory: 
    N/A

    * FIFO: 
    N/A

    * Expression: 
    +----------------------------+----------+----+---+-----+------------+------------+
    |        Variable Name       | Operation| DSP| FF| LUT | Bitwidth P0| Bitwidth P1|
    +----------------------------+----------+----+---+-----+------------+------------+
    |add_ln58_6279_fu_162134_p2  |         +|   0|  0|   16|          15|          15|
    |add_ln58_6280_fu_162144_p2  |         +|   0|  0|   23|          16|          16|
    |add_ln58_6281_fu_162154_p2  |         +|   0|  0|   25|          18|          18|
    |add_ln58_6282_fu_162160_p2  |         +|   0|  0|   18|          18|          18|
    |add_ln58_6283_fu_162166_p2  |         +|   0|  0|   23|          16|          16|
    |add_ln58_6284_fu_162176_p2  |         +|   0|  0|   21|          14|          14|
    |add_ln58_6285_fu_162186_p2  |         +|   0|  0|   24|          17|          17|
    |add_ln58_6286_fu_162196_p2  |         +|   0|  0|   18|          18|          18|
    |add_ln58_6287_fu_162206_p2  |         +|   0|  0|   19|          19|          19|
    |add_ln58_6288_fu_162212_p2  |         +|   0|  0|   22|          15|          15|
    |add_ln58_6289_fu_162222_p2  |         +|   0|  0|   19|          19|          19|
    |add_ln58_6290_fu_162232_p2  |         +|   0|  0|   20|          20|          20|
    |add_ln58_6291_fu_162238_p2  |         +|   0|  0|   24|          17|          17|
    |add_ln58_6292_fu_162248_p2  |         +|   0|  0|   25|          18|          18|
    |add_ln58_6293_fu_162258_p2  |         +|   0|  0|   20|          20|          20|
    |add_ln58_6294_fu_162264_p2  |         +|   0|  0|   24|          17|          17|
    |add_ln58_6295_fu_162274_p2  |         +|   0|  0|   25|          18|          18|
    |add_ln58_6296_fu_162284_p2  |         +|   0|  0|   16|          15|          15|
    |add_ln58_6297_fu_162290_p2  |         +|   0|  0|   16|          15|          15|
    |add_ln58_6298_fu_162300_p2  |         +|   0|  0|   26|          19|          19|
    |add_ln58_6299_fu_164639_p2  |         +|   0|  0|   20|          20|          20|
    |add_ln58_6300_fu_164644_p2  |         +|   0|  0|   24|          17|          17|
    |add_ln58_6301_fu_164654_p2  |         +|   0|  0|   20|          20|          20|
    |add_ln58_6302_fu_162306_p2  |         +|   0|  0|   24|          17|          17|
    |add_ln58_6303_fu_162316_p2  |         +|   0|  0|   25|          18|          18|
    |add_ln58_6304_fu_164667_p2  |         +|   0|  0|   21|          21|          21|
    |add_ln58_6305_fu_162322_p2  |         +|   0|  0|   24|          17|          17|
    |add_ln58_6306_fu_162332_p2  |         +|   0|  0|   25|          18|          18|
    |add_ln58_6307_fu_162338_p2  |         +|   0|  0|   23|          16|          16|
    |add_ln58_6308_fu_162348_p2  |         +|   0|  0|   25|          18|          18|
    |add_ln58_6309_fu_164679_p2  |         +|   0|  0|   27|          20|          20|
    |add_ln58_6310_fu_164689_p2  |         +|   0|  0|   21|          21|          21|
    |add_ln58_6311_fu_162354_p2  |         +|   0|  0|   16|          16|          16|
    |add_ln58_6312_fu_162360_p2  |         +|   0|  0|   16|          16|          16|
    |add_ln58_6313_fu_162366_p2  |         +|   0|  0|   22|          15|          15|
    |add_ln58_6314_fu_162376_p2  |         +|   0|  0|   23|          16|          16|
    |add_ln58_6315_fu_164701_p2  |         +|   0|  0|   24|          17|          17|
    |add_ln58_6316_fu_162382_p2  |         +|   0|  0|   16|          15|          15|
    |add_ln58_6317_fu_162388_p2  |         +|   0|  0|   16|          15|          15|
    |add_ln58_6318_fu_162394_p2  |         +|   0|  0|   21|          14|          14|
    |add_ln58_6319_fu_162404_p2  |         +|   0|  0|   22|          15|          15|
    |add_ln58_6320_fu_164717_p2  |         +|   0|  0|   23|          16|          16|
    |add_ln58_6321_fu_164727_p2  |         +|   0|  0|   25|          18|          18|
    |add_ln58_6322_fu_164737_p2  |         +|   0|  0|   21|          21|          21|
    |add_ln58_6323_fu_164743_p2  |         +|   0|  0|   21|          21|          21|
    |add_ln58_6324_fu_164749_p2  |         +|   0|  0|   24|          17|          17|
    |add_ln58_6325_fu_164759_p2  |         +|   0|  0|   25|          18|          18|
    |add_ln58_6326_fu_165756_p2  |         +|   0|  0|   29|          22|          22|
    |add_ln58_6327_fu_164765_p2  |         +|   0|  0|   24|          17|          17|
    |add_ln58_6328_fu_164775_p2  |         +|   0|  0|   24|          17|          17|
    |add_ln58_6329_fu_164785_p2  |         +|   0|  0|   25|          18|          18|
    |add_ln58_6330_fu_164795_p2  |         +|   0|  0|   26|          19|          19|
    |add_ln58_6331_fu_165765_p2  |         +|   0|  0|   22|          22|          22|
    |add_ln58_6332_fu_162410_p2  |         +|   0|  0|   23|          16|          16|
    |add_ln58_6333_fu_162416_p2  |         +|   0|  0|   23|          16|          16|
    |add_ln58_6334_fu_164807_p2  |         +|   0|  0|   24|          17|          17|
    |add_ln58_6335_fu_164817_p2  |         +|   0|  0|   18|          18|          18|
    |add_ln58_6336_fu_162422_p2  |         +|   0|  0|   23|          16|          16|
    |add_ln58_6337_fu_162432_p2  |         +|   0|  0|   19|          12|          12|
    |add_ln58_6338_fu_162442_p2  |         +|   0|  0|   22|          15|          15|
    |add_ln58_6339_fu_162452_p2  |         +|   0|  0|   24|          17|          17|
    |add_ln58_6340_fu_164826_p2  |         +|   0|  0|   18|          18|          18|
    |add_ln58_6341_fu_165774_p2  |         +|   0|  0|   22|          22|          22|
    |add_ln58_6342_fu_162458_p2  |         +|   0|  0|   19|          12|          11|
    |add_ln58_6343_fu_162468_p2  |         +|   0|  0|   21|          14|          14|
    |add_ln58_6344_fu_162478_p2  |         +|   0|  0|   17|          17|          17|
    |add_ln58_6345_fu_162484_p2  |         +|   0|  0|   21|          14|          14|
    |add_ln58_6346_fu_162494_p2  |         +|   0|  0|   17|          17|          17|
    |add_ln58_6347_fu_162504_p2  |         +|   0|  0|   24|          17|          17|
    |add_ln58_6348_fu_162514_p2  |         +|   0|  0|   18|          18|          18|
    |add_ln58_6349_fu_162520_p2  |         +|   0|  0|   22|          15|          15|
    |add_ln58_6350_fu_162530_p2  |         +|   0|  0|   23|          16|          16|
    |add_ln58_6351_fu_162540_p2  |         +|   0|  0|   18|          18|          18|
    |add_ln58_6352_fu_162546_p2  |         +|   0|  0|   24|          17|          17|
    |add_ln58_6353_fu_164838_p2  |         +|   0|  0|   26|          19|          19|
    |add_ln58_6354_fu_162552_p2  |         +|   0|  0|   24|          17|          17|
    |add_ln58_6355_fu_164851_p2  |         +|   0|  0|   27|          20|          20|
    |add_ln58_6356_fu_162558_p2  |         +|   0|  0|   24|          17|          17|
    |add_ln58_6357_fu_162568_p2  |         +|   0|  0|   24|          17|          17|
    |add_ln58_6358_fu_162578_p2  |         +|   0|  0|   25|          18|          18|
    |add_ln58_6359_fu_164860_p2  |         +|   0|  0|   20|          20|          20|
    |add_ln58_6360_fu_162584_p2  |         +|   0|  0|   24|          17|          17|
    |add_ln58_6361_fu_162594_p2  |         +|   0|  0|   25|          18|          18|
    |add_ln58_6362_fu_162600_p2  |         +|   0|  0|   16|          16|          16|
    |add_ln58_6363_fu_162606_p2  |         +|   0|  0|   21|          14|          14|
    |add_ln58_6364_fu_162616_p2  |         +|   0|  0|   16|          16|          16|
    |add_ln58_6365_fu_164872_p2  |         +|   0|  0|   26|          19|          19|
    |add_ln58_6366_fu_164882_p2  |         +|   0|  0|   20|          20|          20|
    |add_ln58_6367_fu_164892_p2  |         +|   0|  0|   28|          21|          21|
    |add_ln58_6368_fu_164898_p2  |         +|   0|  0|   24|          17|          17|
    |add_ln58_6369_fu_165783_p2  |         +|   0|  0|   21|          21|          21|
    |add_ln58_6370_fu_164904_p2  |         +|   0|  0|   24|          17|          17|
    |add_ln58_6371_fu_162622_p2  |         +|   0|  0|   24|          17|          17|
    |add_ln58_6372_fu_164917_p2  |         +|   0|  0|   25|          18|          18|
    |add_ln58_6373_fu_165791_p2  |         +|   0|  0|   21|          21|          21|
    |add_ln58_6374_fu_164923_p2  |         +|   0|  0|   24|          17|          17|
    |add_ln58_6375_fu_162628_p2  |         +|   0|  0|   23|          16|          16|
    |add_ln58_6376_fu_164936_p2  |         +|   0|  0|   19|          19|          19|
    |add_ln58_6377_fu_162634_p2  |         +|   0|  0|   23|          16|          16|
    |add_ln58_6378_fu_162644_p2  |         +|   0|  0|   23|          16|          16|
    |add_ln58_6379_fu_162654_p2  |         +|   0|  0|   25|          18|          18|
    |add_ln58_6380_fu_164945_p2  |         +|   0|  0|   19|          19|          19|
    |add_ln58_6381_fu_165800_p2  |         +|   0|  0|   21|          21|          21|
    |add_ln58_6382_fu_162660_p2  |         +|   0|  0|   22|          15|          15|
    |add_ln58_6383_fu_162670_p2  |         +|   0|  0|   22|          15|          15|
    |add_ln58_6384_fu_162680_p2  |         +|   0|  0|   23|          16|          16|
    |add_ln58_6385_fu_162686_p2  |         +|   0|  0|   22|          15|          15|
    |add_ln58_6386_fu_162696_p2  |         +|   0|  0|   21|          14|          14|
    |add_ln58_6387_fu_162706_p2  |         +|   0|  0|   23|          16|          16|
    |add_ln58_6388_fu_164957_p2  |         +|   0|  0|   17|          17|          17|
    |add_ln58_6389_fu_162712_p2  |         +|   0|  0|   21|          14|          14|
    |add_ln58_6390_fu_162722_p2  |         +|   0|  0|   21|          14|          14|
    |add_ln58_6391_fu_162732_p2  |         +|   0|  0|   16|          16|          16|
    |add_ln58_6392_fu_162738_p2  |         +|   0|  0|   19|          12|          12|
    |add_ln58_6393_fu_162748_p2  |         +|   0|  0|   17|          10|          10|
    |add_ln58_6394_fu_162758_p2  |         +|   0|  0|   21|          14|          14|
    |add_ln58_6395_fu_162768_p2  |         +|   0|  0|   16|          16|          16|
    |add_ln58_6396_fu_164966_p2  |         +|   0|  0|   17|          17|          17|
    |add_ln58_6397_fu_165809_p2  |         +|   0|  0|   21|          21|          21|
    |add_ln58_6398_fu_165819_p2  |         +|   0|  0|   29|          22|          22|
    |add_ln58_6399_fu_164972_p2  |         +|   0|  0|   25|          18|          18|
    |add_ln58_6400_fu_165828_p2  |         +|   0|  0|   22|          22|          22|
    |add_ln58_6401_fu_164978_p2  |         +|   0|  0|   24|          17|          17|
    |add_ln58_6402_fu_164988_p2  |         +|   0|  0|   22|          15|          15|
    |add_ln58_6403_fu_164998_p2  |         +|   0|  0|   26|          19|          19|
    |add_ln58_6404_fu_165837_p2  |         +|   0|  0|   22|          22|          22|
    |add_ln58_6405_fu_162774_p2  |         +|   0|  0|   21|          14|          13|
    |add_ln58_6406_fu_162784_p2  |         +|   0|  0|   22|          15|          15|
    |add_ln58_6407_fu_162804_p2  |         +|   0|  0|   17|          17|          17|
    |add_ln58_6408_fu_162810_p2  |         +|   0|  0|   20|          13|          13|
    |add_ln58_6409_fu_162820_p2  |         +|   0|  0|   21|          14|          14|
    |add_ln58_6410_fu_162830_p2  |         +|   0|  0|   17|          17|          17|
    |add_ln58_6411_fu_165011_p2  |         +|   0|  0|   18|          18|          18|
    |add_ln58_6412_fu_162836_p2  |         +|   0|  0|   23|          16|          16|
    |add_ln58_6413_fu_162846_p2  |         +|   0|  0|   24|          17|          17|
    |add_ln58_6414_fu_165020_p2  |         +|   0|  0|   18|          18|          18|
    |add_ln58_6415_fu_165030_p2  |         +|   0|  0|   26|          19|          19|
    |add_ln58_6416_fu_162852_p2  |         +|   0|  0|   24|          17|          17|
    |add_ln58_6417_fu_165039_p2  |         +|   0|  0|   19|          19|          19|
    |add_ln58_6418_fu_162858_p2  |         +|   0|  0|   24|          17|          17|
    |add_ln58_6419_fu_162868_p2  |         +|   0|  0|   22|          15|          15|
    |add_ln58_6420_fu_162878_p2  |         +|   0|  0|   24|          17|          17|
    |add_ln58_6421_fu_162888_p2  |         +|   0|  0|   26|          19|          19|
    |add_ln58_6422_fu_165045_p2  |         +|   0|  0|   19|          19|          19|
    |add_ln58_6423_fu_162894_p2  |         +|   0|  0|   24|          17|          17|
    |add_ln58_6424_fu_165057_p2  |         +|   0|  0|   20|          20|          20|
    |add_ln58_6425_fu_162900_p2  |         +|   0|  0|   24|          17|          17|
    |add_ln58_6426_fu_162910_p2  |         +|   0|  0|   25|          18|          18|
    |add_ln58_6427_fu_165066_p2  |         +|   0|  0|   20|          20|          20|
    |add_ln58_6428_fu_162916_p2  |         +|   0|  0|   24|          17|          17|
    |add_ln58_6429_fu_165075_p2  |         +|   0|  0|   25|          18|          18|
    |add_ln58_6430_fu_165085_p2  |         +|   0|  0|   24|          17|          17|
    |add_ln58_6431_fu_165095_p2  |         +|   0|  0|   19|          19|          19|
    |add_ln58_6432_fu_165101_p2  |         +|   0|  0|   19|          19|          19|
    |add_ln58_6433_fu_165111_p2  |         +|   0|  0|   20|          20|          20|
    |add_ln58_6434_fu_162922_p2  |         +|   0|  0|   22|          15|          15|
    |add_ln58_6435_fu_162932_p2  |         +|   0|  0|   23|          16|          16|
    |add_ln58_6436_fu_162938_p2  |         +|   0|  0|   21|          14|          14|
    |add_ln58_6437_fu_162948_p2  |         +|   0|  0|   22|          15|          15|
    |add_ln58_6438_fu_165123_p2  |         +|   0|  0|   17|          17|          17|
    |add_ln58_6439_fu_162954_p2  |         +|   0|  0|   20|          13|          13|
    |add_ln58_6440_fu_162964_p2  |         +|   0|  0|   22|          15|          15|
    |add_ln58_6441_fu_162970_p2  |         +|   0|  0|   20|          13|          13|
    |add_ln58_6442_fu_162980_p2  |         +|   0|  0|   20|          13|          13|
    |add_ln58_6443_fu_162990_p2  |         +|   0|  0|   21|          14|          14|
    |add_ln58_6444_fu_165135_p2  |         +|   0|  0|   23|          16|          16|
    |add_ln58_6445_fu_165145_p2  |         +|   0|  0|   17|          17|          17|
    |add_ln58_6446_fu_165155_p2  |         +|   0|  0|   20|          20|          20|
    |add_ln58_6447_fu_165846_p2  |         +|   0|  0|   21|          21|          21|
    |add_ln58_6448_fu_165161_p2  |         +|   0|  0|   24|          17|          17|
    |add_ln58_6449_fu_165171_p2  |         +|   0|  0|   25|          18|          18|
    |add_ln58_6450_fu_165855_p2  |         +|   0|  0|   21|          21|          21|
    |add_ln58_6451_fu_165177_p2  |         +|   0|  0|   24|          17|          17|
    |add_ln58_6452_fu_165187_p2  |         +|   0|  0|   24|          17|          17|
    |add_ln58_6453_fu_165197_p2  |         +|   0|  0|   18|          18|          18|
    |add_ln58_6454_fu_165203_p2  |         +|   0|  0|   18|          18|          18|
    |add_ln58_6455_fu_165864_p2  |         +|   0|  0|   21|          21|          21|
    |add_ln58_6456_fu_165209_p2  |         +|   0|  0|   24|          17|          17|
    |add_ln58_6457_fu_162996_p2  |         +|   0|  0|   24|          17|          17|
    |add_ln58_6458_fu_165222_p2  |         +|   0|  0|   25|          18|          18|
    |add_ln58_6459_fu_165232_p2  |         +|   0|  0|   26|          19|          19|
    |add_ln58_6460_fu_163002_p2  |         +|   0|  0|   22|          15|          15|
    |add_ln58_6461_fu_163012_p2  |         +|   0|  0|   23|          16|          16|
    |add_ln58_6462_fu_163018_p2  |         +|   0|  0|   21|          14|          14|
    |add_ln58_6463_fu_163028_p2  |         +|   0|  0|   22|          15|          15|
    |add_ln58_6464_fu_165248_p2  |         +|   0|  0|   24|          17|          17|
    |add_ln58_6465_fu_165258_p2  |         +|   0|  0|   27|          20|          20|
    |add_ln58_6466_fu_165873_p2  |         +|   0|  0|   21|          21|          21|
    |add_ln58_6467_fu_163034_p2  |         +|   0|  0|   16|          15|          14|
    |add_ln58_6468_fu_163040_p2  |         +|   0|  0|   16|          15|          15|
    |add_ln58_6469_fu_163050_p2  |         +|   0|  0|   17|          17|          17|
    |add_ln58_6470_fu_163056_p2  |         +|   0|  0|   21|          14|          14|
    |add_ln58_6471_fu_163066_p2  |         +|   0|  0|   17|          17|          17|
    |add_ln58_6472_fu_163076_p2  |         +|   0|  0|   18|          18|          18|
    |add_ln58_6473_fu_163082_p2  |         +|   0|  0|   21|          14|          14|
    |add_ln58_6474_fu_163092_p2  |         +|   0|  0|   18|          18|          18|
    |add_ln58_6475_fu_163102_p2  |         +|   0|  0|   19|          19|          19|
    |add_ln58_6476_fu_163108_p2  |         +|   0|  0|   22|          15|          15|
    |add_ln58_6477_fu_163118_p2  |         +|   0|  0|   25|          18|          18|
    |add_ln58_6478_fu_163128_p2  |         +|   0|  0|   19|          19|          19|
    |add_ln58_6479_fu_163138_p2  |         +|   0|  0|   20|          20|          20|
    |add_ln58_6480_fu_163144_p2  |         +|   0|  0|   24|          17|          17|
    |add_ln58_6481_fu_163154_p2  |         +|   0|  0|   20|          20|          20|
    |add_ln58_6482_fu_163160_p2  |         +|   0|  0|   24|          17|          17|
    |add_ln58_6483_fu_163170_p2  |         +|   0|  0|   24|          17|          17|
    |add_ln58_6484_fu_163180_p2  |         +|   0|  0|   25|          18|          18|
    |add_ln58_6485_fu_165267_p2  |         +|   0|  0|   20|          20|          20|
    |add_ln58_6486_fu_163186_p2  |         +|   0|  0|   24|          17|          17|
    |add_ln58_6487_fu_163192_p2  |         +|   0|  0|   24|          17|          17|
    |add_ln58_6488_fu_165278_p2  |         +|   0|  0|   19|          19|          19|
    |add_ln58_6489_fu_163198_p2  |         +|   0|  0|   24|          17|          17|
    |add_ln58_6490_fu_163208_p2  |         +|   0|  0|   23|          16|          16|
    |add_ln58_6491_fu_163218_p2  |         +|   0|  0|   25|          18|          18|
    |add_ln58_6492_fu_165287_p2  |         +|   0|  0|   19|          19|          19|
    |add_ln58_6493_fu_165297_p2  |         +|   0|  0|   20|          20|          20|
    |add_ln58_6494_fu_165307_p2  |         +|   0|  0|   28|          21|          21|
    |add_ln58_6495_fu_165313_p2  |         +|   0|  0|   24|          17|          17|
    |add_ln58_6496_fu_165323_p2  |         +|   0|  0|   21|          21|          21|
    |add_ln58_6497_fu_165329_p2  |         +|   0|  0|   24|          17|          17|
    |add_ln58_6498_fu_163224_p2  |         +|   0|  0|   24|          17|          17|
    |add_ln58_6499_fu_165342_p2  |         +|   0|  0|   19|          19|          19|
    |add_ln58_6500_fu_165348_p2  |         +|   0|  0|   19|          19|          19|
    |add_ln58_6501_fu_165358_p2  |         +|   0|  0|   21|          21|          21|
    |add_ln58_6502_fu_165364_p2  |         +|   0|  0|   24|          17|          17|
    |add_ln58_6503_fu_165374_p2  |         +|   0|  0|   24|          17|          17|
    |add_ln58_6504_fu_165384_p2  |         +|   0|  0|   19|          19|          19|
    |add_ln58_6505_fu_163230_p2  |         +|   0|  0|   23|          16|          16|
    |add_ln58_6506_fu_163240_p2  |         +|   0|  0|   23|          16|          16|
    |add_ln58_6507_fu_163250_p2  |         +|   0|  0|   17|          17|          17|
    |add_ln58_6508_fu_163256_p2  |         +|   0|  0|   17|          17|          17|
    |add_ln58_6509_fu_165393_p2  |         +|   0|  0|   19|          19|          19|
    |add_ln58_6510_fu_165403_p2  |         +|   0|  0|   21|          21|          21|
    |add_ln58_6511_fu_163262_p2  |         +|   0|  0|   23|          16|          16|
    |add_ln58_6512_fu_163272_p2  |         +|   0|  0|   23|          16|          16|
    |add_ln58_6513_fu_163282_p2  |         +|   0|  0|   25|          18|          18|
    |add_ln58_6514_fu_163288_p2  |         +|   0|  0|   22|          15|          15|
    |add_ln58_6515_fu_163298_p2  |         +|   0|  0|   22|          15|          15|
    |add_ln58_6516_fu_163308_p2  |         +|   0|  0|   16|          16|          16|
    |add_ln58_6517_fu_163314_p2  |         +|   0|  0|   16|          16|          16|
    |add_ln58_6518_fu_165412_p2  |         +|   0|  0|   18|          18|          18|
    |add_ln58_6519_fu_163320_p2  |         +|   0|  0|   21|          14|          14|
    |add_ln58_6520_fu_163330_p2  |         +|   0|  0|   21|          14|          14|
    |add_ln58_6521_fu_163340_p2  |         +|   0|  0|   16|          15|          15|
    |add_ln58_6522_fu_163346_p2  |         +|   0|  0|   16|          15|          15|
    |add_ln58_6523_fu_163352_p2  |         +|   0|  0|   20|          13|          13|
    |add_ln58_6524_fu_163362_p2  |         +|   0|  0|   17|          13|          13|
    |add_ln58_6525_fu_163368_p2  |         +|   0|  0|   17|          13|          13|
    |add_ln58_6526_fu_163378_p2  |         +|   0|  0|   21|          14|          14|
    |add_ln58_6527_fu_165423_p2  |         +|   0|  0|   23|          16|          16|
    |add_ln58_6528_fu_165433_p2  |         +|   0|  0|   18|          18|          18|
    |add_ln58_6529_fu_165443_p2  |         +|   0|  0|   21|          21|          21|
    |add_ln58_6530_fu_165890_p2  |         +|   0|  0|   29|          22|          22|
    |add_ln58_6531_fu_163388_p2  |         +|   0|  0|   23|          16|          16|
    |add_ln58_6532_fu_163398_p2  |         +|   0|  0|   23|          16|          16|
    |add_ln58_6533_fu_163408_p2  |         +|   0|  0|   24|          17|          17|
    |add_ln58_6534_fu_163418_p2  |         +|   0|  0|   18|          18|          18|
    |add_ln58_6535_fu_163424_p2  |         +|   0|  0|   23|          16|          16|
    |add_ln58_6536_fu_163434_p2  |         +|   0|  0|   18|          18|          18|
    |add_ln58_6537_fu_163444_p2  |         +|   0|  0|   26|          19|          19|
    |add_ln58_6538_fu_163450_p2  |         +|   0|  0|   24|          17|          17|
    |add_ln58_6539_fu_165452_p2  |         +|   0|  0|   19|          19|          19|
    |add_ln58_6540_fu_163456_p2  |         +|   0|  0|   22|          15|          15|
    |add_ln58_6541_fu_163466_p2  |         +|   0|  0|   20|          13|          13|
    |add_ln58_6542_fu_163476_p2  |         +|   0|  0|   23|          16|          16|
    |add_ln58_6543_fu_165460_p2  |         +|   0|  0|   19|          19|          19|
    |add_ln58_6544_fu_165470_p2  |         +|   0|  0|   27|          20|          20|
    |add_ln58_6545_fu_163482_p2  |         +|   0|  0|   17|          17|          17|
    |add_ln58_6546_fu_163488_p2  |         +|   0|  0|   17|          17|          17|
    |add_ln58_6547_fu_165479_p2  |         +|   0|  0|   20|          20|          20|
    |add_ln58_6548_fu_163494_p2  |         +|   0|  0|   24|          17|          17|
    |add_ln58_6549_fu_163504_p2  |         +|   0|  0|   21|          14|          14|
    |add_ln58_6550_fu_163514_p2  |         +|   0|  0|   22|          15|          15|
    |add_ln58_6551_fu_163524_p2  |         +|   0|  0|   25|          18|          18|
    |add_ln58_6552_fu_165488_p2  |         +|   0|  0|   20|          20|          20|
    |add_ln58_6553_fu_165498_p2  |         +|   0|  0|   21|          21|          21|
    |add_ln58_6554_fu_163530_p2  |         +|   0|  0|   17|          17|          17|
    |add_ln58_6555_fu_163536_p2  |         +|   0|  0|   17|          17|          17|
    |add_ln58_6556_fu_165507_p2  |         +|   0|  0|   21|          21|          21|
    |add_ln58_6557_fu_163542_p2  |         +|   0|  0|   24|          17|          17|
    |add_ln58_6558_fu_163552_p2  |         +|   0|  0|   25|          18|          18|
    |add_ln58_6559_fu_163562_p2  |         +|   0|  0|   25|          18|          18|
    |add_ln58_6560_fu_163572_p2  |         +|   0|  0|   26|          19|          19|
    |add_ln58_6561_fu_163582_p2  |         +|   0|  0|   27|          20|          20|
    |add_ln58_6562_fu_165516_p2  |         +|   0|  0|   21|          21|          21|
    |add_ln58_6563_fu_163588_p2  |         +|   0|  0|   23|          16|          16|
    |add_ln58_6564_fu_163598_p2  |         +|   0|  0|   17|          17|          17|
    |add_ln58_6565_fu_163604_p2  |         +|   0|  0|   16|          15|          15|
    |add_ln58_6566_fu_163610_p2  |         +|   0|  0|   16|          15|          15|
    |add_ln58_6567_fu_163620_p2  |         +|   0|  0|   17|          17|          17|
    |add_ln58_6568_fu_163626_p2  |         +|   0|  0|   21|          14|          14|
    |add_ln58_6569_fu_163636_p2  |         +|   0|  0|   22|          15|          15|
    |add_ln58_6570_fu_163642_p2  |         +|   0|  0|   16|          14|          14|
    |add_ln58_6571_fu_163648_p2  |         +|   0|  0|   16|          14|          14|
    |add_ln58_6572_fu_165531_p2  |         +|   0|  0|   23|          16|          16|
    |add_ln58_6573_fu_165541_p2  |         +|   0|  0|   25|          18|          18|
    |add_ln58_6574_fu_165551_p2  |         +|   0|  0|   21|          21|          21|
    |add_ln58_6575_fu_165899_p2  |         +|   0|  0|   22|          22|          22|
    |add_ln58_6576_fu_165557_p2  |         +|   0|  0|   24|          17|          17|
    |add_ln58_6577_fu_165567_p2  |         +|   0|  0|   25|          18|          18|
    |add_ln58_6578_fu_165908_p2  |         +|   0|  0|   22|          22|          22|
    |add_ln58_6579_fu_165573_p2  |         +|   0|  0|   24|          17|          17|
    |add_ln58_6580_fu_165579_p2  |         +|   0|  0|   24|          17|          17|
    |add_ln58_6581_fu_165589_p2  |         +|   0|  0|   25|          18|          18|
    |add_ln58_6582_fu_165920_p2  |         +|   0|  0|   26|          19|          19|
    |add_ln58_6583_fu_165930_p2  |         +|   0|  0|   22|          22|          22|
    |add_ln58_6584_fu_165595_p2  |         +|   0|  0|   23|          16|          16|
    |add_ln58_6585_fu_163654_p2  |         +|   0|  0|   23|          16|          16|
    |add_ln58_6586_fu_163664_p2  |         +|   0|  0|   24|          17|          17|
    |add_ln58_6587_fu_165608_p2  |         +|   0|  0|   18|          18|          18|
    |add_ln58_6588_fu_163670_p2  |         +|   0|  0|   22|          15|          15|
    |add_ln58_6589_fu_165617_p2  |         +|   0|  0|   16|          16|          16|
    |add_ln58_6590_fu_165623_p2  |         +|   0|  0|   19|          12|          12|
    |add_ln58_6591_fu_165633_p2  |         +|   0|  0|   16|          14|          14|
    |add_ln58_6592_fu_165643_p2  |         +|   0|  0|   16|          16|          16|
    |add_ln58_6593_fu_165653_p2  |         +|   0|  0|   18|          18|          18|
    |add_ln58_6594_fu_165939_p2  |         +|   0|  0|   22|          22|          22|
    |add_ln58_fu_162128_p2       |         +|   0|  0|   16|          15|          13|
    |add_ln73_447_fu_159360_p2   |         +|   0|  0|   18|          11|          11|
    |add_ln73_448_fu_159724_p2   |         +|   0|  0|   22|          15|          15|
    |add_ln73_449_fu_160035_p2   |         +|   0|  0|   19|          12|          12|
    |add_ln73_450_fu_160083_p2   |         +|   0|  0|   20|          13|          13|
    |add_ln73_451_fu_160156_p2   |         +|   0|  0|   20|          13|          13|
    |add_ln73_452_fu_160220_p2   |         +|   0|  0|   18|          11|          11|
    |add_ln73_453_fu_160318_p2   |         +|   0|  0|   21|          14|          14|
    |add_ln73_454_fu_160969_p2   |         +|   0|  0|   21|          14|          14|
    |add_ln73_455_fu_160990_p2   |         +|   0|  0|   21|          14|          14|
    |add_ln73_456_fu_163987_p2   |         +|   0|  0|   16|          14|          14|
    |add_ln73_457_fu_161119_p2   |         +|   0|  0|   18|          11|          11|
    |add_ln73_458_fu_161147_p2   |         +|   0|  0|   20|          13|          13|
    |add_ln73_fu_158869_p2       |         +|   0|  0|   18|          11|          11|
    |sub_ln58_fu_162794_p2       |         -|   0|  0|   23|          16|          16|
    |sub_ln73_1876_fu_158887_p2  |         -|   0|  0|   20|          13|          13|
    |sub_ln73_1877_fu_159037_p2  |         -|   0|  0|   23|          16|          16|
    |sub_ln73_1879_fu_159060_p2  |         -|   0|  0|   19|          12|          12|
    |sub_ln73_1880_fu_158928_p2  |         -|   0|  0|   18|           1|          11|
    |sub_ln73_1881_fu_159073_p2  |         -|   0|  0|   18|          11|          11|
    |sub_ln73_1882_fu_158971_p2  |         -|   0|  0|   19|           1|          12|
    |sub_ln73_1883_fu_159087_p2  |         -|   0|  0|   20|          13|          13|
    |sub_ln73_1884_fu_159104_p2  |         -|   0|  0|   19|          12|          12|
    |sub_ln73_1885_fu_159159_p2  |         -|   0|  0|   19|          12|          12|
    |sub_ln73_1886_fu_159183_p2  |         -|   0|  0|   19|           1|          12|
    |sub_ln73_1887_fu_159193_p2  |         -|   0|  0|   20|          13|          13|
    |sub_ln73_1888_fu_159230_p2  |         -|   0|  0|   20|          13|          13|
    |sub_ln73_1889_fu_159260_p2  |         -|   0|  0|   23|           1|          16|
    |sub_ln73_1890_fu_159266_p2  |         -|   0|  0|   23|          16|          16|
    |sub_ln73_1891_fu_159291_p2  |         -|   0|  0|   23|          16|          16|
    |sub_ln73_1892_fu_159297_p2  |         -|   0|  0|   23|           1|          16|
    |sub_ln73_1893_fu_159343_p2  |         -|   0|  0|   21|          14|          14|
    |sub_ln73_1894_fu_159391_p2  |         -|   0|  0|   23|          16|          16|
    |sub_ln73_1895_fu_163676_p2  |         -|   0|  0|   23|           1|          16|
    |sub_ln73_1896_fu_159411_p2  |         -|   0|  0|   23|          16|          16|
    |sub_ln73_1897_fu_159417_p2  |         -|   0|  0|   23|           1|          16|
    |sub_ln73_1898_fu_159441_p2  |         -|   0|  0|   19|           1|          12|
    |sub_ln73_1899_fu_159451_p2  |         -|   0|  0|   20|          13|          13|
    |sub_ln73_1900_fu_159475_p2  |         -|   0|  0|   19|          12|          12|
    |sub_ln73_1901_fu_159492_p2  |         -|   0|  0|   21|           1|          14|
    |sub_ln73_1902_fu_159517_p2  |         -|   0|  0|   21|          14|          14|
    |sub_ln73_1903_fu_159541_p2  |         -|   0|  0|   23|          16|          16|
    |sub_ln73_1904_fu_159553_p2  |         -|   0|  0|   23|           1|          16|
    |sub_ln73_1905_fu_159579_p2  |         -|   0|  0|   23|           1|          16|
    |sub_ln73_1906_fu_159585_p2  |         -|   0|  0|   23|          16|          16|
    |sub_ln73_1907_fu_159619_p2  |         -|   0|  0|   23|          16|          16|
    |sub_ln73_1908_fu_159636_p2  |         -|   0|  0|   23|          16|          16|
    |sub_ln73_1909_fu_159660_p2  |         -|   0|  0|   23|           1|          16|
    |sub_ln73_1910_fu_159666_p2  |         -|   0|  0|   23|          16|          16|
    |sub_ln73_1911_fu_159697_p2  |         -|   0|  0|   23|          16|          16|
    |sub_ln73_1912_fu_159741_p2  |         -|   0|  0|   20|           1|          13|
    |sub_ln73_1913_fu_159762_p2  |         -|   0|  0|   21|          14|          14|
    |sub_ln73_1914_fu_159768_p2  |         -|   0|  0|   22|           1|          15|
    |sub_ln73_1915_fu_159789_p2  |         -|   0|  0|   23|          16|          16|
    |sub_ln73_1916_fu_163703_p2  |         -|   0|  0|   22|          15|          15|
    |sub_ln73_1917_fu_159837_p2  |         -|   0|  0|   23|          16|          16|
    |sub_ln73_1918_fu_159843_p2  |         -|   0|  0|   23|           1|          16|
    |sub_ln73_1919_fu_159873_p2  |         -|   0|  0|   23|          16|          16|
    |sub_ln73_1920_fu_159879_p2  |         -|   0|  0|   23|           1|          16|
    |sub_ln73_1921_fu_159896_p2  |         -|   0|  0|   23|          16|          16|
    |sub_ln73_1922_fu_159928_p2  |         -|   0|  0|   23|          16|          16|
    |sub_ln73_1923_fu_159956_p2  |         -|   0|  0|   21|          14|          14|
    |sub_ln73_1924_fu_159962_p2  |         -|   0|  0|   23|           1|          16|
    |sub_ln73_1925_fu_159968_p2  |         -|   0|  0|   23|          16|          16|
    |sub_ln73_1926_fu_159993_p2  |         -|   0|  0|   18|           1|          11|
    |sub_ln73_1927_fu_160003_p2  |         -|   0|  0|   19|          12|          12|
    |sub_ln73_1928_fu_160041_p2  |         -|   0|  0|   19|           1|          12|
    |sub_ln73_1929_fu_160051_p2  |         -|   0|  0|   20|          13|          13|
    |sub_ln73_1930_fu_160096_p2  |         -|   0|  0|   20|           1|          13|
    |sub_ln73_1931_fu_160106_p2  |         -|   0|  0|   21|          14|          14|
    |sub_ln73_1932_fu_160139_p2  |         -|   0|  0|   21|          14|          14|
    |sub_ln73_1933_fu_160173_p2  |         -|   0|  0|   19|           1|          12|
    |sub_ln73_1934_fu_160193_p2  |         -|   0|  0|   23|          16|          16|
    |sub_ln73_1935_fu_163709_p2  |         -|   0|  0|   23|           1|          16|
    |sub_ln73_1936_fu_160237_p2  |         -|   0|  0|   23|           1|          16|
    |sub_ln73_1937_fu_160243_p2  |         -|   0|  0|   23|          16|          16|
    |sub_ln73_1938_fu_160271_p2  |         -|   0|  0|   22|          15|          15|
    |sub_ln73_1939_fu_160346_p2  |         -|   0|  0|   21|           1|          14|
    |sub_ln73_1940_fu_160374_p2  |         -|   0|  0|   19|          12|          12|
    |sub_ln73_1941_fu_160391_p2  |         -|   0|  0|   23|          16|          16|
    |sub_ln73_1942_fu_160435_p2  |         -|   0|  0|   19|          12|          12|
    |sub_ln73_1943_fu_160463_p2  |         -|   0|  0|   20|           1|          13|
    |sub_ln73_1944_fu_160473_p2  |         -|   0|  0|   21|          14|          14|
    |sub_ln73_1945_fu_160490_p2  |         -|   0|  0|   19|           1|          12|
    |sub_ln73_1946_fu_160500_p2  |         -|   0|  0|   20|          13|          13|
    |sub_ln73_1947_fu_160550_p2  |         -|   0|  0|   22|          15|          15|
    |sub_ln73_1948_fu_160587_p2  |         -|   0|  0|   23|          16|          16|
    |sub_ln73_1949_fu_163728_p2  |         -|   0|  0|   23|           1|          16|
    |sub_ln73_1950_fu_163740_p2  |         -|   0|  0|   23|          16|          16|
    |sub_ln73_1951_fu_163760_p2  |         -|   0|  0|   23|          16|          16|
    |sub_ln73_1952_fu_160635_p2  |         -|   0|  0|   20|           1|          13|
    |sub_ln73_1953_fu_163776_p2  |         -|   0|  0|   18|          11|          11|
    |sub_ln73_1954_fu_160641_p2  |         -|   0|  0|   23|          16|          16|
    |sub_ln73_1955_fu_160680_p2  |         -|   0|  0|   19|          12|          12|
    |sub_ln73_1956_fu_160697_p2  |         -|   0|  0|   18|           1|          11|
    |sub_ln73_1957_fu_160707_p2  |         -|   0|  0|   19|          12|          12|
    |sub_ln73_1958_fu_160713_p2  |         -|   0|  0|   19|           1|          12|
    |sub_ln73_1959_fu_160730_p2  |         -|   0|  0|   20|           1|          13|
    |sub_ln73_1960_fu_160740_p2  |         -|   0|  0|   21|          14|          14|
    |sub_ln73_1961_fu_160778_p2  |         -|   0|  0|   23|          16|          16|
    |sub_ln73_1962_fu_163796_p2  |         -|   0|  0|   19|          12|          12|
    |sub_ln73_1963_fu_160804_p2  |         -|   0|  0|   21|           1|          14|
    |sub_ln73_1964_fu_160825_p2  |         -|   0|  0|   22|          15|          15|
    |sub_ln73_1965_fu_160849_p2  |         -|   0|  0|   19|           1|          12|
    |sub_ln73_1966_fu_160859_p2  |         -|   0|  0|   20|          13|          13|
    |sub_ln73_1967_fu_165684_p2  |         -|   0|  0|   23|          16|          16|
    |sub_ln73_1968_fu_160876_p2  |         -|   0|  0|   22|           1|          15|
    |sub_ln73_1969_fu_165701_p2  |         -|   0|  0|   21|          14|          14|
    |sub_ln73_1970_fu_160911_p2  |         -|   0|  0|   20|           1|          13|
    |sub_ln73_1971_fu_160932_p2  |         -|   0|  0|   21|          14|          14|
    |sub_ln73_1972_fu_163822_p2  |         -|   0|  0|   23|          16|          16|
    |sub_ln73_1973_fu_163860_p2  |         -|   0|  0|   23|          16|          16|
    |sub_ln73_1974_fu_163866_p2  |         -|   0|  0|   23|          16|          16|
    |sub_ln73_1975_fu_161007_p2  |         -|   0|  0|   19|          12|          12|
    |sub_ln73_1976_fu_163893_p2  |         -|   0|  0|   23|          16|          16|
    |sub_ln73_1977_fu_163905_p2  |         -|   0|  0|   23|           1|          16|
    |sub_ln73_1978_fu_163926_p2  |         -|   0|  0|   23|           1|          16|
    |sub_ln73_1979_fu_163932_p2  |         -|   0|  0|   23|          16|          16|
    |sub_ln73_1980_fu_163959_p2  |         -|   0|  0|   23|          16|          16|
    |sub_ln73_1981_fu_164019_p2  |         -|   0|  0|   21|          14|          14|
    |sub_ln73_1982_fu_161040_p2  |         -|   0|  0|   20|           1|          13|
    |sub_ln73_1983_fu_161050_p2  |         -|   0|  0|   21|          14|          14|
    |sub_ln73_1984_fu_164051_p2  |         -|   0|  0|   22|          15|          15|
    |sub_ln73_1985_fu_164068_p2  |         -|   0|  0|   20|          13|          13|
    |sub_ln73_1986_fu_164096_p2  |         -|   0|  0|   21|          14|          14|
    |sub_ln73_1987_fu_164116_p2  |         -|   0|  0|   23|          16|          16|
    |sub_ln73_1988_fu_164133_p2  |         -|   0|  0|   23|          16|          16|
    |sub_ln73_1989_fu_164159_p2  |         -|   0|  0|   23|          16|          16|
    |sub_ln73_1990_fu_164165_p2  |         -|   0|  0|   23|           1|          16|
    |sub_ln73_1991_fu_161095_p2  |         -|   0|  0|   20|          13|          13|
    |sub_ln73_1992_fu_161153_p2  |         -|   0|  0|   20|          13|          13|
    |sub_ln73_1993_fu_164216_p2  |         -|   0|  0|   22|          15|          15|
    |sub_ln73_1994_fu_164239_p2  |         -|   0|  0|   23|          16|          16|
    |sub_ln73_1995_fu_164274_p2  |         -|   0|  0|   23|          16|          16|
    |sub_ln73_1996_fu_164280_p2  |         -|   0|  0|   23|          16|          16|
    |sub_ln73_1997_fu_164286_p2  |         -|   0|  0|   23|           1|          16|
    |sub_ln73_1998_fu_164320_p2  |         -|   0|  0|   19|          12|          12|
    |sub_ln73_1999_fu_164337_p2  |         -|   0|  0|   23|           1|          16|
    |sub_ln73_2000_fu_161191_p2  |         -|   0|  0|   17|           1|          10|
    |sub_ln73_2001_fu_164357_p2  |         -|   0|  0|   23|          16|          16|
    |sub_ln73_2002_fu_164363_p2  |         -|   0|  0|   23|           1|          16|
    |sub_ln73_2003_fu_165729_p2  |         -|   0|  0|   22|          15|          15|
    |sub_ln73_2098_fu_159120_p2  |         -|   0|  0|   20|          13|          13|
    |sub_ln73_2099_fu_159209_p2  |         -|   0|  0|   18|          11|          11|
    |sub_ln73_2100_fu_159254_p2  |         -|   0|  0|   23|          16|          16|
    |sub_ln73_2101_fu_159547_p2  |         -|   0|  0|   23|          16|          16|
    |sub_ln73_2102_fu_159691_p2  |         -|   0|  0|   23|          16|          16|
    |sub_ln73_2103_fu_159849_p2  |         -|   0|  0|   23|          16|          16|
    |sub_ln73_2104_fu_160506_p2  |         -|   0|  0|   20|          13|          13|
    |sub_ln73_2105_fu_160593_p2  |         -|   0|  0|   23|          16|          16|
    |sub_ln73_2106_fu_163734_p2  |         -|   0|  0|   23|          16|          16|
    |sub_ln73_2107_fu_160772_p2  |         -|   0|  0|   23|          16|          16|
    |sub_ln73_2108_fu_163828_p2  |         -|   0|  0|   23|          16|          16|
    |sub_ln73_2109_fu_163899_p2  |         -|   0|  0|   23|          16|          16|
    |sub_ln73_2110_fu_163953_p2  |         -|   0|  0|   23|          16|          16|
    |sub_ln73_2111_fu_164139_p2  |         -|   0|  0|   23|          16|          16|
    |sub_ln73_2112_fu_164171_p2  |         -|   0|  0|   23|          16|          16|
    |sub_ln73_2113_fu_164233_p2  |         -|   0|  0|   23|          16|          16|
    |sub_ln73_2114_fu_164292_p2  |         -|   0|  0|   23|          16|          16|
    |sub_ln73_47_fu_159142_p2    |         -|   0|  0|   16|           1|           9|
    |sub_ln73_48_fu_161063_p2    |         -|   0|  0|   16|           1|           9|
    |sub_ln73_49_fu_161197_p2    |         -|   0|  0|   16|           1|           9|
    |sub_ln73_fu_159126_p2       |         -|   0|  0|   16|           1|           9|
    |ap_block_pp0_stage0_11001   |        or|   0|  0|    2|           1|           1|
    |ap_enable_pp0               |       xor|   0|  0|    2|           1|           2|
    +----------------------------+----------+----+---+-----+------------+------------+
    |Total                       |          |   0|  0|10264|        7168|        7759|
    +----------------------------+----------+----+---+-----+------------+------------+

    * Multiplexer: 
    +-------------+----+-----------+-----+-----------+
    |     Name    | LUT| Input Size| Bits| Total Bits|
    +-------------+----+-----------+-----+-----------+
    |ap_done      |   9|          2|    1|          2|
    |ap_return_0  |   9|          2|   22|         44|
    |ap_return_1  |   9|          2|   22|         44|
    |ap_return_2  |   9|          2|   21|         42|
    |ap_return_3  |   9|          2|   22|         44|
    |ap_return_4  |   9|          2|   22|         44|
    +-------------+----+-----------+-----+-----------+
    |Total        |  54|         12|  110|        220|
    +-------------+----+-----------+-----+-----------+

    * Register: 
    +--------------------------------------+----+----+-----+-----------+
    |                 Name                 | FF | LUT| Bits| Const Bits|
    +--------------------------------------+----+----+-----+-----------+
    |add_ln58_6293_reg_166563              |  20|   0|   20|          0|
    |add_ln58_6298_reg_166568              |  19|   0|   19|          0|
    |add_ln58_6303_reg_166573              |  18|   0|   18|          0|
    |add_ln58_6306_reg_166578              |  18|   0|   18|          0|
    |add_ln58_6308_reg_166583              |  18|   0|   18|          0|
    |add_ln58_6312_reg_166588              |  16|   0|   16|          0|
    |add_ln58_6314_reg_166593              |  16|   0|   16|          0|
    |add_ln58_6317_reg_166598              |  15|   0|   15|          0|
    |add_ln58_6319_reg_166603              |  15|   0|   15|          0|
    |add_ln58_6323_reg_166873              |  21|   0|   21|          0|
    |add_ln58_6325_reg_166878              |  18|   0|   18|          0|
    |add_ln58_6330_reg_166883              |  19|   0|   19|          0|
    |add_ln58_6332_reg_166608              |  16|   0|   16|          0|
    |add_ln58_6333_reg_166613              |  16|   0|   16|          0|
    |add_ln58_6339_reg_166618              |  17|   0|   17|          0|
    |add_ln58_6340_reg_166888              |  18|   0|   18|          0|
    |add_ln58_6351_reg_166623              |  18|   0|   18|          0|
    |add_ln58_6352_reg_166628              |  17|   0|   17|          0|
    |add_ln58_6354_reg_166633              |  17|   0|   17|          0|
    |add_ln58_6358_reg_166638              |  18|   0|   18|          0|
    |add_ln58_6361_reg_166643              |  18|   0|   18|          0|
    |add_ln58_6364_reg_166648              |  16|   0|   16|          0|
    |add_ln58_6367_reg_166893              |  21|   0|   21|          0|
    |add_ln58_6368_reg_166898              |  17|   0|   17|          0|
    |add_ln58_6371_reg_166653              |  17|   0|   17|          0|
    |add_ln58_6372_reg_166903              |  18|   0|   18|          0|
    |add_ln58_6375_reg_166658              |  16|   0|   16|          0|
    |add_ln58_6379_reg_166663              |  18|   0|   18|          0|
    |add_ln58_6380_reg_166908              |  19|   0|   19|          0|
    |add_ln58_6384_reg_166668              |  16|   0|   16|          0|
    |add_ln58_6387_reg_166673              |  16|   0|   16|          0|
    |add_ln58_6395_reg_166678              |  16|   0|   16|          0|
    |add_ln58_6396_reg_166913              |  17|   0|   17|          0|
    |add_ln58_6399_reg_166918              |  18|   0|   18|          0|
    |add_ln58_6403_reg_166923              |  19|   0|   19|          0|
    |add_ln58_6410_reg_166683              |  17|   0|   17|          0|
    |add_ln58_6413_reg_166688              |  17|   0|   17|          0|
    |add_ln58_6416_reg_166693              |  17|   0|   17|          0|
    |add_ln58_6421_reg_166698              |  19|   0|   19|          0|
    |add_ln58_6423_reg_166703              |  17|   0|   17|          0|
    |add_ln58_6426_reg_166708              |  11|   0|   18|          7|
    |add_ln58_6428_reg_166713              |  17|   0|   17|          0|
    |add_ln58_6435_reg_166718              |  16|   0|   16|          0|
    |add_ln58_6437_reg_166723              |  15|   0|   15|          0|
    |add_ln58_6440_reg_166728              |  15|   0|   15|          0|
    |add_ln58_6443_reg_166733              |  14|   0|   14|          0|
    |add_ln58_6446_reg_166928              |  20|   0|   20|          0|
    |add_ln58_6449_reg_166933              |  18|   0|   18|          0|
    |add_ln58_6454_reg_166938              |  18|   0|   18|          0|
    |add_ln58_6457_reg_166738              |  17|   0|   17|          0|
    |add_ln58_6461_reg_166743              |  16|   0|   16|          0|
    |add_ln58_6463_reg_166748              |  15|   0|   15|          0|
    |add_ln58_6465_reg_166943              |  20|   0|   20|          0|
    |add_ln58_6481_reg_166753              |  20|   0|   20|          0|
    |add_ln58_6484_reg_166758              |  18|   0|   18|          0|
    |add_ln58_6486_reg_166763              |  17|   0|   17|          0|
    |add_ln58_6487_reg_166768              |  17|   0|   17|          0|
    |add_ln58_6491_reg_166773              |  18|   0|   18|          0|
    |add_ln58_6498_reg_166778              |  17|   0|   17|          0|
    |add_ln58_6508_reg_166783              |  17|   0|   17|          0|
    |add_ln58_6513_reg_166788              |  18|   0|   18|          0|
    |add_ln58_6517_reg_166793              |  16|   0|   16|          0|
    |add_ln58_6522_reg_166798              |  15|   0|   15|          0|
    |add_ln58_6526_reg_166803              |  13|   0|   14|          1|
    |add_ln58_6529_reg_166948              |  21|   0|   21|          0|
    |add_ln58_6537_reg_166808              |  19|   0|   19|          0|
    |add_ln58_6538_reg_166813              |  17|   0|   17|          0|
    |add_ln58_6542_reg_166818              |  16|   0|   16|          0|
    |add_ln58_6546_reg_166823              |  17|   0|   17|          0|
    |add_ln58_6551_reg_166828              |  18|   0|   18|          0|
    |add_ln58_6555_reg_166833              |  17|   0|   17|          0|
    |add_ln58_6561_reg_166838              |  20|   0|   20|          0|
    |add_ln58_6567_reg_166843              |  17|   0|   17|          0|
    |add_ln58_6569_reg_166848              |  15|   0|   15|          0|
    |add_ln58_6571_reg_166853              |  14|   0|   14|          0|
    |add_ln58_6574_reg_166953              |  21|   0|   21|          0|
    |add_ln58_6577_reg_166958              |  18|   0|   18|          0|
    |add_ln58_6579_reg_166963              |  17|   0|   17|          0|
    |add_ln58_6581_reg_166968              |  18|   0|   18|          0|
    |add_ln58_6586_reg_166858              |  17|   0|   17|          0|
    |add_ln58_6588_reg_166863              |  15|   0|   15|          0|
    |add_ln58_6593_reg_166973              |  18|   0|   18|          0|
    |add_ln73_reg_166483                   |  11|   0|   11|          0|
    |ap_CS_fsm                             |   1|   0|    1|          0|
    |ap_done_reg                           |   1|   0|    1|          0|
    |ap_enable_reg_pp0_iter1               |   1|   0|    1|          0|
    |ap_enable_reg_pp0_iter2               |   1|   0|    1|          0|
    |ap_enable_reg_pp0_iter3               |   1|   0|    1|          0|
    |ap_return_0_preg                      |  22|   0|   22|          0|
    |ap_return_1_preg                      |  22|   0|   22|          0|
    |ap_return_2_preg                      |  21|   0|   21|          0|
    |ap_return_3_preg                      |  22|   0|   22|          0|
    |ap_return_4_preg                      |  22|   0|   22|          0|
    |mul_ln73_2367_reg_32962               |  13|   0|   13|          0|
    |mul_ln73_2368_reg_32966               |  14|   0|   14|          0|
    |mul_ln73_2369_reg_32970               |  14|   0|   14|          0|
    |mul_ln73_2370_reg_32974               |  14|   0|   14|          0|
    |mul_ln73_2371_reg_32978               |  13|   0|   13|          0|
    |mul_ln73_2372_reg_32982               |  14|   0|   14|          0|
    |mul_ln73_2373_reg_32986               |  16|   0|   16|          0|
    |mul_ln73_2374_reg_32990               |  15|   0|   15|          0|
    |mul_ln73_2375_reg_32994               |  15|   0|   15|          0|
    |mul_ln73_2376_reg_32998               |  15|   0|   15|          0|
    |mul_ln73_2377_reg_33002               |  14|   0|   14|          0|
    |mul_ln73_2379_reg_33006               |  13|   0|   13|          0|
    |mul_ln73_2380_reg_33010               |  16|   0|   16|          0|
    |mul_ln73_2381_reg_33014               |  14|   0|   14|          0|
    |mul_ln73_2382_reg_33018               |  13|   0|   13|          0|
    |mul_ln73_2383_reg_33022               |  14|   0|   14|          0|
    |mul_ln73_2385_reg_33026               |  13|   0|   13|          0|
    |mul_ln73_2390_reg_33030               |  15|   0|   15|          0|
    |mul_ln73_2393_reg_33034               |  15|   0|   15|          0|
    |mul_ln73_2394_reg_33038               |  12|   0|   12|          0|
    |mul_ln73_2395_reg_33042               |  13|   0|   13|          0|
    |mul_ln73_2399_reg_33046               |  15|   0|   15|          0|
    |mul_ln73_2411_reg_33050               |  14|   0|   14|          0|
    |mul_ln73_2442_reg_148462              |  15|   0|   15|          0|
    |mul_ln73_2453_reg_33054               |  12|   0|   12|          0|
    |mul_ln73_2476_reg_148550              |  12|   0|   12|          0|
    |mul_ln73_reg_32958                    |  15|   0|   15|          0|
    |p_read1074_reg_166423                 |   8|   0|    8|          0|
    |p_read1175_reg_166414                 |   8|   0|    8|          0|
    |p_read1276_reg_166407                 |   8|   0|    8|          0|
    |p_read1377_reg_166401                 |   8|   0|    8|          0|
    |p_read1478_reg_166391                 |   8|   0|    8|          0|
    |p_read1579_reg_166384                 |   8|   0|    8|          0|
    |p_read1680_reg_166377                 |   8|   0|    8|          0|
    |p_read1781_reg_166370                 |   8|   0|    8|          0|
    |p_read1882_reg_166362                 |   8|   0|    8|          0|
    |p_read1983_reg_166355                 |   8|   0|    8|          0|
    |p_read2084_reg_166347                 |   8|   0|    8|          0|
    |p_read2185_reg_166338                 |   8|   0|    8|          0|
    |p_read2286_reg_166329                 |   8|   0|    8|          0|
    |p_read2286_reg_166329_pp0_iter1_reg   |   8|   0|    8|          0|
    |p_read2387_reg_166322                 |   8|   0|    8|          0|
    |p_read2488_reg_166316                 |   8|   0|    8|          0|
    |p_read2589_reg_166308                 |   8|   0|    8|          0|
    |p_read266_reg_166477                  |   8|   0|    8|          0|
    |p_read2690_reg_166299                 |   8|   0|    8|          0|
    |p_read2791_reg_166290                 |   8|   0|    8|          0|
    |p_read2892_reg_166282                 |   8|   0|    8|          0|
    |p_read2993_reg_166273                 |   8|   0|    8|          0|
    |p_read3094_reg_166267                 |   8|   0|    8|          0|
    |p_read3195_reg_166256                 |   8|   0|    8|          0|
    |p_read3296_reg_166246                 |   8|   0|    8|          0|
    |p_read3397_reg_166235                 |   8|   0|    8|          0|
    |p_read3498_reg_166228                 |   8|   0|    8|          0|
    |p_read3599_reg_166220                 |   8|   0|    8|          0|
    |p_read367_reg_166469                  |   8|   0|    8|          0|
    |p_read40104_reg_166176                |   8|   0|    8|          0|
    |p_read40104_reg_166176_pp0_iter1_reg  |   8|   0|    8|          0|
    |p_read41105_reg_166166                |   8|   0|    8|          0|
    |p_read42106_reg_166157                |   8|   0|    8|          0|
    |p_read50114_reg_166087                |   8|   0|    8|          0|
    |p_read50114_reg_166087_pp0_iter1_reg  |   8|   0|    8|          0|
    |p_read51115_reg_166080                |   8|   0|    8|          0|
    |p_read51115_reg_166080_pp0_iter1_reg  |   8|   0|    8|          0|
    |p_read52116_reg_166071                |   8|   0|    8|          0|
    |p_read52116_reg_166071_pp0_iter1_reg  |   8|   0|    8|          0|
    |p_read569_reg_166461                  |   8|   0|    8|          0|
    |p_read60124_reg_166000                |   8|   0|    8|          0|
    |p_read60124_reg_166000_pp0_iter1_reg  |   8|   0|    8|          0|
    |p_read61125_reg_165992                |   8|   0|    8|          0|
    |p_read61125_reg_165992_pp0_iter1_reg  |   8|   0|    8|          0|
    |p_read62126_reg_165984                |   8|   0|    8|          0|
    |p_read670_reg_166453                  |   8|   0|    8|          0|
    |p_read771_reg_166444                  |   8|   0|    8|          0|
    |p_read872_reg_166437                  |   8|   0|    8|          0|
    |p_read973_reg_166430                  |   8|   0|    8|          0|
    |p_read_2537_reg_165975                |   8|   0|    8|          0|
    |p_read_2538_reg_166008                |   8|   0|    8|          0|
    |p_read_2538_reg_166008_pp0_iter1_reg  |   8|   0|    8|          0|
    |p_read_2539_reg_166017                |   8|   0|    8|          0|
    |p_read_2539_reg_166017_pp0_iter1_reg  |   8|   0|    8|          0|
    |p_read_2540_reg_166027                |   8|   0|    8|          0|
    |p_read_2540_reg_166027_pp0_iter1_reg  |   8|   0|    8|          0|
    |p_read_2541_reg_166036                |   8|   0|    8|          0|
    |p_read_2541_reg_166036_pp0_iter1_reg  |   8|   0|    8|          0|
    |p_read_2542_reg_166043                |   8|   0|    8|          0|
    |p_read_2542_reg_166043_pp0_iter1_reg  |   8|   0|    8|          0|
    |p_read_2543_reg_166051                |   8|   0|    8|          0|
    |p_read_2543_reg_166051_pp0_iter1_reg  |   8|   0|    8|          0|
    |p_read_2544_reg_166062                |   8|   0|    8|          0|
    |p_read_2544_reg_166062_pp0_iter1_reg  |   8|   0|    8|          0|
    |p_read_2545_reg_166094                |   8|   0|    8|          0|
    |p_read_2546_reg_166104                |   8|   0|    8|          0|
    |p_read_2546_reg_166104_pp0_iter1_reg  |   8|   0|    8|          0|
    |p_read_2547_reg_166113                |   8|   0|    8|          0|
    |p_read_2547_reg_166113_pp0_iter1_reg  |   8|   0|    8|          0|
    |p_read_2548_reg_166120                |   8|   0|    8|          0|
    |p_read_2549_reg_166129                |   8|   0|    8|          0|
    |p_read_2549_reg_166129_pp0_iter1_reg  |   8|   0|    8|          0|
    |p_read_2550_reg_166135                |   8|   0|    8|          0|
    |p_read_2551_reg_166147                |   8|   0|    8|          0|
    |p_read_2551_reg_166147_pp0_iter1_reg  |   8|   0|    8|          0|
    |p_read_2552_reg_166186                |   8|   0|    8|          0|
    |p_read_2552_reg_166186_pp0_iter1_reg  |   8|   0|    8|          0|
    |p_read_2553_reg_166194                |   8|   0|    8|          0|
    |p_read_2554_reg_166202                |   8|   0|    8|          0|
    |p_read_2555_reg_166211                |   8|   0|    8|          0|
    |sub_ln73_1876_reg_166488              |  11|   0|   13|          2|
    |sub_ln73_1880_reg_166498              |   9|   0|   11|          2|
    |sub_ln73_1882_reg_166513              |   9|   0|   12|          3|
    |sub_ln73_1890_reg_166523              |  16|   0|   16|          0|
    |sub_ln73_1896_reg_166533              |  16|   0|   16|          0|
    |sub_ln73_1919_reg_166538              |  16|   0|   16|          0|
    |sub_ln73_1989_reg_166868              |  16|   0|   16|          0|
    |sub_ln73_2105_reg_166548              |  16|   0|   16|          0|
    |sub_ln73_2107_reg_166558              |  16|   0|   16|          0|
    |zext_ln73_103_reg_166503              |   8|   0|   16|          8|
    |zext_ln73_2055_reg_166493             |   8|   0|   11|          3|
    |zext_ln73_2062_reg_166508             |   8|   0|   12|          4|
    |zext_ln73_2073_reg_166518             |   8|   0|   13|          5|
    |zext_ln73_2091_reg_166528             |   8|   0|   16|          8|
    |zext_ln73_2146_reg_166543             |   8|   0|   16|          8|
    |zext_ln73_2184_reg_166553             |   8|   0|   16|          8|
    |p_read_2537_reg_165975                |  64|  32|    8|          0|
    |p_read_2550_reg_166135                |  64|  32|    8|          0|
    +--------------------------------------+----+----+-----+-----------+
    |Total                                 |2864|  64| 2811|         59|
    +--------------------------------------+----+----+-----+-----------+



================================================================
== Interface
================================================================
* Summary: 
+-------------+-----+-----+------------+-----------------------------------------------------------------------------+--------------+
|  RTL Ports  | Dir | Bits|  Protocol  |                                Source Object                                |    C Type    |
+-------------+-----+-----+------------+-----------------------------------------------------------------------------+--------------+
|ap_clk       |   in|    1|  ap_ctrl_hs|  dense_latency<ap_ufixed<8, 0, 4, 0, 0>, ap_fixed<23, 8, 5, 3, 0>, config13>|  return value|
|ap_rst       |   in|    1|  ap_ctrl_hs|  dense_latency<ap_ufixed<8, 0, 4, 0, 0>, ap_fixed<23, 8, 5, 3, 0>, config13>|  return value|
|ap_start     |   in|    1|  ap_ctrl_hs|  dense_latency<ap_ufixed<8, 0, 4, 0, 0>, ap_fixed<23, 8, 5, 3, 0>, config13>|  return value|
|ap_done      |  out|    1|  ap_ctrl_hs|  dense_latency<ap_ufixed<8, 0, 4, 0, 0>, ap_fixed<23, 8, 5, 3, 0>, config13>|  return value|
|ap_continue  |   in|    1|  ap_ctrl_hs|  dense_latency<ap_ufixed<8, 0, 4, 0, 0>, ap_fixed<23, 8, 5, 3, 0>, config13>|  return value|
|ap_idle      |  out|    1|  ap_ctrl_hs|  dense_latency<ap_ufixed<8, 0, 4, 0, 0>, ap_fixed<23, 8, 5, 3, 0>, config13>|  return value|
|ap_ready     |  out|    1|  ap_ctrl_hs|  dense_latency<ap_ufixed<8, 0, 4, 0, 0>, ap_fixed<23, 8, 5, 3, 0>, config13>|  return value|
|ap_return_0  |  out|   22|  ap_ctrl_hs|  dense_latency<ap_ufixed<8, 0, 4, 0, 0>, ap_fixed<23, 8, 5, 3, 0>, config13>|  return value|
|ap_return_1  |  out|   22|  ap_ctrl_hs|  dense_latency<ap_ufixed<8, 0, 4, 0, 0>, ap_fixed<23, 8, 5, 3, 0>, config13>|  return value|
|ap_return_2  |  out|   21|  ap_ctrl_hs|  dense_latency<ap_ufixed<8, 0, 4, 0, 0>, ap_fixed<23, 8, 5, 3, 0>, config13>|  return value|
|ap_return_3  |  out|   22|  ap_ctrl_hs|  dense_latency<ap_ufixed<8, 0, 4, 0, 0>, ap_fixed<23, 8, 5, 3, 0>, config13>|  return value|
|ap_return_4  |  out|   22|  ap_ctrl_hs|  dense_latency<ap_ufixed<8, 0, 4, 0, 0>, ap_fixed<23, 8, 5, 3, 0>, config13>|  return value|
|p_read       |   in|    8|     ap_none|                                                                       p_read|        scalar|
|p_read1      |   in|    8|     ap_none|                                                                      p_read1|        scalar|
|p_read2      |   in|    8|     ap_none|                                                                      p_read2|        scalar|
|p_read3      |   in|    8|     ap_none|                                                                      p_read3|        scalar|
|p_read4      |   in|    8|     ap_none|                                                                      p_read4|        scalar|
|p_read5      |   in|    8|     ap_none|                                                                      p_read5|        scalar|
|p_read6      |   in|    8|     ap_none|                                                                      p_read6|        scalar|
|p_read7      |   in|    8|     ap_none|                                                                      p_read7|        scalar|
|p_read8      |   in|    8|     ap_none|                                                                      p_read8|        scalar|
|p_read9      |   in|    8|     ap_none|                                                                      p_read9|        scalar|
|p_read10     |   in|    8|     ap_none|                                                                     p_read10|        scalar|
|p_read11     |   in|    8|     ap_none|                                                                     p_read11|        scalar|
|p_read12     |   in|    8|     ap_none|                                                                     p_read12|        scalar|
|p_read13     |   in|    8|     ap_none|                                                                     p_read13|        scalar|
|p_read14     |   in|    8|     ap_none|                                                                     p_read14|        scalar|
|p_read15     |   in|    8|     ap_none|                                                                     p_read15|        scalar|
|p_read16     |   in|    8|     ap_none|                                                                     p_read16|        scalar|
|p_read17     |   in|    8|     ap_none|                                                                     p_read17|        scalar|
|p_read18     |   in|    8|     ap_none|                                                                     p_read18|        scalar|
|p_read19     |   in|    8|     ap_none|                                                                     p_read19|        scalar|
|p_read20     |   in|    8|     ap_none|                                                                     p_read20|        scalar|
|p_read21     |   in|    8|     ap_none|                                                                     p_read21|        scalar|
|p_read22     |   in|    8|     ap_none|                                                                     p_read22|        scalar|
|p_read23     |   in|    8|     ap_none|                                                                     p_read23|        scalar|
|p_read24     |   in|    8|     ap_none|                                                                     p_read24|        scalar|
|p_read25     |   in|    8|     ap_none|                                                                     p_read25|        scalar|
|p_read26     |   in|    8|     ap_none|                                                                     p_read26|        scalar|
|p_read27     |   in|    8|     ap_none|                                                                     p_read27|        scalar|
|p_read28     |   in|    8|     ap_none|                                                                     p_read28|        scalar|
|p_read29     |   in|    8|     ap_none|                                                                     p_read29|        scalar|
|p_read30     |   in|    8|     ap_none|                                                                     p_read30|        scalar|
|p_read31     |   in|    8|     ap_none|                                                                     p_read31|        scalar|
|p_read32     |   in|    8|     ap_none|                                                                     p_read32|        scalar|
|p_read33     |   in|    8|     ap_none|                                                                     p_read33|        scalar|
|p_read34     |   in|    8|     ap_none|                                                                     p_read34|        scalar|
|p_read35     |   in|    8|     ap_none|                                                                     p_read35|        scalar|
|p_read36     |   in|    8|     ap_none|                                                                     p_read36|        scalar|
|p_read37     |   in|    8|     ap_none|                                                                     p_read37|        scalar|
|p_read38     |   in|    8|     ap_none|                                                                     p_read38|        scalar|
|p_read39     |   in|    8|     ap_none|                                                                     p_read39|        scalar|
|p_read40     |   in|    8|     ap_none|                                                                     p_read40|        scalar|
|p_read41     |   in|    8|     ap_none|                                                                     p_read41|        scalar|
|p_read42     |   in|    8|     ap_none|                                                                     p_read42|        scalar|
|p_read43     |   in|    8|     ap_none|                                                                     p_read43|        scalar|
|p_read44     |   in|    8|     ap_none|                                                                     p_read44|        scalar|
|p_read45     |   in|    8|     ap_none|                                                                     p_read45|        scalar|
|p_read46     |   in|    8|     ap_none|                                                                     p_read46|        scalar|
|p_read47     |   in|    8|     ap_none|                                                                     p_read47|        scalar|
|p_read48     |   in|    8|     ap_none|                                                                     p_read48|        scalar|
|p_read49     |   in|    8|     ap_none|                                                                     p_read49|        scalar|
|p_read50     |   in|    8|     ap_none|                                                                     p_read50|        scalar|
|p_read51     |   in|    8|     ap_none|                                                                     p_read51|        scalar|
|p_read52     |   in|    8|     ap_none|                                                                     p_read52|        scalar|
|p_read53     |   in|    8|     ap_none|                                                                     p_read53|        scalar|
|p_read54     |   in|    8|     ap_none|                                                                     p_read54|        scalar|
|p_read55     |   in|    8|     ap_none|                                                                     p_read55|        scalar|
|p_read56     |   in|    8|     ap_none|                                                                     p_read56|        scalar|
|p_read57     |   in|    8|     ap_none|                                                                     p_read57|        scalar|
|p_read58     |   in|    8|     ap_none|                                                                     p_read58|        scalar|
|p_read59     |   in|    8|     ap_none|                                                                     p_read59|        scalar|
|p_read60     |   in|    8|     ap_none|                                                                     p_read60|        scalar|
|p_read61     |   in|    8|     ap_none|                                                                     p_read61|        scalar|
|p_read62     |   in|    8|     ap_none|                                                                     p_read62|        scalar|
|p_read63     |   in|    8|     ap_none|                                                                     p_read63|        scalar|
+-------------+-----+-----+------------+-----------------------------------------------------------------------------+--------------+

