

================================================================
== Vivado HLS Report for 'dense_latency_ap_ufixed_ap_fixed_22_7_5_3_0_config6_mult_0_0_0_0'
================================================================
* Date:           Fri Jul 25 03:44:30 2025

* Version:        2020.1 (Build 2897737 on Wed May 27 20:21:37 MDT 2020)
* Project:        myhls_prj
* Solution:       solution1
* Product family: virtexuplus
* Target device:  xcu250-figd2104-2L-e


================================================================
== Performance Estimates
================================================================
+ Timing: 
    * Summary: 
    +--------+---------+----------+------------+
    |  Clock |  Target | Estimated| Uncertainty|
    +--------+---------+----------+------------+
    |ap_clk  | 5.00 ns | 3.911 ns |   0.62 ns  |
    +--------+---------+----------+------------+

+ Latency: 
    * Summary: 
    +---------+---------+----------+----------+-----+-----+----------+
    |  Latency (cycles) |  Latency (absolute) |  Interval | Pipeline |
    |   min   |   max   |    min   |    max   | min | max |   Type   |
    +---------+---------+----------+----------+-----+-----+----------+
    |        1|        1| 5.000 ns | 5.000 ns |    1|    1| function |
    +---------+---------+----------+----------+-----+-----+----------+

    + Detail: 
        * Instance: 
        N/A

        * Loop: 
        N/A



================================================================
== Utilization Estimates
================================================================
* Summary: 
+---------------------+---------+-------+---------+---------+------+
|         Name        | BRAM_18K| DSP48E|    FF   |   LUT   | URAM |
+---------------------+---------+-------+---------+---------+------+
|DSP                  |        -|      -|        -|        -|     -|
|Expression           |        -|      0|        0|     4086|     -|
|FIFO                 |        -|      -|        -|        -|     -|
|Instance             |        -|      -|        -|        -|     -|
|Memory               |        -|      -|        -|        -|     -|
|Multiplexer          |        -|      -|        -|       27|     -|
|Register             |        -|      -|      376|        -|     -|
+---------------------+---------+-------+---------+---------+------+
|Total                |        0|      0|      376|     4113|     0|
+---------------------+---------+-------+---------+---------+------+
|Available SLR        |     1344|   3072|   864000|   432000|   320|
+---------------------+---------+-------+---------+---------+------+
|Utilization SLR (%)  |        0|      0|    ~0   |    ~0   |     0|
+---------------------+---------+-------+---------+---------+------+
|Available            |     5376|  12288|  3456000|  1728000|  1280|
+---------------------+---------+-------+---------+---------+------+
|Utilization (%)      |        0|      0|    ~0   |    ~0   |     0|
+---------------------+---------+-------+---------+---------+------+

+ Detail: 
    * Instance: 
    N/A

    * DSP48E: 
    N/A

    * Memory: 
    N/A

    * FIFO: 
    N/A

    * Expression: 
    +-----------------------------+----------+-------+---+----+------------+------------+
    |        Variable Name        | Operation| DSP48E| FF| LUT| Bitwidth P0| Bitwidth P1|
    +-----------------------------+----------+-------+---+----+------------+------------+
    |mul_ln1118_1746_fu_368_p2    |     *    |      0|  0|  40|           8|           7|
    |mul_ln1118_1747_fu_372_p2    |     *    |      0|  0|  40|           8|           7|
    |mul_ln1118_1748_fu_358_p2    |     *    |      0|  0|  40|           8|           8|
    |mul_ln1118_1749_fu_363_p2    |     *    |      0|  0|  40|           8|           7|
    |mul_ln1118_1750_fu_378_p2    |     *    |      0|  0|  40|           8|           8|
    |mul_ln1118_1751_fu_331_p2    |     *    |      0|  0|  40|           8|           8|
    |mul_ln1118_1752_fu_393_p2    |     *    |      0|  0|  40|           8|           8|
    |mul_ln1118_1753_fu_350_p2    |     *    |      0|  0|  40|           8|           7|
    |mul_ln1118_1754_fu_402_p2    |     *    |      0|  0|  40|           8|           5|
    |mul_ln1118_1755_fu_385_p2    |     *    |      0|  0|  40|           8|           7|
    |mul_ln1118_1756_fu_390_p2    |     *    |      0|  0|  40|           8|           7|
    |mul_ln1118_1757_fu_353_p2    |     *    |      0|  0|  40|           8|           6|
    |mul_ln1118_1758_fu_380_p2    |     *    |      0|  0|  40|           8|           7|
    |mul_ln1118_1759_fu_361_p2    |     *    |      0|  0|  40|           8|           7|
    |mul_ln1118_1760_fu_348_p2    |     *    |      0|  0|  40|           8|           4|
    |mul_ln1118_1761_fu_397_p2    |     *    |      0|  0|  40|           8|           6|
    |mul_ln1118_1762_fu_342_p2    |     *    |      0|  0|  40|           8|           7|
    |mul_ln1118_1763_fu_396_p2    |     *    |      0|  0|  40|           8|           7|
    |mul_ln1118_1764_fu_340_p2    |     *    |      0|  0|  40|           8|           7|
    |mul_ln1118_1765_fu_401_p2    |     *    |      0|  0|  40|           8|           7|
    |mul_ln1118_1766_fu_388_p2    |     *    |      0|  0|  40|           8|           7|
    |mul_ln1118_1767_fu_395_p2    |     *    |      0|  0|  40|           8|           8|
    |mul_ln1118_1768_fu_359_p2    |     *    |      0|  0|  40|           8|           8|
    |mul_ln1118_1769_fu_355_p2    |     *    |      0|  0|  40|           8|           7|
    |mul_ln1118_1770_fu_387_p2    |     *    |      0|  0|  40|           8|           8|
    |mul_ln1118_1771_fu_329_p2    |     *    |      0|  0|  40|           8|           7|
    |mul_ln1118_1772_fu_341_p2    |     *    |      0|  0|  40|           8|           7|
    |mul_ln1118_1773_fu_356_p2    |     *    |      0|  0|  40|           8|           5|
    |mul_ln1118_1774_fu_362_p2    |     *    |      0|  0|  40|           8|           6|
    |mul_ln1118_1775_fu_333_p2    |     *    |      0|  0|  40|           8|           7|
    |mul_ln1118_1776_fu_382_p2    |     *    |      0|  0|  40|           8|           7|
    |mul_ln1118_1777_fu_335_p2    |     *    |      0|  0|  40|           8|           5|
    |mul_ln1118_1778_fu_339_p2    |     *    |      0|  0|  40|           8|           8|
    |mul_ln1118_1779_fu_374_p2    |     *    |      0|  0|  40|           8|           7|
    |mul_ln1118_1780_fu_349_p2    |     *    |      0|  0|  40|           8|           7|
    |mul_ln1118_1781_fu_369_p2    |     *    |      0|  0|  40|           8|           7|
    |mul_ln1118_1782_fu_364_p2    |     *    |      0|  0|  40|           8|           7|
    |mul_ln1118_1783_fu_373_p2    |     *    |      0|  0|  40|           8|           7|
    |mul_ln1118_1784_fu_389_p2    |     *    |      0|  0|  40|           8|           7|
    |mul_ln1118_fu_344_p2         |     *    |      0|  0|  40|           8|           6|
    |acc_1_V_fu_13870_p2          |     +    |      0|  0|  21|          19|          19|
    |acc_2_V_fu_13880_p2          |     +    |      0|  0|  27|          20|          20|
    |add_ln1118_263_fu_12494_p2   |     +    |      0|  0|  22|          15|          15|
    |add_ln1118_264_fu_12999_p2   |     +    |      0|  0|  19|          12|          12|
    |add_ln1118_265_fu_13641_p2   |     +    |      0|  0|  22|          15|          15|
    |add_ln1118_fu_12423_p2       |     +    |      0|  0|  21|          14|          14|
    |add_ln703_4242_fu_13136_p2   |     +    |      0|  0|  21|          16|          13|
    |add_ln703_4243_fu_13156_p2   |     +    |      0|  0|  21|          16|          16|
    |add_ln703_4244_fu_13162_p2   |     +    |      0|  0|  21|          16|          16|
    |add_ln703_4245_fu_13172_p2   |     +    |      0|  0|  24|          17|          17|
    |add_ln703_4246_fu_13178_p2   |     +    |      0|  0|  24|          17|          17|
    |add_ln703_4247_fu_13184_p2   |     +    |      0|  0|  21|          17|          17|
    |add_ln703_4248_fu_13190_p2   |     +    |      0|  0|  21|          17|          17|
    |add_ln703_4249_fu_13196_p2   |     +    |      0|  0|  21|          17|          17|
    |add_ln703_4250_fu_13206_p2   |     +    |      0|  0|  23|          16|          16|
    |add_ln703_4251_fu_13695_p2   |     +    |      0|  0|  25|          18|          18|
    |add_ln703_4252_fu_13212_p2   |     +    |      0|  0|  24|          17|          17|
    |add_ln703_4253_fu_13704_p2   |     +    |      0|  0|  21|          18|          18|
    |add_ln703_4254_fu_13710_p2   |     +    |      0|  0|  21|          18|          18|
    |add_ln703_4255_fu_13218_p2   |     +    |      0|  0|  24|          17|          17|
    |add_ln703_4256_fu_13228_p2   |     +    |      0|  0|  21|          18|          18|
    |add_ln703_4257_fu_13234_p2   |     +    |      0|  0|  21|          13|          13|
    |add_ln703_4258_fu_13244_p2   |     +    |      0|  0|  22|          15|          15|
    |add_ln703_4259_fu_13254_p2   |     +    |      0|  0|  21|          18|          18|
    |add_ln703_4260_fu_13260_p2   |     +    |      0|  0|  21|          17|          17|
    |add_ln703_4261_fu_13270_p2   |     +    |      0|  0|  23|          16|          16|
    |add_ln703_4262_fu_13280_p2   |     +    |      0|  0|  25|          18|          18|
    |add_ln703_4263_fu_13286_p2   |     +    |      0|  0|  23|          16|          16|
    |add_ln703_4264_fu_13296_p2   |     +    |      0|  0|  20|          13|          13|
    |add_ln703_4265_fu_13306_p2   |     +    |      0|  0|  22|          15|          15|
    |add_ln703_4266_fu_13316_p2   |     +    |      0|  0|  24|          17|          17|
    |add_ln703_4267_fu_13726_p2   |     +    |      0|  0|  21|          18|          18|
    |add_ln703_4268_fu_13322_p2   |     +    |      0|  0|  24|          17|          17|
    |add_ln703_4269_fu_13734_p2   |     +    |      0|  0|  26|          19|          19|
    |add_ln703_4270_fu_13328_p2   |     +    |      0|  0|  23|          16|          16|
    |add_ln703_4271_fu_13338_p2   |     +    |      0|  0|  24|          17|          17|
    |add_ln703_4272_fu_13743_p2   |     +    |      0|  0|  21|          19|          19|
    |add_ln703_4273_fu_13344_p2   |     +    |      0|  0|  23|          16|          16|
    |add_ln703_4274_fu_13354_p2   |     +    |      0|  0|  24|          17|          17|
    |add_ln703_4275_fu_13364_p2   |     +    |      0|  0|  23|          16|          16|
    |add_ln703_4276_fu_13374_p2   |     +    |      0|  0|  21|          14|          14|
    |add_ln703_4277_fu_13384_p2   |     +    |      0|  0|  24|          17|          17|
    |add_ln703_4278_fu_13394_p2   |     +    |      0|  0|  25|          18|          18|
    |add_ln703_4279_fu_13752_p2   |     +    |      0|  0|  21|          19|          19|
    |add_ln703_4280_fu_13400_p2   |     +    |      0|  0|  24|          17|          17|
    |add_ln703_4281_fu_13765_p2   |     +    |      0|  0|  21|          18|          18|
    |add_ln703_4282_fu_13406_p2   |     +    |      0|  0|  21|          17|          17|
    |add_ln703_4283_fu_13412_p2   |     +    |      0|  0|  23|          16|          16|
    |add_ln703_4284_fu_13422_p2   |     +    |      0|  0|  21|          17|          17|
    |add_ln703_4285_fu_13778_p2   |     +    |      0|  0|  21|          19|          19|
    |add_ln703_4286_fu_13428_p2   |     +    |      0|  0|  23|          16|          16|
    |add_ln703_4287_fu_13438_p2   |     +    |      0|  0|  21|          18|          18|
    |add_ln703_4288_fu_13444_p2   |     +    |      0|  0|  23|          16|          16|
    |add_ln703_4289_fu_13454_p2   |     +    |      0|  0|  21|          14|          14|
    |add_ln703_4290_fu_13464_p2   |     +    |      0|  0|  24|          17|          17|
    |add_ln703_4291_fu_13474_p2   |     +    |      0|  0|  21|          18|          18|
    |add_ln703_4292_fu_13787_p2   |     +    |      0|  0|  21|          19|          19|
    |add_ln703_4293_fu_13797_p2   |     +    |      0|  0|  21|          20|          20|
    |add_ln703_4294_fu_13803_p2   |     +    |      0|  0|  24|          17|          17|
    |add_ln703_4295_fu_13813_p2   |     +    |      0|  0|  21|          20|          20|
    |add_ln703_4296_fu_13823_p2   |     +    |      0|  0|  21|          19|          19|
    |add_ln703_4297_fu_13480_p2   |     +    |      0|  0|  24|          17|          17|
    |add_ln703_4298_fu_13832_p2   |     +    |      0|  0|  21|          19|          19|
    |add_ln703_4299_fu_13838_p2   |     +    |      0|  0|  23|          16|          16|
    |add_ln703_4300_fu_13486_p2   |     +    |      0|  0|  21|          16|          16|
    |add_ln703_4301_fu_13492_p2   |     +    |      0|  0|  21|          16|          16|
    |add_ln703_4302_fu_13851_p2   |     +    |      0|  0|  24|          17|          17|
    |add_ln703_4303_fu_13861_p2   |     +    |      0|  0|  21|          19|          19|
    |add_ln703_4304_fu_13498_p2   |     +    |      0|  0|  21|          15|          15|
    |add_ln703_4305_fu_13504_p2   |     +    |      0|  0|  21|          14|          14|
    |add_ln703_4306_fu_13514_p2   |     +    |      0|  0|  21|          15|          15|
    |add_ln703_4307_fu_13524_p2   |     +    |      0|  0|  21|          13|          13|
    |add_ln703_4308_fu_13534_p2   |     +    |      0|  0|  19|          12|          12|
    |add_ln703_4309_fu_13544_p2   |     +    |      0|  0|  21|          14|          14|
    |add_ln703_4310_fu_13554_p2   |     +    |      0|  0|  22|          15|          15|
    |add_ln703_4311_fu_13564_p2   |     +    |      0|  0|  23|          16|          16|
    |add_ln703_fu_13126_p2        |     +    |      0|  0|  22|          15|          10|
    |sub_ln1118_1433_fu_12144_p2  |     -    |      0|  0|  21|          16|          16|
    |sub_ln1118_1434_fu_12208_p2  |     -    |      0|  0|  23|          16|          16|
    |sub_ln1118_1435_fu_12230_p2  |     -    |      0|  0|  21|           1|          14|
    |sub_ln1118_1436_fu_12240_p2  |     -    |      0|  0|  22|          15|          15|
    |sub_ln1118_1437_fu_12295_p2  |     -    |      0|  0|  23|           1|          16|
    |sub_ln1118_1438_fu_12325_p2  |     -    |      0|  0|  23|           1|          16|
    |sub_ln1118_1439_fu_12335_p2  |     -    |      0|  0|  23|          16|          16|
    |sub_ln1118_1440_fu_12353_p2  |     -    |      0|  0|  19|          12|          12|
    |sub_ln1118_1441_fu_12384_p2  |     -    |      0|  0|  23|          16|          16|
    |sub_ln1118_1442_fu_12454_p2  |     -    |      0|  0|  19|           1|          12|
    |sub_ln1118_1443_fu_12464_p2  |     -    |      0|  0|  21|          13|          13|
    |sub_ln1118_1444_fu_13588_p2  |     -    |      0|  0|  22|           1|          15|
    |sub_ln1118_1445_fu_13609_p2  |     -    |      0|  0|  23|          16|          16|
    |sub_ln1118_1446_fu_12563_p2  |     -    |      0|  0|  22|          15|          15|
    |sub_ln1118_1447_fu_12655_p2  |     -    |      0|  0|  21|           1|          14|
    |sub_ln1118_1448_fu_12665_p2  |     -    |      0|  0|  22|          15|          15|
    |sub_ln1118_1449_fu_12699_p2  |     -    |      0|  0|  20|          13|          13|
    |sub_ln1118_1450_fu_12743_p2  |     -    |      0|  0|  21|          14|          14|
    |sub_ln1118_1451_fu_12785_p2  |     -    |      0|  0|  20|          13|          13|
    |sub_ln1118_1452_fu_12807_p2  |     -    |      0|  0|  23|          16|          16|
    |sub_ln1118_1453_fu_12835_p2  |     -    |      0|  0|  23|           1|          16|
    |sub_ln1118_1454_fu_12862_p2  |     -    |      0|  0|  22|           1|          15|
    |sub_ln1118_1455_fu_12872_p2  |     -    |      0|  0|  23|          16|          16|
    |sub_ln1118_1456_fu_12894_p2  |     -    |      0|  0|  22|          15|          15|
    |sub_ln1118_1457_fu_12938_p2  |     -    |      0|  0|  23|          16|          16|
    |sub_ln1118_1458_fu_13009_p2  |     -    |      0|  0|  19|           1|          12|
    |sub_ln1118_1459_fu_13019_p2  |     -    |      0|  0|  20|          13|          13|
    |sub_ln1118_1460_fu_13053_p2  |     -    |      0|  0|  20|          13|          13|
    |sub_ln1118_1461_fu_13075_p2  |     -    |      0|  0|  23|           1|          16|
    |sub_ln1118_1462_fu_13675_p2  |     -    |      0|  0|  23|          16|          16|
    |sub_ln1118_1463_fu_13110_p2  |     -    |      0|  0|  19|           1|          12|
    |sub_ln1118_1464_fu_13120_p2  |     -    |      0|  0|  21|          13|          13|
    |sub_ln1118_1466_fu_12595_p2  |     -    |      0|  0|  23|          16|          16|
    |sub_ln1118_1467_fu_12633_p2  |     -    |      0|  0|  23|          16|          16|
    |sub_ln1118_fu_12134_p2       |     -    |      0|  0|  22|           1|          15|
    |sub_ln703_fu_13146_p2        |     -    |      0|  0|  23|          16|          16|
    +-----------------------------+----------+-------+---+----+------------+------------+
    |Total                        |          |      0|  0|4086|        1966|        2074|
    +-----------------------------+----------+-------+---+----+------------+------------+

    * Multiplexer: 
    +-------------+----+-----------+-----+-----------+
    |     Name    | LUT| Input Size| Bits| Total Bits|
    +-------------+----+-----------+-----+-----------+
    |ap_return_0  |   9|          2|   22|         44|
    |ap_return_1  |   9|          2|   22|         44|
    |ap_return_2  |   9|          2|   22|         44|
    +-------------+----+-----------+-----+-----------+
    |Total        |  27|          6|   66|        132|
    +-------------+----+-----------+-----+-----------+

    * Register: 
    +----------------------------+----+----+-----+-----------+
    |            Name            | FF | LUT| Bits| Const Bits|
    +----------------------------+----+----+-----+-----------+
    |add_ln703_4245_reg_13941    |  17|   0|   17|          0|
    |add_ln703_4250_reg_13946    |  15|   0|   16|          1|
    |add_ln703_4252_reg_13951    |  17|   0|   17|          0|
    |add_ln703_4259_reg_13956    |  18|   0|   18|          0|
    |add_ln703_4262_reg_13961    |  18|   0|   18|          0|
    |add_ln703_4266_reg_13966    |  17|   0|   17|          0|
    |add_ln703_4268_reg_13971    |  17|   0|   17|          0|
    |add_ln703_4271_reg_13976    |  17|   0|   17|          0|
    |add_ln703_4278_reg_13981    |  18|   0|   18|          0|
    |add_ln703_4280_reg_13986    |  15|   0|   17|          2|
    |add_ln703_4284_reg_13991    |  17|   0|   17|          0|
    |add_ln703_4291_reg_13996    |  18|   0|   18|          0|
    |add_ln703_4297_reg_14001    |  17|   0|   17|          0|
    |add_ln703_4301_reg_14006    |  16|   0|   16|          0|
    |add_ln703_4311_reg_14011    |  16|   0|   16|          0|
    |ap_ce_reg                   |   1|   0|    1|          0|
    |ap_return_0_int_reg         |  22|   0|   22|          0|
    |ap_return_1_int_reg         |  22|   0|   22|          0|
    |ap_return_2_int_reg         |  22|   0|   22|          0|
    |data_11_V_read_3_reg_13925  |   8|   0|    8|          0|
    |data_22_V_read_3_reg_13919  |   8|   0|    8|          0|
    |data_23_V_read_4_reg_13914  |   8|   0|    8|          0|
    |data_24_V_read_4_reg_13908  |   8|   0|    8|          0|
    |data_8_V_read11_reg_13931   |   8|   0|    8|          0|
    |sub_ln1118_1439_reg_13936   |  16|   0|   16|          0|
    +----------------------------+----+----+-----+-----------+
    |Total                       | 376|   0|  379|          3|
    +----------------------------+----+----+-----+-----------+



================================================================
== Interface
================================================================
* Summary: 
+----------------+-----+-----+------------+--------------------------------------------------------------------+--------------+
|    RTL Ports   | Dir | Bits|  Protocol  |                            Source Object                           |    C Type    |
+----------------+-----+-----+------------+--------------------------------------------------------------------+--------------+
|ap_clk          |  in |    1| ap_ctrl_hs | dense_latency<ap_ufixed,ap_fixed<22,7,5,3,0>,config6_mult>.0.0.0.0 | return value |
|ap_rst          |  in |    1| ap_ctrl_hs | dense_latency<ap_ufixed,ap_fixed<22,7,5,3,0>,config6_mult>.0.0.0.0 | return value |
|ap_return_0     | out |   22| ap_ctrl_hs | dense_latency<ap_ufixed,ap_fixed<22,7,5,3,0>,config6_mult>.0.0.0.0 | return value |
|ap_return_1     | out |   22| ap_ctrl_hs | dense_latency<ap_ufixed,ap_fixed<22,7,5,3,0>,config6_mult>.0.0.0.0 | return value |
|ap_return_2     | out |   22| ap_ctrl_hs | dense_latency<ap_ufixed,ap_fixed<22,7,5,3,0>,config6_mult>.0.0.0.0 | return value |
|ap_ce           |  in |    1| ap_ctrl_hs | dense_latency<ap_ufixed,ap_fixed<22,7,5,3,0>,config6_mult>.0.0.0.0 | return value |
|data_0_V_read   |  in |    8|   ap_none  |                            data_0_V_read                           |    scalar    |
|data_1_V_read   |  in |    8|   ap_none  |                            data_1_V_read                           |    scalar    |
|data_2_V_read   |  in |    8|   ap_none  |                            data_2_V_read                           |    scalar    |
|data_3_V_read   |  in |    8|   ap_none  |                            data_3_V_read                           |    scalar    |
|data_4_V_read   |  in |    8|   ap_none  |                            data_4_V_read                           |    scalar    |
|data_5_V_read   |  in |    8|   ap_none  |                            data_5_V_read                           |    scalar    |
|data_6_V_read   |  in |    8|   ap_none  |                            data_6_V_read                           |    scalar    |
|data_7_V_read   |  in |    8|   ap_none  |                            data_7_V_read                           |    scalar    |
|data_8_V_read   |  in |    8|   ap_none  |                            data_8_V_read                           |    scalar    |
|data_9_V_read   |  in |    8|   ap_none  |                            data_9_V_read                           |    scalar    |
|data_10_V_read  |  in |    8|   ap_none  |                           data_10_V_read                           |    scalar    |
|data_11_V_read  |  in |    8|   ap_none  |                           data_11_V_read                           |    scalar    |
|data_12_V_read  |  in |    8|   ap_none  |                           data_12_V_read                           |    scalar    |
|data_13_V_read  |  in |    8|   ap_none  |                           data_13_V_read                           |    scalar    |
|data_14_V_read  |  in |    8|   ap_none  |                           data_14_V_read                           |    scalar    |
|data_15_V_read  |  in |    8|   ap_none  |                           data_15_V_read                           |    scalar    |
|data_16_V_read  |  in |    8|   ap_none  |                           data_16_V_read                           |    scalar    |
|data_17_V_read  |  in |    8|   ap_none  |                           data_17_V_read                           |    scalar    |
|data_18_V_read  |  in |    8|   ap_none  |                           data_18_V_read                           |    scalar    |
|data_19_V_read  |  in |    8|   ap_none  |                           data_19_V_read                           |    scalar    |
|data_20_V_read  |  in |    8|   ap_none  |                           data_20_V_read                           |    scalar    |
|data_21_V_read  |  in |    8|   ap_none  |                           data_21_V_read                           |    scalar    |
|data_22_V_read  |  in |    8|   ap_none  |                           data_22_V_read                           |    scalar    |
|data_23_V_read  |  in |    8|   ap_none  |                           data_23_V_read                           |    scalar    |
|data_24_V_read  |  in |    8|   ap_none  |                           data_24_V_read                           |    scalar    |
+----------------+-----+-----+------------+--------------------------------------------------------------------+--------------+

